
> autonomous-backend-incident-recovery-agent-backend@1.0.0 test
> jest --detectOpenHandles --forceExit

  console.log
    [system-health] Deployment mode: SINGLE_INSTANCE

      at new log (services/infrastructure/systemHealthService.js:26:13)

  console.log
    [lock] 🔒 Lock safety enforced by systemHealthService (dynamic based on deployment mode)

      at new log (services/infrastructure/distributedLockService.js:32:13)

  console.log
    [db] Connected to MongoDB at mongodb://127.0.0.1:27017/autonomous_incident_agent

      at log (services/infrastructure/dbService.js:12:13)

  console.log
    [auth] ✓ undefined undefined | tenant=test-auth-tenant | key=test-key-123

      at log (middleware/authMiddleware.js:160:13)

  console.error
    [auth] Middleware error: Input buffers must have the same byte length

    [0m [90m 164 |[39m     next()[33m;[39m
     [90m 165 |[39m   } [36mcatch[39m (error) {
    [31m[1m>[22m[39m[90m 166 |[39m     console[33m.[39merror([32m"[auth] Middleware error:"[39m[33m,[39m error[33m.[39mmessage)[33m;[39m
     [90m     |[39m             [31m[1m^[22m[39m
     [90m 167 |[39m     res[33m.[39mstatus([35m500[39m)[33m.[39mjson({
     [90m 168 |[39m       error[33m:[39m [32m"Authentication service error"[39m[33m,[39m
     [90m 169 |[39m       code[33m:[39m [32m"AUTH_ERROR"[39m[33m,[39m[0m

      at error (middleware/authMiddleware.js:166:13)
      at Object.<anonymous> (tests/middleware/authMiddleware.test.js:299:7)

  console.log
    [auth] ✓ undefined undefined | tenant=test-auth-tenant | key=test-key-123

      at log (middleware/authMiddleware.js:160:13)

  console.warn
    [auth] Signature mismatch for tenant test-auth-tenant key test-key-123

    [0m [90m 139 |[39m
     [90m 140 |[39m     [36mif[39m ([33m![39msignatureMatches) {
    [31m[1m>[22m[39m[90m 141 |[39m       console[33m.[39mwarn(
     [90m     |[39m               [31m[1m^[22m[39m
     [90m 142 |[39m         [32m`[auth] Signature mismatch for tenant ${tenantId} key ${keyId}`[39m
     [90m 143 |[39m       )[33m;[39m
     [90m 144 |[39m       [36mreturn[39m res[33m.[39mstatus([35m401[39m)[33m.[39mjson({[0m

      at warn (middleware/authMiddleware.js:141:15)
      at Object.<anonymous> (tests/middleware/authMiddleware.test.js:363:7)

  console.warn
    [auth] Signature mismatch for tenant test-auth-tenant key test-key-123

    [0m [90m 139 |[39m
     [90m 140 |[39m     [36mif[39m ([33m![39msignatureMatches) {
    [31m[1m>[22m[39m[90m 141 |[39m       console[33m.[39mwarn(
     [90m     |[39m               [31m[1m^[22m[39m
     [90m 142 |[39m         [32m`[auth] Signature mismatch for tenant ${tenantId} key ${keyId}`[39m
     [90m 143 |[39m       )[33m;[39m
     [90m 144 |[39m       [36mreturn[39m res[33m.[39mstatus([35m401[39m)[33m.[39mjson({[0m

      at warn (middleware/authMiddleware.js:141:15)
      at Object.<anonymous> (tests/middleware/authMiddleware.test.js:570:9)

  console.warn
    [auth] Signature mismatch for tenant test-auth-tenant key test-key-123

    [0m [90m 139 |[39m
     [90m 140 |[39m     [36mif[39m ([33m![39msignatureMatches) {
    [31m[1m>[22m[39m[90m 141 |[39m       console[33m.[39mwarn(
     [90m     |[39m               [31m[1m^[22m[39m
     [90m 142 |[39m         [32m`[auth] Signature mismatch for tenant ${tenantId} key ${keyId}`[39m
     [90m 143 |[39m       )[33m;[39m
     [90m 144 |[39m       [36mreturn[39m res[33m.[39mstatus([35m401[39m)[33m.[39mjson({[0m

      at warn (middleware/authMiddleware.js:141:15)
      at Object.<anonymous> (tests/middleware/authMiddleware.test.js:570:9)

  console.warn
    [auth] Signature mismatch for tenant test-auth-tenant key test-key-123

    [0m [90m 139 |[39m
     [90m 140 |[39m     [36mif[39m ([33m![39msignatureMatches) {
    [31m[1m>[22m[39m[90m 141 |[39m       console[33m.[39mwarn(
     [90m     |[39m               [31m[1m^[22m[39m
     [90m 142 |[39m         [32m`[auth] Signature mismatch for tenant ${tenantId} key ${keyId}`[39m
     [90m 143 |[39m       )[33m;[39m
     [90m 144 |[39m       [36mreturn[39m res[33m.[39mstatus([35m401[39m)[33m.[39mjson({[0m

      at warn (middleware/authMiddleware.js:141:15)
      at Object.<anonymous> (tests/middleware/authMiddleware.test.js:570:9)

FAIL tests/middleware/authMiddleware.test.js
  Auth Middleware Security Tests
    Header Validation
      √ should reject missing Authorization header (134 ms)
      √ should reject invalid auth scheme (85 ms)
      √ should reject malformed credentials (27 ms)
      √ should reject missing X-Timestamp header (20 ms)
      √ should reject missing X-Idempotency-Key header (21 ms)
      √ should reject missing X-Signature header (38 ms)
    Timestamp Validation
      √ should reject stale timestamps (> 5 minutes) (20 ms)
      √ should accept fresh timestamps (< 5 minutes) (30 ms)
    Signature Verification
      × should reject invalid signature (36 ms)
      √ should accept valid signature (26 ms)
      √ should reject signature with modified body (31 ms)
    API Key Validation
      √ should reject inactive API key (35 ms)
      √ should reject rotated API key (29 ms)
    Tenant Validation
      √ should reject missing tenant (24 ms)
      √ should reject inactive tenant (23 ms)
    Timing-Safe Signature Comparison
      √ should use timing-safe comparison to prevent timing attacks (44 ms)

  ● Auth Middleware Security Tests › Signature Verification › should reject invalid signature

    expect(jest.fn()).toHaveBeenCalledWith(...expected)

    Expected: 401
    Received: 500

    Number of calls: 1

    [0m [90m 299 |[39m       [36mawait[39m authMiddleware(req[33m,[39m res[33m,[39m next)[33m;[39m
     [90m 300 |[39m
    [31m[1m>[22m[39m[90m 301 |[39m       expect(res[33m.[39mstatus)[33m.[39mtoHaveBeenCalledWith([35m401[39m)[33m;[39m
     [90m     |[39m                          [31m[1m^[22m[39m
     [90m 302 |[39m       expect(res[33m.[39mjson)[33m.[39mtoHaveBeenCalledWith(
     [90m 303 |[39m         expect[33m.[39mobjectContaining({
     [90m 304 |[39m           code[33m:[39m [32m'INVALID_SIGNATURE'[39m[0m

      at Object.toHaveBeenCalledWith (tests/middleware/authMiddleware.test.js:301:26)

  console.log
    [system-health] Deployment mode: SINGLE_INSTANCE

      at new log (services/infrastructure/systemHealthService.js:26:13)

  console.log
    [lock] 🔒 Lock safety enforced by systemHealthService (dynamic based on deployment mode)

      at new log (services/infrastructure/distributedLockService.js:32:13)

(node:17032) [MONGOOSE] Warning: Duplicate schema index on {"timestamp":1} found. This is often due to declaring an index using both "index: true" and "schema.index()". Please remove the duplicate index definition.
(Use `node --trace-warnings ...` to show where the warning was created)
  console.log
    [db] Connected to MongoDB at mongodb://127.0.0.1:27017/autonomous_incident_agent

      at log (services/infrastructure/dbService.js:12:13)

FAIL tests/integration/agentIntegration.test.js
  Agent Integration Tests
    Analysis Agent
      × should analyze signals and detect incidents (3 ms)
      × should correlate related service errors (1 ms)
      × should filter out unrelated signals (1 ms)
      × should handle multiple severity levels (1 ms)
    Decision Agent
      × should make decisions based on incident context (1 ms)
      × should evaluate policies before making decisions
      × should apply confidence thresholds (1 ms)
      × should require approval for dangerous actions (1 ms)
      × should reject decisions when confidence too low (1 ms)
    Action Agent
      × should execute approved actions (1 ms)
      × should reject unapproved dangerous actions (1 ms)
      × should handle safe actions without approval
      × should timeout long-running actions (5 ms)
      × should track action execution history (1 ms)
    Batch Decision Agent
      × should process multiple incidents in batch (1 ms)
      × should handle mixed severity incidents (1 ms)
      × should optimize batch processing for performance (1 ms)
      × should handle empty batch gracefully (1 ms)
      × should handle invalid incidents in batch (1 ms)
    Agent Cooperation Workflow
      × should execute complete incident resolution workflow (1 ms)
      × should handle escalation to human review (1 ms)
      × should learn from feedback loop (1 ms)
    Agent Error Handling
      √ should handle missing tenant context (1 ms)
      √ should handle invalid signals (2 ms)
      × should handle concurrent agent calls (1 ms)
    Agent Performance
      × should analyze signals within SLA (1 ms)
      × should make decisions within SLA (1 ms)
      × should execute actions within timeout (1 ms)

  ● Agent Integration Tests › Analysis Agent › should analyze signals and detect incidents

    TypeError: analysisAgent.analyzeSignals is not a function

    [0m [90m 40 |[39m       }[33m;[39m
     [90m 41 |[39m
    [31m[1m>[22m[39m[90m 42 |[39m       [36mconst[39m result [33m=[39m [36mawait[39m analysisAgent[33m.[39manalyzeSignals([33mTEST_TENANT[39m[33m,[39m signals)[33m;[39m
     [90m    |[39m                                          [31m[1m^[22m[39m
     [90m 43 |[39m
     [90m 44 |[39m       expect(result)[33m.[39mtoBeDefined()[33m;[39m
     [90m 45 |[39m       expect(result[33m.[39mincidentDetected)[33m.[39mtoBe([36mtrue[39m)[33m;[39m[0m

      at Object.analyzeSignals (tests/integration/agentIntegration.test.js:42:42)

  ● Agent Integration Tests › Analysis Agent › should correlate related service errors

    TypeError: analysisAgent.correlateSignals is not a function

    [0m [90m 55 |[39m       }[33m;[39m
     [90m 56 |[39m
    [31m[1m>[22m[39m[90m 57 |[39m       [36mconst[39m result [33m=[39m [36mawait[39m analysisAgent[33m.[39mcorrelateSignals([33mTEST_TENANT[39m[33m,[39m signals)[33m;[39m
     [90m    |[39m                                          [31m[1m^[22m[39m
     [90m 58 |[39m
     [90m 59 |[39m       expect(result)[33m.[39mtoBeDefined()[33m;[39m
     [90m 60 |[39m       expect(result[33m.[39mcorrelatedServices)[33m.[39mtoBeDefined()[33m;[39m[0m

      at Object.correlateSignals (tests/integration/agentIntegration.test.js:57:42)

  ● Agent Integration Tests › Analysis Agent › should filter out unrelated signals

    TypeError: analysisAgent.analyzeSignals is not a function

    [0m [90m 73 |[39m       }[33m;[39m
     [90m 74 |[39m
    [31m[1m>[22m[39m[90m 75 |[39m       [36mconst[39m result [33m=[39m [36mawait[39m analysisAgent[33m.[39manalyzeSignals([33mTEST_TENANT[39m[33m,[39m signals)[33m;[39m
     [90m    |[39m                                          [31m[1m^[22m[39m
     [90m 76 |[39m
     [90m 77 |[39m       [90m// Low severity signals should not trigger incident[39m
     [90m 78 |[39m       expect(result[33m.[39mincidentDetected)[33m.[39mtoBe([36mfalse[39m)[33m;[39m[0m

      at Object.analyzeSignals (tests/integration/agentIntegration.test.js:75:42)

  ● Agent Integration Tests › Analysis Agent › should handle multiple severity levels

    TypeError: analysisAgent.categorizeSeverity is not a function

    [0m [90m 88 |[39m
     [90m 89 |[39m       testCases[33m.[39mforEach(testCase [33m=>[39m {
    [31m[1m>[22m[39m[90m 90 |[39m         [36mconst[39m result [33m=[39m analysisAgent[33m.[39mcategorizeSeverity(testCase[33m.[39merrorRate)[33m;[39m
     [90m    |[39m                                      [31m[1m^[22m[39m
     [90m 91 |[39m         expect([[32m'LOW'[39m[33m,[39m [32m'MEDIUM'[39m[33m,[39m [32m'HIGH'[39m[33m,[39m [32m'CRITICAL'[39m])[33m.[39mtoContain(result)[33m;[39m
     [90m 92 |[39m       })[33m;[39m
     [90m 93 |[39m     })[33m;[39m[0m

      at categorizeSeverity (tests/integration/agentIntegration.test.js:90:38)
          at Array.forEach (<anonymous>)
      at Object.forEach (tests/integration/agentIntegration.test.js:89:17)

  ● Agent Integration Tests › Decision Agent › should make decisions based on incident context

    TypeError: decisionAgent.makeDecision is not a function

    [0m [90m 104 |[39m       }[33m;[39m
     [90m 105 |[39m
    [31m[1m>[22m[39m[90m 106 |[39m       [36mconst[39m decision [33m=[39m [36mawait[39m decisionAgent[33m.[39mmakeDecision([33mTEST_TENANT[39m[33m,[39m incidentContext)[33m;[39m
     [90m     |[39m                                            [31m[1m^[22m[39m
     [90m 107 |[39m
     [90m 108 |[39m       expect(decision)[33m.[39mtoBeDefined()[33m;[39m
     [90m 109 |[39m       expect([[32m'EXECUTE'[39m[33m,[39m [32m'ESCALATE'[39m[33m,[39m [32m'OBSERVE'[39m])[33m.[39mtoContain(decision[33m.[39maction)[33m;[39m[0m

      at Object.makeDecision (tests/integration/agentIntegration.test.js:106:44)

  ● Agent Integration Tests › Decision Agent › should evaluate policies before making decisions

    TypeError: decisionAgent.makeDecision is not a function

    [0m [90m 118 |[39m       }[33m;[39m
     [90m 119 |[39m
    [31m[1m>[22m[39m[90m 120 |[39m       [36mconst[39m decision [33m=[39m [36mawait[39m decisionAgent[33m.[39mmakeDecision([33mTEST_TENANT[39m[33m,[39m incidentContext)[33m;[39m
     [90m     |[39m                                            [31m[1m^[22m[39m
     [90m 121 |[39m
     [90m 122 |[39m       expect(decision[33m.[39mpolicyEvaluated)[33m.[39mtoBe([36mtrue[39m)[33m;[39m
     [90m 123 |[39m       expect(decision[33m.[39mpolicyApproved)[33m.[39mtoBeDefined()[33m;[39m[0m

      at Object.makeDecision (tests/integration/agentIntegration.test.js:120:44)

  ● Agent Integration Tests › Decision Agent › should apply confidence thresholds

    TypeError: decisionAgent.makeDecision is not a function

    [0m [90m 137 |[39m       }[33m;[39m
     [90m 138 |[39m
    [31m[1m>[22m[39m[90m 139 |[39m       [36mconst[39m lowConfidenceDecision [33m=[39m [36mawait[39m decisionAgent[33m.[39mmakeDecision([33mTEST_TENANT[39m[33m,[39m lowConfidenceContext)[33m;[39m
     [90m     |[39m                                                         [31m[1m^[22m[39m
     [90m 140 |[39m       [36mconst[39m highConfidenceDecision [33m=[39m [36mawait[39m decisionAgent[33m.[39mmakeDecision([33mTEST_TENANT[39m[33m,[39m highConfidenceContext)[33m;[39m
     [90m 141 |[39m
     [90m 142 |[39m       [90m// Low confidence should escalate rather than execute[39m[0m

      at Object.makeDecision (tests/integration/agentIntegration.test.js:139:57)

  ● Agent Integration Tests › Decision Agent › should require approval for dangerous actions

    TypeError: decisionAgent.makeDecision is not a function

    [0m [90m 155 |[39m       }[33m;[39m
     [90m 156 |[39m
    [31m[1m>[22m[39m[90m 157 |[39m       [36mconst[39m decision [33m=[39m [36mawait[39m decisionAgent[33m.[39mmakeDecision([33mTEST_TENANT[39m[33m,[39m criticalContext)[33m;[39m
     [90m     |[39m                                            [31m[1m^[22m[39m
     [90m 158 |[39m
     [90m 159 |[39m       [36mif[39m (decision[33m.[39maction [33m===[39m [32m'EXECUTE'[39m) {
     [90m 160 |[39m         expect(decision[33m.[39mapprovalRequired)[33m.[39mtoBe([36mtrue[39m)[33m;[39m[0m

      at Object.makeDecision (tests/integration/agentIntegration.test.js:157:44)

  ● Agent Integration Tests › Decision Agent › should reject decisions when confidence too low

    TypeError: decisionAgent.makeDecision is not a function

    [0m [90m 169 |[39m       }[33m;[39m
     [90m 170 |[39m
    [31m[1m>[22m[39m[90m 171 |[39m       [36mconst[39m decision [33m=[39m [36mawait[39m decisionAgent[33m.[39mmakeDecision([33mTEST_TENANT[39m[33m,[39m veryLowConfidenceContext)[33m;[39m
     [90m     |[39m                                            [31m[1m^[22m[39m
     [90m 172 |[39m
     [90m 173 |[39m       expect(decision[33m.[39maction)[33m.[39mnot[33m.[39mtoBe([32m'EXECUTE'[39m)[33m;[39m
     [90m 174 |[39m     })[33m;[39m[0m

      at Object.makeDecision (tests/integration/agentIntegration.test.js:171:44)

  ● Agent Integration Tests › Action Agent › should execute approved actions

    TypeError: actionAgent.executeAction is not a function

    [0m [90m 187 |[39m       }[33m;[39m
     [90m 188 |[39m
    [31m[1m>[22m[39m[90m 189 |[39m       [36mconst[39m result [33m=[39m [36mawait[39m actionAgent[33m.[39mexecuteAction([33mTEST_TENANT[39m[33m,[39m action[33m,[39m [36mtrue[39m)[33m;[39m [90m// approved[39m
     [90m     |[39m                                        [31m[1m^[22m[39m
     [90m 190 |[39m
     [90m 191 |[39m       expect(result)[33m.[39mtoBeDefined()[33m;[39m
     [90m 192 |[39m       expect(result[33m.[39mstatus)[33m.[39mtoBeDefined()[33m;[39m[0m

      at Object.executeAction (tests/integration/agentIntegration.test.js:189:40)

  ● Agent Integration Tests › Action Agent › should reject unapproved dangerous actions

    TypeError: actionAgent.executeAction is not a function

    [0m [90m 202 |[39m       }[33m;[39m
     [90m 203 |[39m
    [31m[1m>[22m[39m[90m 204 |[39m       [36mconst[39m result [33m=[39m [36mawait[39m actionAgent[33m.[39mexecuteAction([33mTEST_TENANT[39m[33m,[39m dangerousAction[33m,[39m [36mfalse[39m)[33m;[39m [90m// not approved[39m
     [90m     |[39m                                        [31m[1m^[22m[39m
     [90m 205 |[39m
     [90m 206 |[39m       expect(result[33m.[39mstatus)[33m.[39mtoBe([32m'REJECTED'[39m)[33m;[39m
     [90m 207 |[39m       expect(result[33m.[39mreason)[33m.[39mtoContain([32m'approval'[39m)[33m;[39m[0m

      at Object.executeAction (tests/integration/agentIntegration.test.js:204:40)

  ● Agent Integration Tests › Action Agent › should handle safe actions without approval

    TypeError: actionAgent.executeAction is not a function

    [0m [90m 216 |[39m       }[33m;[39m
     [90m 217 |[39m
    [31m[1m>[22m[39m[90m 218 |[39m       [36mconst[39m result [33m=[39m [36mawait[39m actionAgent[33m.[39mexecuteAction([33mTEST_TENANT[39m[33m,[39m safeAction[33m,[39m [36mfalse[39m)[33m;[39m
     [90m     |[39m                                        [31m[1m^[22m[39m
     [90m 219 |[39m
     [90m 220 |[39m       expect([[32m'INITIATED'[39m[33m,[39m [32m'RUNNING'[39m[33m,[39m [32m'COMPLETED'[39m[33m,[39m [32m'FAILED'[39m])[33m.[39mtoContain(result[33m.[39mstatus)[33m;[39m
     [90m 221 |[39m     })[33m;[39m[0m

      at Object.executeAction (tests/integration/agentIntegration.test.js:218:40)

  ● Agent Integration Tests › Action Agent › should timeout long-running actions

    TypeError: actionAgent.executeAction is not a function

    [0m [90m 231 |[39m       }[33m;[39m
     [90m 232 |[39m
    [31m[1m>[22m[39m[90m 233 |[39m       [36mconst[39m result [33m=[39m [36mawait[39m actionAgent[33m.[39mexecuteAction([33mTEST_TENANT[39m[33m,[39m slowAction[33m,[39m [36mtrue[39m)[33m;[39m
     [90m     |[39m                                        [31m[1m^[22m[39m
     [90m 234 |[39m
     [90m 235 |[39m       [90m// May timeout or complete, depending on implementation[39m
     [90m 236 |[39m       expect(result[33m.[39mstatus)[33m.[39mtoBeDefined()[33m;[39m[0m

      at Object.executeAction (tests/integration/agentIntegration.test.js:233:40)

  ● Agent Integration Tests › Action Agent › should track action execution history

    TypeError: actionAgent.executeAction is not a function

    [0m [90m 245 |[39m       }[33m;[39m
     [90m 246 |[39m
    [31m[1m>[22m[39m[90m 247 |[39m       [36mconst[39m result [33m=[39m [36mawait[39m actionAgent[33m.[39mexecuteAction([33mTEST_TENANT[39m[33m,[39m action[33m,[39m [36mtrue[39m)[33m;[39m
     [90m     |[39m                                        [31m[1m^[22m[39m
     [90m 248 |[39m
     [90m 249 |[39m       expect(result[33m.[39mexecutionId)[33m.[39mtoBeDefined()[33m;[39m
     [90m 250 |[39m       expect(result[33m.[39mtimestamp)[33m.[39mtoBeDefined()[33m;[39m[0m

      at Object.executeAction (tests/integration/agentIntegration.test.js:247:40)

  ● Agent Integration Tests › Batch Decision Agent › should process multiple incidents in batch

    TypeError: batchDecisionAgent.processBatch is not a function

    [0m [90m 276 |[39m       ][33m;[39m
     [90m 277 |[39m
    [31m[1m>[22m[39m[90m 278 |[39m       [36mconst[39m results [33m=[39m [36mawait[39m batchDecisionAgent[33m.[39mprocessBatch([33mTEST_TENANT[39m[33m,[39m incidents)[33m;[39m
     [90m     |[39m                                                [31m[1m^[22m[39m
     [90m 279 |[39m
     [90m 280 |[39m       expect(results)[33m.[39mtoBeDefined()[33m;[39m
     [90m 281 |[39m       expect(results[33m.[39mlength)[33m.[39mtoBe(incidents[33m.[39mlength)[33m;[39m[0m

      at Object.processBatch (tests/integration/agentIntegration.test.js:278:48)

  ● Agent Integration Tests › Batch Decision Agent › should handle mixed severity incidents

    TypeError: batchDecisionAgent.processBatch is not a function

    [0m [90m 292 |[39m       ][33m;[39m
     [90m 293 |[39m
    [31m[1m>[22m[39m[90m 294 |[39m       [36mconst[39m results [33m=[39m [36mawait[39m batchDecisionAgent[33m.[39mprocessBatch([33mTEST_TENANT[39m[33m,[39m incidents)[33m;[39m
     [90m     |[39m                                                [31m[1m^[22m[39m
     [90m 295 |[39m
     [90m 296 |[39m       expect(results[33m.[39mlength)[33m.[39mtoBe([35m2[39m)[33m;[39m
     [90m 297 |[39m       expect(results[[35m0[39m][33m.[39mdecision)[33m.[39mtoBeDefined()[33m;[39m[0m

      at Object.processBatch (tests/integration/agentIntegration.test.js:294:48)

  ● Agent Integration Tests › Batch Decision Agent › should optimize batch processing for performance

    TypeError: batchDecisionAgent.processBatch is not a function

    [0m [90m 308 |[39m
     [90m 309 |[39m       [36mconst[39m startTime [33m=[39m [33mDate[39m[33m.[39mnow()[33m;[39m
    [31m[1m>[22m[39m[90m 310 |[39m       [36mconst[39m results [33m=[39m [36mawait[39m batchDecisionAgent[33m.[39mprocessBatch([33mTEST_TENANT[39m[33m,[39m manyIncidents)[33m;[39m
     [90m     |[39m                                                [31m[1m^[22m[39m
     [90m 311 |[39m       [36mconst[39m elapsed [33m=[39m [33mDate[39m[33m.[39mnow() [33m-[39m startTime[33m;[39m
     [90m 312 |[39m
     [90m 313 |[39m       expect(results[33m.[39mlength)[33m.[39mtoBe(manyIncidents[33m.[39mlength)[33m;[39m[0m

      at Object.processBatch (tests/integration/agentIntegration.test.js:310:48)

  ● Agent Integration Tests › Batch Decision Agent › should handle empty batch gracefully

    TypeError: batchDecisionAgent.processBatch is not a function

    [0m [90m 318 |[39m       [36mconst[39m emptyBatch [33m=[39m [][33m;[39m
     [90m 319 |[39m
    [31m[1m>[22m[39m[90m 320 |[39m       [36mconst[39m results [33m=[39m [36mawait[39m batchDecisionAgent[33m.[39mprocessBatch([33mTEST_TENANT[39m[33m,[39m emptyBatch)[33m;[39m
     [90m     |[39m                                                [31m[1m^[22m[39m
     [90m 321 |[39m
     [90m 322 |[39m       expect(results)[33m.[39mtoBeDefined()[33m;[39m
     [90m 323 |[39m       expect(results[33m.[39mlength)[33m.[39mtoBe([35m0[39m)[33m;[39m[0m

      at Object.processBatch (tests/integration/agentIntegration.test.js:320:48)

  ● Agent Integration Tests › Batch Decision Agent › should handle invalid incidents in batch

    TypeError: batchDecisionAgent.processBatch is not a function

    [0m [90m 331 |[39m       ][33m;[39m
     [90m 332 |[39m
    [31m[1m>[22m[39m[90m 333 |[39m       [36mconst[39m results [33m=[39m [36mawait[39m batchDecisionAgent[33m.[39mprocessBatch([33mTEST_TENANT[39m[33m,[39m mixedBatch)[33m;[39m
     [90m     |[39m                                                [31m[1m^[22m[39m
     [90m 334 |[39m
     [90m 335 |[39m       [90m// Should process valid incidents and handle/skip invalid ones[39m
     [90m 336 |[39m       expect(results)[33m.[39mtoBeDefined()[33m;[39m[0m

      at Object.processBatch (tests/integration/agentIntegration.test.js:333:48)

  ● Agent Integration Tests › Agent Cooperation Workflow › should execute complete incident resolution workflow

    TypeError: analysisAgent.analyzeSignals is not a function

    [0m [90m 349 |[39m       }[33m;[39m
     [90m 350 |[39m
    [31m[1m>[22m[39m[90m 351 |[39m       [36mconst[39m analysis [33m=[39m [36mawait[39m analysisAgent[33m.[39manalyzeSignals([33mTEST_TENANT[39m[33m,[39m signals)[33m;[39m
     [90m     |[39m                                            [31m[1m^[22m[39m
     [90m 352 |[39m       expect(analysis[33m.[39mincidentDetected)[33m.[39mtoBe([36mtrue[39m)[33m;[39m
     [90m 353 |[39m
     [90m 354 |[39m       [90m// Step 2: Decision Agent makes decision[39m[0m

      at Object.analyzeSignals (tests/integration/agentIntegration.test.js:351:44)

  ● Agent Integration Tests › Agent Cooperation Workflow › should handle escalation to human review

    TypeError: analysisAgent.analyzeSignals is not a function

    [0m [90m 382 |[39m       }[33m;[39m
     [90m 383 |[39m
    [31m[1m>[22m[39m[90m 384 |[39m       [36mconst[39m analysis [33m=[39m [36mawait[39m analysisAgent[33m.[39manalyzeSignals([33mTEST_TENANT[39m[33m,[39m signals)[33m;[39m
     [90m     |[39m                                            [31m[1m^[22m[39m
     [90m 385 |[39m       [36mconst[39m decision [33m=[39m [36mawait[39m decisionAgent[33m.[39mmakeDecision([33mTEST_TENANT[39m[33m,[39m {
     [90m 386 |[39m         severity[33m:[39m analysis[33m.[39mseverity[33m,[39m
     [90m 387 |[39m         errorRate[33m:[39m signals[33m.[39merrorRate[33m,[39m[0m

      at Object.analyzeSignals (tests/integration/agentIntegration.test.js:384:44)

  ● Agent Integration Tests › Agent Cooperation Workflow › should learn from feedback loop

    TypeError: analysisAgent.analyzeSignals is not a function

    [0m [90m 401 |[39m       }[33m;[39m
     [90m 402 |[39m
    [31m[1m>[22m[39m[90m 403 |[39m       [36mconst[39m analysis [33m=[39m [36mawait[39m analysisAgent[33m.[39manalyzeSignals([33mTEST_TENANT[39m[33m,[39m signals)[33m;[39m
     [90m     |[39m                                            [31m[1m^[22m[39m
     [90m 404 |[39m       [36mconst[39m decision [33m=[39m [36mawait[39m decisionAgent[33m.[39mmakeDecision([33mTEST_TENANT[39m[33m,[39m {
     [90m 405 |[39m         severity[33m:[39m analysis[33m.[39mseverity[33m,[39m
     [90m 406 |[39m         errorRate[33m:[39m signals[33m.[39merrorRate[33m,[39m[0m

      at Object.analyzeSignals (tests/integration/agentIntegration.test.js:403:44)

  ● Agent Integration Tests › Agent Error Handling › should handle concurrent agent calls

    TypeError: analysisAgent.analyzeSignals is not a function

    [0m [90m 460 |[39m       [36mconst[39m promises [33m=[39m [][33m;[39m
     [90m 461 |[39m       [36mfor[39m ([36mlet[39m i [33m=[39m [35m0[39m[33m;[39m i [33m<[39m [35m10[39m[33m;[39m i[33m++[39m) {
    [31m[1m>[22m[39m[90m 462 |[39m         promises[33m.[39mpush(analysisAgent[33m.[39manalyzeSignals([33mTEST_TENANT[39m[33m,[39m signals))[33m;[39m
     [90m     |[39m                                     [31m[1m^[22m[39m
     [90m 463 |[39m       }
     [90m 464 |[39m
     [90m 465 |[39m       [36mconst[39m results [33m=[39m [36mawait[39m [33mPromise[39m[33m.[39mall(promises)[33m;[39m[0m

      at Object.analyzeSignals (tests/integration/agentIntegration.test.js:462:37)

  ● Agent Integration Tests › Agent Performance › should analyze signals within SLA

    TypeError: analysisAgent.analyzeSignals is not a function

    [0m [90m 480 |[39m
     [90m 481 |[39m       [36mconst[39m startTime [33m=[39m [33mDate[39m[33m.[39mnow()[33m;[39m
    [31m[1m>[22m[39m[90m 482 |[39m       [36mconst[39m result [33m=[39m [36mawait[39m analysisAgent[33m.[39manalyzeSignals([33mTEST_TENANT[39m[33m,[39m signals)[33m;[39m
     [90m     |[39m                                          [31m[1m^[22m[39m
     [90m 483 |[39m       [36mconst[39m elapsed [33m=[39m [33mDate[39m[33m.[39mnow() [33m-[39m startTime[33m;[39m
     [90m 484 |[39m
     [90m 485 |[39m       expect(result)[33m.[39mtoBeDefined()[33m;[39m[0m

      at Object.analyzeSignals (tests/integration/agentIntegration.test.js:482:42)

  ● Agent Integration Tests › Agent Performance › should make decisions within SLA

    TypeError: decisionAgent.makeDecision is not a function

    [0m [90m 495 |[39m
     [90m 496 |[39m       [36mconst[39m startTime [33m=[39m [33mDate[39m[33m.[39mnow()[33m;[39m
    [31m[1m>[22m[39m[90m 497 |[39m       [36mconst[39m result [33m=[39m [36mawait[39m decisionAgent[33m.[39mmakeDecision([33mTEST_TENANT[39m[33m,[39m context)[33m;[39m
     [90m     |[39m                                          [31m[1m^[22m[39m
     [90m 498 |[39m       [36mconst[39m elapsed [33m=[39m [33mDate[39m[33m.[39mnow() [33m-[39m startTime[33m;[39m
     [90m 499 |[39m
     [90m 500 |[39m       expect(result)[33m.[39mtoBeDefined()[33m;[39m[0m

      at Object.makeDecision (tests/integration/agentIntegration.test.js:497:42)

  ● Agent Integration Tests › Agent Performance › should execute actions within timeout

    TypeError: actionAgent.executeAction is not a function

    [0m [90m 511 |[39m
     [90m 512 |[39m       [36mconst[39m startTime [33m=[39m [33mDate[39m[33m.[39mnow()[33m;[39m
    [31m[1m>[22m[39m[90m 513 |[39m       [36mconst[39m result [33m=[39m [36mawait[39m actionAgent[33m.[39mexecuteAction([33mTEST_TENANT[39m[33m,[39m action[33m,[39m [36mtrue[39m)[33m;[39m
     [90m     |[39m                                        [31m[1m^[22m[39m
     [90m 514 |[39m       [36mconst[39m elapsed [33m=[39m [33mDate[39m[33m.[39mnow() [33m-[39m startTime[33m;[39m
     [90m 515 |[39m
     [90m 516 |[39m       expect(result)[33m.[39mtoBeDefined()[33m;[39m[0m

      at Object.executeAction (tests/integration/agentIntegration.test.js:513:40)

FAIL tests/phase3-chaos.test.js
  PHASE 3: Chaos Testing
    Chaos Framework Basics
      √ should create chaos test framework (2 ms)
      √ should register failures (2 ms)
      √ should deactivate failures (2 ms)
      √ should record test results (1 ms)
      √ should generate test report (3 ms)
      √ should clear results (2 ms)
    Database Chaos Scenarios
      √ should simulate database unavailability (187 ms)
      √ should simulate slow queries (265 ms)
      √ should simulate intermittent failures (4 ms)
      √ should verify graceful degradation on DB failure (3 ms)
    Queue Chaos Scenarios
      √ should simulate queue saturation (3 ms)
      √ should simulate message delays (2 ms)
      √ should verify no message loss under queue saturation (2 ms)
      √ should verify message ordering preserved (2 ms)
    External Service Chaos
      √ should simulate slow external service (4 ms)
      √ should simulate service timeout (2 ms)
      √ should simulate service unavailable (7 ms)
      √ should verify circuit breaker engages (1 ms)
    High Load / Incident Storm
      × should handle incident storm without crashing (4 ms)
      × should measure throughput under load (2 ms)
      √ should verify no memory leaks under sustained load (3 ms)
      √ should verify graceful degradation under extreme load (3 ms)
    Recovery and Resilience
      √ should recover from transient database failures (2 ms)
      √ should recover from transient queue issues (2 ms)
      √ should survive cascading failures (1 ms)
    Chaos Test Reporting
      √ should generate comprehensive chaos test report (3 ms)
  PHASE 3: Chaos Testing Production Readiness
    √ should identify critical failure points (1 ms)
    √ should validate all safety gates under stress (2 ms)
    √ chaos test coverage checklist (2 ms)

  ● PHASE 3: Chaos Testing › High Load / Incident Storm › should handle incident storm without crashing

    expect(received).toBe(expected) // Object.is equality

    Expected: 100
    Received: undefined

    [0m [90m 303 |[39m       [36mconst[39m incidents [33m=[39m [33mLoadChaosInjector[39m[33m.[39minjectIncidentStorm(incidentCount[33m,[39m [36mnull[39m)[33m;[39m
     [90m 304 |[39m
    [31m[1m>[22m[39m[90m 305 |[39m       expect(incidents[33m.[39mlength)[33m.[39mtoBe(incidentCount)[33m;[39m
     [90m     |[39m                                [31m[1m^[22m[39m
     [90m 306 |[39m       expect(incidents[[35m0[39m])[33m.[39mtoHaveProperty([32m'id'[39m)[33m;[39m
     [90m 307 |[39m       expect(incidents[[35m0[39m])[33m.[39mtoHaveProperty([32m'severity'[39m)[33m;[39m
     [90m 308 |[39m       expect(incidents[[35m0[39m])[33m.[39mtoHaveProperty([32m'pattern'[39m)[33m;[39m[0m

      at Object.toBe (tests/phase3-chaos.test.js:305:32)

  ● PHASE 3: Chaos Testing › High Load / Incident Storm › should measure throughput under load

    TypeError: incidents is not iterable

    [0m [90m 372 |[39m     [36mconst[39m results [33m=[39m [][33m;[39m
     [90m 373 |[39m
    [31m[1m>[22m[39m[90m 374 |[39m     [36mfor[39m ([36mconst[39m incident [36mof[39m incidents) {
     [90m     |[39m                            [31m[1m^[22m[39m
     [90m 375 |[39m       [36mtry[39m {
     [90m 376 |[39m         [36mconst[39m decisionStartTime [33m=[39m [33mDate[39m[33m.[39mnow()[33m;[39m
     [90m 377 |[39m         [36mconst[39m decision [33m=[39m [36mawait[39m decisionEngine[33m.[39mmakeDecision(incident)[33m;[39m[0m

      at Function.incidents [as measureLoadResponse] (services/chaos/chaosTestFramework.js:374:28)
      at Object.measureLoadResponse (tests/phase3-chaos.test.js:318:47)

FAIL tests/middleware/rateLimitingMiddleware.test.js
  Rate Limiting Middleware Security Tests
    Rate Limit Enforcement
      √ should allow requests within limit (2 ms)
      √ should block requests exceeding limit (1 ms)
      √ should track remaining requests correctly (2 ms)
      √ should provide reset information (2 ms)
    Operation Type Limits
      √ should apply different limits to different operation types (4 ms)
      √ should use default limits when not specified (1 ms)
      √ should respect custom per-tenant limits (9 ms)
    DOS Prevention
      √ should prevent high-frequency requests (3 ms)
      √ should isolate rate limits per tenant (1 ms)
      √ should reset counters after time window (1 ms)
    In-Memory Fallback
      √ should use in-memory fallback when Redis unavailable (1 ms)
      √ should store counters in-memory correctly (1 ms)
      √ should handle concurrent requests correctly (1 ms)
    Edge Cases
      × should handle zero limit gracefully (2 ms)
      √ should handle very high limits (3 ms)
      √ should handle special characters in tenant ID (1 ms)
      √ should track separate limits for long-running processes (2 ms)
    Error Handling
      √ should handle null tenant gracefully (2 ms)
      √ should handle undefined operation type (1 ms)
      √ should provide consistent response format (4 ms)
    Performance
      √ should handle rate limit check in < 10ms (2 ms)

  ● Rate Limiting Middleware Security Tests › Edge Cases › should handle zero limit gracefully

    expect(received).toBe(expected) // Object.is equality

    Expected: false
    Received: true

    [0m [90m 205 |[39m     test([32m'should handle zero limit gracefully'[39m[33m,[39m [36masync[39m () [33m=>[39m {
     [90m 206 |[39m       [36mconst[39m result [33m=[39m [36mawait[39m rateLimiter[33m.[39mcheckLimit([33mTEST_TENANT[39m[33m,[39m [32m'api'[39m[33m,[39m [35m0[39m)[33m;[39m
    [31m[1m>[22m[39m[90m 207 |[39m       expect(result[33m.[39mallowed)[33m.[39mtoBe([36mfalse[39m)[33m;[39m
     [90m     |[39m                              [31m[1m^[22m[39m
     [90m 208 |[39m     })[33m;[39m
     [90m 209 |[39m
     [90m 210 |[39m     test([32m'should handle very high limits'[39m[33m,[39m [36masync[39m () [33m=>[39m {[0m

      at Object.toBe (tests/middleware/rateLimitingMiddleware.test.js:207:30)

FAIL tests/middleware/inputValidationMiddleware.test.js
  Input Validation Middleware Security Tests
    Decision Making Input Validation
      √ should accept valid decision request (4 ms)
      √ should reject negative error rate (3 ms)
      √ should reject error rate > 100 (1 ms)
      √ should reject negative response time (1 ms)
      √ should reject invalid severity level (1 ms)
      √ should reject too many affected services (1 ms)
      √ should reject unknown fields (1 ms)
      √ should strip SQL injection attempts in strings (1 ms)
    Action Execution Input Validation
      √ should accept valid action execution request (1 ms)
      √ should reject invalid action type (1 ms)
      √ should reject missing actionId (1 ms)
      √ should reject actionId exceeding max length (1 ms)
      √ should accept all valid action types (6 ms)
    Feedback Input Validation
      √ should accept valid feedback submission
      √ should reject invalid outcome (1 ms)
      √ should reject negative recovery time (1 ms)
      √ should reject notes exceeding max length
      √ should accept all valid outcomes (2 ms)
    Policy Update Input Validation
      √ should accept valid policy update
      √ should reject missing policyYaml
      √ should reject missing createdBy (1 ms)
      √ should reject policyYaml exceeding max length (1 ms)
      √ should reject createdBy exceeding max length (1 ms)
    Configuration Update Input Validation
      √ should accept valid configuration update (1 ms)
      √ should reject rate limits below minimum (1 ms)
      √ should reject rate limits exceeding maximum (1 ms)
      √ should accept partial configuration updates (1 ms)
    Input Sanitization Requirements
      √ should validate but NOT sanitize XSS attempts in notes (1 ms)
      √ should reject extremely large payloads
      √ should reject deeply nested objects (1 ms)
    Type Coercion and Validation
      × should accept numeric values for rate limits (4 ms)
      √ should reject non-boolean values for boolean fields (2 ms)
    Array Validation
      √ should not accept more than 100 services (1 ms)
      √ should accept up to 100 services (2 ms)

  ● Input Validation Middleware Security Tests › Type Coercion and Validation › should accept numeric values for rate limits

    expect(received).toBe(expected) // Object.is equality

    Expected: "string"
    Received: "number"

    [0m [90m 449 |[39m       [36mconst[39m { error[33m,[39m value } [33m=[39m schema[33m.[39mvalidate(input[33m,[39m { convert[33m:[39m [36mtrue[39m })[33m;[39m
     [90m 450 |[39m       expect(error)[33m.[39mtoBeUndefined()[33m;[39m
    [31m[1m>[22m[39m[90m 451 |[39m       expect([36mtypeof[39m value[33m.[39mrateLimits[33m.[39mdecision)[33m.[39mtoBe([32m'string'[39m [33m||[39m [32m'number'[39m)[33m;[39m
     [90m     |[39m                                                [31m[1m^[22m[39m
     [90m 452 |[39m     })[33m;[39m
     [90m 453 |[39m
     [90m 454 |[39m     test([32m'should reject non-boolean values for boolean fields'[39m[33m,[39m () [33m=>[39m {[0m

      at Object.toBe (tests/middleware/inputValidationMiddleware.test.js:451:48)

  console.warn
    [tenant-isolation] Tenant ID mismatch: URL=different-tenant vs Auth=test-tenant-123

    [0m [90m 22 |[39m     [90m// Verify tenantId matches[39m
     [90m 23 |[39m     [36mif[39m (tenantIdFromUrl [33m&&[39m tenantIdFromUrl [33m!==[39m tenantIdFromAuth) {
    [31m[1m>[22m[39m[90m 24 |[39m       console[33m.[39mwarn(
     [90m    |[39m               [31m[1m^[22m[39m
     [90m 25 |[39m         [32m`[tenant-isolation] Tenant ID mismatch: URL=${tenantIdFromUrl} vs Auth=${tenantIdFromAuth}`[39m
     [90m 26 |[39m       )[33m;[39m
     [90m 27 |[39m       [36mreturn[39m res[33m.[39mstatus([35m403[39m)[33m.[39mjson({[0m

      at warn (middleware/tenantIsolationMiddleware.js:24:15)
      at Object.tenantIsolationMiddleware (tests/middleware/tenantIsolationMiddleware.test.js:71:7)

  console.log
    [tenant-isolation] ✓ Verified tenant=test-tenant-123 | POST /api/decision

      at log (middleware/tenantIsolationMiddleware.js:63:13)

  console.log
    [tenant-isolation] ✓ Verified tenant=test-tenant-123 | GET /api/config

      at log (middleware/tenantIsolationMiddleware.js:63:13)

  console.warn
    [tenant-isolation] Tenant ID mismatch in body: Body=different-tenant vs Auth=test-tenant-123

    [0m [90m 33 |[39m     [90m// Verify tenantId in request body doesn't differ[39m
     [90m 34 |[39m     [36mif[39m (req[33m.[39mbody [33m&&[39m req[33m.[39mbody[33m.[39mtenantId [33m&&[39m req[33m.[39mbody[33m.[39mtenantId [33m!==[39m tenantIdFromAuth) {
    [31m[1m>[22m[39m[90m 35 |[39m       console[33m.[39mwarn(
     [90m    |[39m               [31m[1m^[22m[39m
     [90m 36 |[39m         [32m`[tenant-isolation] Tenant ID mismatch in body: Body=${req.body.tenantId} vs Auth=${tenantIdFromAuth}`[39m
     [90m 37 |[39m       )[33m;[39m
     [90m 38 |[39m       [36mreturn[39m res[33m.[39mstatus([35m403[39m)[33m.[39mjson({[0m

      at warn (middleware/tenantIsolationMiddleware.js:35:15)
      at Object.tenantIsolationMiddleware (tests/middleware/tenantIsolationMiddleware.test.js:143:7)

  console.log
    [tenant-isolation] ✓ Verified tenant=test-tenant-123 | POST /api/decision

      at log (middleware/tenantIsolationMiddleware.js:63:13)

  console.log
    [tenant-isolation] ✓ Verified tenant=test-tenant-123 | POST /api/decision

      at log (middleware/tenantIsolationMiddleware.js:63:13)

  console.log
    [tenant-isolation] ✓ Verified tenant=test-tenant-123 | GET /api/config

      at log (middleware/tenantIsolationMiddleware.js:63:13)

  console.log
    [tenant-isolation] ✓ Verified tenant=test-tenant-123 | GET /api/config

      at log (middleware/tenantIsolationMiddleware.js:63:13)

  console.log
    [tenant-isolation] ✓ Verified tenant=test-tenant-123 | GET /api/config

      at log (middleware/tenantIsolationMiddleware.js:63:13)

  console.log
    [tenant-isolation] ✓ Verified tenant=test-tenant-123 | GET /api/config

      at log (middleware/tenantIsolationMiddleware.js:63:13)

  console.log
    [tenant-isolation] ✓ Verified tenant=test-tenant-123 | PATCH /api/config

      at log (middleware/tenantIsolationMiddleware.js:63:13)

  console.log
    [tenant-isolation] ✓ Verified tenant=test-tenant-123 | PATCH /api/config

      at log (middleware/tenantIsolationMiddleware.js:63:13)

  console.log
    [tenant-isolation] ✓ Verified tenant=test-tenant-123 | PATCH /api/config

      at log (middleware/tenantIsolationMiddleware.js:63:13)

  console.warn
    [tenant-isolation] Tenant ID mismatch: URL=tenant-b vs Auth=tenant-a

    [0m [90m 22 |[39m     [90m// Verify tenantId matches[39m
     [90m 23 |[39m     [36mif[39m (tenantIdFromUrl [33m&&[39m tenantIdFromUrl [33m!==[39m tenantIdFromAuth) {
    [31m[1m>[22m[39m[90m 24 |[39m       console[33m.[39mwarn(
     [90m    |[39m               [31m[1m^[22m[39m
     [90m 25 |[39m         [32m`[tenant-isolation] Tenant ID mismatch: URL=${tenantIdFromUrl} vs Auth=${tenantIdFromAuth}`[39m
     [90m 26 |[39m       )[33m;[39m
     [90m 27 |[39m       [36mreturn[39m res[33m.[39mstatus([35m403[39m)[33m.[39mjson({[0m

      at warn (middleware/tenantIsolationMiddleware.js:24:15)
      at Object.tenantIsolationMiddleware (tests/middleware/tenantIsolationMiddleware.test.js:438:7)

  console.warn
    [tenant-isolation] Tenant ID mismatch in body: Body=tenant-b vs Auth=tenant-a

    [0m [90m 33 |[39m     [90m// Verify tenantId in request body doesn't differ[39m
     [90m 34 |[39m     [36mif[39m (req[33m.[39mbody [33m&&[39m req[33m.[39mbody[33m.[39mtenantId [33m&&[39m req[33m.[39mbody[33m.[39mtenantId [33m!==[39m tenantIdFromAuth) {
    [31m[1m>[22m[39m[90m 35 |[39m       console[33m.[39mwarn(
     [90m    |[39m               [31m[1m^[22m[39m
     [90m 36 |[39m         [32m`[tenant-isolation] Tenant ID mismatch in body: Body=${req.body.tenantId} vs Auth=${tenantIdFromAuth}`[39m
     [90m 37 |[39m       )[33m;[39m
     [90m 38 |[39m       [36mreturn[39m res[33m.[39mstatus([35m403[39m)[33m.[39mjson({[0m

      at warn (middleware/tenantIsolationMiddleware.js:35:15)
      at Object.tenantIsolationMiddleware (tests/middleware/tenantIsolationMiddleware.test.js:463:7)

  console.warn
    [tenant-isolation] Tenant ID mismatch in body: Body=tenant-a'; DROP TABLE tenants; -- vs Auth=tenant-a

    [0m [90m 33 |[39m     [90m// Verify tenantId in request body doesn't differ[39m
     [90m 34 |[39m     [36mif[39m (req[33m.[39mbody [33m&&[39m req[33m.[39mbody[33m.[39mtenantId [33m&&[39m req[33m.[39mbody[33m.[39mtenantId [33m!==[39m tenantIdFromAuth) {
    [31m[1m>[22m[39m[90m 35 |[39m       console[33m.[39mwarn(
     [90m    |[39m               [31m[1m^[22m[39m
     [90m 36 |[39m         [32m`[tenant-isolation] Tenant ID mismatch in body: Body=${req.body.tenantId} vs Auth=${tenantIdFromAuth}`[39m
     [90m 37 |[39m       )[33m;[39m
     [90m 38 |[39m       [36mreturn[39m res[33m.[39mstatus([35m403[39m)[33m.[39mjson({[0m

      at warn (middleware/tenantIsolationMiddleware.js:35:15)
      at Object.tenantIsolationMiddleware (tests/middleware/tenantIsolationMiddleware.test.js:487:7)

  console.log
    [tenant-isolation] ✓ Verified tenant=test-tenant-123 | GET /api/config

      at log (middleware/tenantIsolationMiddleware.js:63:13)

  console.warn
    [tenant-isolation] Tenant ID mismatch: URL=test-tenant vs Auth=Test-Tenant

    [0m [90m 22 |[39m     [90m// Verify tenantId matches[39m
     [90m 23 |[39m     [36mif[39m (tenantIdFromUrl [33m&&[39m tenantIdFromUrl [33m!==[39m tenantIdFromAuth) {
    [31m[1m>[22m[39m[90m 24 |[39m       console[33m.[39mwarn(
     [90m    |[39m               [31m[1m^[22m[39m
     [90m 25 |[39m         [32m`[tenant-isolation] Tenant ID mismatch: URL=${tenantIdFromUrl} vs Auth=${tenantIdFromAuth}`[39m
     [90m 26 |[39m       )[33m;[39m
     [90m 27 |[39m       [36mreturn[39m res[33m.[39mstatus([35m403[39m)[33m.[39mjson({[0m

      at warn (middleware/tenantIsolationMiddleware.js:24:15)
      at Object.tenantIsolationMiddleware (tests/middleware/tenantIsolationMiddleware.test.js:553:7)

FAIL tests/middleware/tenantIsolationMiddleware.test.js
  Tenant Isolation Middleware Security Tests
    Tenant Context Validation
      √ should reject missing tenant context (2 ms)
      √ should require tenant to be attached by authMiddleware (1 ms)
    Tenant ID Matching
      √ should enforce URL tenant ID matches authenticated tenant (8 ms)
      √ should allow matching tenant IDs (3 ms)
      √ should allow missing URL tenant ID if required by route (2 ms)
    Request Body Tenant ID Validation
      √ should reject body tenant ID mismatch (4 ms)
      √ should allow body without tenant ID (2 ms)
      √ should allow matching body tenant ID (7 ms)
      √ should handle empty body (2 ms)
    Safe Query Helpers
      √ should provide withTenantId query helper (2 ms)
      √ withTenantId should inject tenant ID into queries (2 ms)
      √ withTenantId should work with empty query (1 ms)
      √ should provide withTenantUpdate helper (2 ms)
      √ withTenantUpdate should format updates for MongoDB (2 ms)
      √ withTenantUpdate should prevent tenantId overwriting (4 ms)
    Logging and Auditing
      √ should log successful tenant verification (3 ms)
      √ should warn on tenant ID mismatch (2 ms)
    Cross-Tenant Attack Prevention
      √ should prevent accessing another tenant's data via URL manipulation (3 ms)
      √ should prevent accessing another tenant's data via body injection (3 ms)
      √ should prevent database query injection via tenant ID (4 ms)
    Error Handling
      √ should handle errors gracefully (4 ms)
      × should respond with 500 on middleware error (1 ms)
    Case Sensitivity
      √ should perform case-sensitive tenant ID matching (7 ms)

  ● Tenant Isolation Middleware Security Tests › Error Handling › should respond with 500 on middleware error

    expect(jest.fn()).toHaveBeenCalledWith(...expected)

    Expected: 500
    Received: 401

    Number of calls: 1

    [0m [90m 530 |[39m
     [90m 531 |[39m       [36mif[39m (res[33m.[39mstatus[33m.[39mmock[33m.[39mcalls[33m.[39mlength [33m>[39m [35m0[39m) {
    [31m[1m>[22m[39m[90m 532 |[39m         expect(res[33m.[39mstatus)[33m.[39mtoHaveBeenCalledWith([35m500[39m)[33m;[39m
     [90m     |[39m                            [31m[1m^[22m[39m
     [90m 533 |[39m       }
     [90m 534 |[39m     })[33m;[39m
     [90m 535 |[39m   })[33m;[39m[0m

      at Object.toHaveBeenCalledWith (tests/middleware/tenantIsolationMiddleware.test.js:532:28)

  console.log
    [system-health] Deployment mode: SINGLE_INSTANCE

      at new log (services/infrastructure/systemHealthService.js:26:13)

  console.log
    [lock] 🔒 Lock safety enforced by systemHealthService (dynamic based on deployment mode)

      at new log (services/infrastructure/distributedLockService.js:32:13)

  console.log
    
    ✅ Scenario 1 Complete

      at Object.log (tests/validation/sre-validation-comprehensive.test.js:213:15)

  console.log
       - Decisions made: 15

      at Object.log (tests/validation/sre-validation-comprehensive.test.js:214:15)

  console.log
       - Avg latency: 0.40ms

      at Object.log (tests/validation/sre-validation-comprehensive.test.js:215:15)

  console.log
       - All latencies <500ms: true

      at Object.log (tests/validation/sre-validation-comprehensive.test.js:216:15)

  console.log
    
    ✅ Scenario 2 Complete

      at Object.log (tests/validation/sre-validation-comprehensive.test.js:308:15)

  console.log
       - Services affected: 4

      at Object.log (tests/validation/sre-validation-comprehensive.test.js:309:15)

  console.log
       - Root cause detected: true

      at Object.log (tests/validation/sre-validation-comprehensive.test.js:310:15)

  console.log
       - Cascade depth: 3

      at Object.log (tests/validation/sre-validation-comprehensive.test.js:311:15)

  console.log
       - Decision latency: 1ms

      at Object.log (tests/validation/sre-validation-comprehensive.test.js:312:15)

  console.log
    
    ✅ Scenario 3 Complete

      at Object.log (tests/validation/sre-validation-comprehensive.test.js:394:15)

  console.log
       - Failures detected: 3

      at Object.log (tests/validation/sre-validation-comprehensive.test.js:395:15)

  console.log
       - Circuit breaker activated: true

      at Object.log (tests/validation/sre-validation-comprehensive.test.js:396:15)

  console.log
       - Idempotency enforced: false

      at Object.log (tests/validation/sre-validation-comprehensive.test.js:397:15)

  console.log
       - Policy denials: 1

      at Object.log (tests/validation/sre-validation-comprehensive.test.js:398:15)

  console.log
    
    ✅ Scenario 4 Complete

      at Object.log (tests/validation/sre-validation-comprehensive.test.js:499:15)

  console.log
       - Total signals ingested: 1,00,000

      at Object.log (tests/validation/sre-validation-comprehensive.test.js:500:15)

  console.log
       - Throughput: 9163 signals/sec

      at Object.log (tests/validation/sre-validation-comprehensive.test.js:501:15)

  console.log
       - Success rate: 100%

      at Object.log (tests/validation/sre-validation-comprehensive.test.js:502:15)

  console.log
       - Avg decision latency: 0.00ms

      at Object.log (tests/validation/sre-validation-comprehensive.test.js:503:15)

  console.log
       - Memory used: 24.30 MB

      at Object.log (tests/validation/sre-validation-comprehensive.test.js:504:15)

  console.log
    
    ✅ Scenario 5 Complete

      at Object.log (tests/validation/sre-validation-comprehensive.test.js:594:15)

  console.log
       - Cycles run: 20

      at Object.log (tests/validation/sre-validation-comprehensive.test.js:595:15)

  console.log
       - Successful: 16, Failed: 4

      at Object.log (tests/validation/sre-validation-comprehensive.test.js:596:15)

  console.log
       - Success rate: 80%

      at Object.log (tests/validation/sre-validation-comprehensive.test.js:597:15)

  console.log
       - High-confidence accuracy: 84.62%

      at Object.log (tests/validation/sre-validation-comprehensive.test.js:598:15)

  console.log
       - Weight adjustments: 9

      at Object.log (tests/validation/sre-validation-comprehensive.test.js:599:15)

  console.log
    
    ✅ Scenario 6 Complete

      at Object.log (tests/validation/sre-validation-comprehensive.test.js:680:15)

  console.log
       - Simulations run: 15

      at Object.log (tests/validation/sre-validation-comprehensive.test.js:681:15)

  console.log
       - Avg prediction error: 45.33%

      at Object.log (tests/validation/sre-validation-comprehensive.test.js:682:15)

  console.log
       - Risk classifications correct: 100.00%

      at Object.log (tests/validation/sre-validation-comprehensive.test.js:683:15)

  console.log
       - Predictions vs actual:

      at Object.log (tests/validation/sre-validation-comprehensive.test.js:684:15)

  console.log
         restart: predicted=3000ms, actual=2500ms, error=16.67%

      at log (tests/validation/sre-validation-comprehensive.test.js:686:17)
          at Array.forEach (<anonymous>)

  console.log
         restart: predicted=3000ms, actual=2500ms, error=16.67%

      at log (tests/validation/sre-validation-comprehensive.test.js:686:17)
          at Array.forEach (<anonymous>)

  console.log
         restart: predicted=3000ms, actual=2500ms, error=16.67%

      at log (tests/validation/sre-validation-comprehensive.test.js:686:17)
          at Array.forEach (<anonymous>)

  console.log
         scale: predicted=2000ms, actual=2000ms, error=0.00%

      at log (tests/validation/sre-validation-comprehensive.test.js:686:17)
          at Array.forEach (<anonymous>)

  console.log
         scale: predicted=2000ms, actual=2000ms, error=0.00%

      at log (tests/validation/sre-validation-comprehensive.test.js:686:17)
          at Array.forEach (<anonymous>)

  console.log


      at Object.log (tests/validation/sre-validation-comprehensive.test.js:699:15)

  console.log
    ═══════════════════════════════════════════════════════════════════════════════

      at Object.log (tests/validation/sre-validation-comprehensive.test.js:700:15)

  console.log
      COMPREHENSIVE SRE VALIDATION REPORT

      at Object.log (tests/validation/sre-validation-comprehensive.test.js:701:15)

  console.log
      Lean Incident Response Decision Engine

      at Object.log (tests/validation/sre-validation-comprehensive.test.js:702:15)

  console.log
    ═══════════════════════════════════════════════════════════════════════════════

      at Object.log (tests/validation/sre-validation-comprehensive.test.js:703:15)

  console.log
    
    📊 PERFORMANCE METRICS

      at Object.log (tests/validation/sre-validation-comprehensive.test.js:705:15)

  console.log
      ├─ Total Decisions: 49

      at Object.log (tests/validation/sre-validation-comprehensive.test.js:706:15)

  console.log
      ├─ Success Rate: 89.80%

      at Object.log (tests/validation/sre-validation-comprehensive.test.js:707:15)

  console.log
      ├─ Average Latency: 18.44ms

      at Object.log (tests/validation/sre-validation-comprehensive.test.js:708:15)

  console.log
      ├─ P95 Latency: 84.58281482976517ms

      at Object.log (tests/validation/sre-validation-comprehensive.test.js:709:15)

  console.log
      ├─ P99 Latency: 97.91322517619938ms

      at Object.log (tests/validation/sre-validation-comprehensive.test.js:710:15)

  console.log
      └─ Max Latency: 97.91322517619938ms

      at Object.log (tests/validation/sre-validation-comprehensive.test.js:711:15)

  console.log
    
    ✅ SCENARIOS COMPLETED

      at Object.log (tests/validation/sre-validation-comprehensive.test.js:713:15)

  console.log
      └─ Scenario 1: Error Rate Spike

      at log (tests/validation/sre-validation-comprehensive.test.js:715:17)
          at Array.forEach (<anonymous>)

  console.log
      └─ Scenario 2: Cascading Failure

      at log (tests/validation/sre-validation-comprehensive.test.js:715:17)
          at Array.forEach (<anonymous>)

  console.log
      └─ Scenario 3: Repeated Failure & Safety

      at log (tests/validation/sre-validation-comprehensive.test.js:715:17)
          at Array.forEach (<anonymous>)

  console.log
      └─ Scenario 4: High-Throughput Load

      at log (tests/validation/sre-validation-comprehensive.test.js:715:17)
          at Array.forEach (<anonymous>)

  console.log
      └─ Scenario 5: Feedback Loop

      at log (tests/validation/sre-validation-comprehensive.test.js:715:17)
          at Array.forEach (<anonymous>)

  console.log
      └─ Scenario 6: Risk Simulation

      at log (tests/validation/sre-validation-comprehensive.test.js:715:17)
          at Array.forEach (<anonymous>)

PASS tests/validation/sre-validation-comprehensive.test.js (11.793 s)
  SRE Validation: Lean Incident Response Decision Engine
    Scenario 1: Error Rate Spike (Single Service)
      √ should detect error spike and select restart action (21 ms)
    Scenario 2: Cascading Failure (Multi-Service)
      √ should detect cascade and identify root cause (4 ms)
    Scenario 3: Repeated Failure & Safety Mechanisms
      √ should enforce circuit breaker after repeated failures (8 ms)
    Scenario 4: High-Throughput Signal Ingestion
      √ should handle 10000 signals per second for 10 seconds (100k total) (10957 ms)
    Scenario 5: Feedback Loop & Confidence Calibration
      √ should improve decision accuracy through feedback loop (8 ms)
    Scenario 6: Risk Simulation Accuracy
      √ should predict action impact with reasonable accuracy (7 ms)
    Final Validation Report
      √ should generate comprehensive validation report (23 ms)

  console.log
    [system-health] Deployment mode: SINGLE_INSTANCE

      at new log (services/infrastructure/systemHealthService.js:26:13)

  console.log
    [lock] 🔒 Lock safety enforced by systemHealthService (dynamic based on deployment mode)

      at new log (services/infrastructure/distributedLockService.js:32:13)

(node:17032) [MONGOOSE] Warning: Duplicate schema index on {"timestamp":1} found. This is often due to declaring an index using both "index: true" and "schema.index()". Please remove the duplicate index definition.
  console.log
    [tenant-factory] Created tenant: tenant-parallel-a

      at TestTenantFactory.log [as createTenant] (tests/utils/multi-tenant-isolation-utils.js:63:15)

  console.log
    [tenant-factory] Created tenant: tenant-parallel-b

      at TestTenantFactory.log [as createTenant] (tests/utils/multi-tenant-isolation-utils.js:63:15)

  console.log
    ✓ Scenario 1 PASSED: Parallel execution - independent decisions maintained

      at Object.log (tests/multi-tenant-isolation.test.js:162:15)

  console.log
    [tenant-factory] Created tenant: tenant-contamination-a

      at TestTenantFactory.log [as createTenant] (tests/utils/multi-tenant-isolation-utils.js:63:15)

  console.log
    [tenant-factory] Created tenant: tenant-contamination-b

      at TestTenantFactory.log [as createTenant] (tests/utils/multi-tenant-isolation-utils.js:63:15)

  console.log
      Training Tenant A with 50 successful restart outcomes...

      at Object.log (tests/multi-tenant-isolation.test.js:186:15)

  console.log
     done

      at Object.log (tests/multi-tenant-isolation.test.js:207:15)

  console.log
    ✓ Scenario 2 PASSED: No knowledge transfer - isolation maintained

      at Object.log (tests/multi-tenant-isolation.test.js:256:15)

  console.log
    [tenant-factory] Created tenant: tenant-policy-a

      at TestTenantFactory.log [as createTenant] (tests/utils/multi-tenant-isolation-utils.js:63:15)

  console.log
    [tenant-factory] Created tenant: tenant-policy-b

      at TestTenantFactory.log [as createTenant] (tests/utils/multi-tenant-isolation-utils.js:63:15)

  console.log
    ✓ Scenario 3 PASSED: Policy isolation enforced - no cross-contamination

      at Object.log (tests/multi-tenant-isolation.test.js:320:15)

  console.log
    [tenant-factory] Created tenant: tenant-failure-a

      at TestTenantFactory.log [as createTenant] (tests/utils/multi-tenant-isolation-utils.js:63:15)

  console.log
    [tenant-factory] Created tenant: tenant-failure-b

      at TestTenantFactory.log [as createTenant] (tests/utils/multi-tenant-isolation-utils.js:63:15)

  console.log
      Simulating circuit breaker failures for Tenant A...

      at Object.log (tests/multi-tenant-isolation.test.js:339:15)

  console.log
    ✓ Scenario 4 PASSED: Failure isolation - no cross-tenant impact

      at Object.log (tests/multi-tenant-isolation.test.js:392:15)

  console.log
    [tenant-factory] Created tenant: tenant-load-a

      at TestTenantFactory.log [as createTenant] (tests/utils/multi-tenant-isolation-utils.js:63:15)

  console.log
    [tenant-factory] Created tenant: tenant-load-b

      at TestTenantFactory.log [as createTenant] (tests/utils/multi-tenant-isolation-utils.js:63:15)

  console.log
      Sending heavy load (500+ signals) to Tenant A...

      at Object.log (tests/multi-tenant-isolation.test.js:423:15)

  console.log
      Load test complete: A=500 decisions, B=2 decisions

      at Object.log (tests/multi-tenant-isolation.test.js:469:15)

  console.log
    ✓ Scenario 5 PASSED: Load isolation - queue separation working

      at Object.log (tests/multi-tenant-isolation.test.js:474:15)

  console.log
    [tenant-factory] Created tenant: tenant-combo-1

      at TestTenantFactory.log [as createTenant] (tests/utils/multi-tenant-isolation-utils.js:63:15)
          at async Promise.all (index 0)

  console.log
    [tenant-factory] Created tenant: tenant-combo-3

      at TestTenantFactory.log [as createTenant] (tests/utils/multi-tenant-isolation-utils.js:63:15)
          at async Promise.all (index 2)

  console.log
    [tenant-factory] Created tenant: tenant-combo-2

      at TestTenantFactory.log [as createTenant] (tests/utils/multi-tenant-isolation-utils.js:63:15)
          at async Promise.all (index 1)

  console.log
    ✓ Cross-Scenario Validation PASSED: Complete isolation verified

      at Object.log (tests/multi-tenant-isolation.test.js:516:15)

PASS tests/multi-tenant-isolation.test.js (7.501 s)
  Multi-Tenant Isolation Test Suite
    Scenario 1: Parallel Tenant Execution
      √ should maintain independent decisions for concurrent signals by different tenants (436 ms)
    Scenario 2: Cross-Tenant Contamination Test
      √ should prevent knowledge transfer between tenants (139 ms)
    Scenario 3: Policy Isolation Test
      √ should enforce different policies per tenant independently (84 ms)
    Scenario 4: Failure Isolation
      √ should isolate circuit breaker failures between tenants (116 ms)
    Scenario 5: Load Isolation
      √ should maintain latency under load with proper queue separation (4674 ms)
    Cross-Scenario Validation
      √ should maintain all isolation properties across combined scenarios (83 ms)

  console.warn
    [multi-instance-failover] Redis not available - skipping tests: Redis connection timeout

    [0m [90m 41 |[39m       [36mawait[39m redisClient[33m.[39mdel([32m'instance:registry'[39m)[33m;[39m
     [90m 42 |[39m     } [36mcatch[39m (error) {
    [31m[1m>[22m[39m[90m 43 |[39m       console[33m.[39mwarn([32m'[multi-instance-failover] Redis not available - skipping tests:'[39m[33m,[39m error[33m.[39mmessage)[33m;[39m
     [90m    |[39m               [31m[1m^[22m[39m
     [90m 44 |[39m       [90m// Don't throw, just skip - tests will be skipped below[39m
     [90m 45 |[39m     }
     [90m 46 |[39m   }[33m,[39m [35m10000[39m)[33m;[39m[0m

      at Object.warn (tests/integration/multi-instance-failover.test.js:43:15)

  console.warn
    Skipping - Redis not available

    [0m [90m 82 |[39m   it([32m'should initialize coordinator for single instance'[39m[33m,[39m [36masync[39m () [33m=>[39m {
     [90m 83 |[39m     [36mif[39m ([33m![39mredisConnected) {
    [31m[1m>[22m[39m[90m 84 |[39m       console[33m.[39mwarn([32m'Skipping - Redis not available'[39m)[33m;[39m
     [90m    |[39m               [31m[1m^[22m[39m
     [90m 85 |[39m       [36mreturn[39m[33m;[39m
     [90m 86 |[39m     }
     [90m 87 |[39m     [0m

      at Object.warn (tests/integration/multi-instance-failover.test.js:84:15)

  console.warn
    Skipping - Redis not available

    [0m [90m 102 |[39m   it([32m'should support multiple instances'[39m[33m,[39m [36masync[39m () [33m=>[39m {
     [90m 103 |[39m     [36mif[39m ([33m![39mredisConnected) {
    [31m[1m>[22m[39m[90m 104 |[39m       console[33m.[39mwarn([32m'Skipping - Redis not available'[39m)[33m;[39m
     [90m     |[39m               [31m[1m^[22m[39m
     [90m 105 |[39m       [36mreturn[39m[33m;[39m
     [90m 106 |[39m     }
     [90m 107 |[39m     [0m

      at Object.warn (tests/integration/multi-instance-failover.test.js:104:15)

  console.warn
    Skipping - Redis not available

    [0m [90m 130 |[39m   it([32m'should detect quorum correctly'[39m[33m,[39m [36masync[39m () [33m=>[39m {
     [90m 131 |[39m     [36mif[39m ([33m![39mredisConnected) {
    [31m[1m>[22m[39m[90m 132 |[39m       console[33m.[39mwarn([32m'Skipping - Redis not available'[39m)[33m;[39m
     [90m     |[39m               [31m[1m^[22m[39m
     [90m 133 |[39m       [36mreturn[39m[33m;[39m
     [90m 134 |[39m     }
     [90m 135 |[39m     [0m

      at Object.warn (tests/integration/multi-instance-failover.test.js:132:15)

  console.warn
    Skipping - Redis not available

    [0m [90m 150 |[39m   it([32m'should detect and remove dead instances'[39m[33m,[39m [36masync[39m () [33m=>[39m {
     [90m 151 |[39m     [36mif[39m ([33m![39mredisConnected) {
    [31m[1m>[22m[39m[90m 152 |[39m       console[33m.[39mwarn([32m'Skipping - Redis not available'[39m)[33m;[39m
     [90m     |[39m               [31m[1m^[22m[39m
     [90m 153 |[39m       [36mreturn[39m[33m;[39m
     [90m 154 |[39m     }
     [90m 155 |[39m     [0m

      at Object.warn (tests/integration/multi-instance-failover.test.js:152:15)

  console.warn
    Skipping - Redis not available

    [0m [90m 179 |[39m   it([32m'should block actions if quorum is lost'[39m[33m,[39m [36masync[39m () [33m=>[39m {
     [90m 180 |[39m     [36mif[39m ([33m![39mredisConnected) {
    [31m[1m>[22m[39m[90m 181 |[39m       console[33m.[39mwarn([32m'Skipping - Redis not available'[39m)[33m;[39m
     [90m     |[39m               [31m[1m^[22m[39m
     [90m 182 |[39m       [36mreturn[39m[33m;[39m
     [90m 183 |[39m     }
     [90m 184 |[39m     [0m

      at Object.warn (tests/integration/multi-instance-failover.test.js:181:15)

  console.warn
    Skipping - Redis not available

    [0m [90m 211 |[39m   it([32m'should elect a leader'[39m[33m,[39m [36masync[39m () [33m=>[39m {
     [90m 212 |[39m     [36mif[39m ([33m![39mredisConnected) {
    [31m[1m>[22m[39m[90m 213 |[39m       console[33m.[39mwarn([32m'Skipping - Redis not available'[39m)[33m;[39m
     [90m     |[39m               [31m[1m^[22m[39m
     [90m 214 |[39m       [36mreturn[39m[33m;[39m
     [90m 215 |[39m     }
     [90m 216 |[39m     [0m

      at Object.warn (tests/integration/multi-instance-failover.test.js:213:15)

PASS tests/integration/multi-instance-failover.test.js (5.327 s)
  MULTI-INSTANCE FAILOVER SAFETY
    √ should initialize coordinator for single instance (7 ms)
    √ should support multiple instances (5 ms)
    √ should detect quorum correctly (5 ms)
    √ should detect and remove dead instances (3 ms)
    √ should block actions if quorum is lost (4 ms)
    √ should elect a leader (3 ms)

  console.log
    [system-health] Deployment mode: SINGLE_INSTANCE

      at new log (services/infrastructure/systemHealthService.js:26:13)

  console.log
    [lock] 🔒 Lock safety enforced by systemHealthService (dynamic based on deployment mode)

      at new log (services/infrastructure/distributedLockService.js:32:13)

  console.log
    [idempotency] New execution (memory) key=req-123-...

      at IdempotencyService.log [as checkIdempotency] (services/infrastructure/idempotencyService.js:104:17)

  console.log
    [idempotency] ✓ Recorded (memory) key=req-123-... | ttl=3600s

      at IdempotencyService.log [as recordIdempotency] (services/infrastructure/idempotencyService.js:157:17)

  console.log
    [idempotency] New execution (memory) key=req-456-...

      at IdempotencyService.log [as checkIdempotency] (services/infrastructure/idempotencyService.js:104:17)

  console.log
    [idempotency] ✓ Recorded (memory) key=req-456-... | ttl=3600s

      at IdempotencyService.log [as recordIdempotency] (services/infrastructure/idempotencyService.js:157:17)

  console.log
    [idempotency] ✓ Found existing result (memory) for key=req-456-...

      at IdempotencyService.log [as checkIdempotency] (services/infrastructure/idempotencyService.js:98:19)

  console.log
    [idempotency] New execution (memory) key=req-789-...

      at IdempotencyService.log [as checkIdempotency] (services/infrastructure/idempotencyService.js:104:17)

  console.log
    [idempotency] ✓ Recorded (memory) key=req-789-... | ttl=3600s

      at IdempotencyService.log [as recordIdempotency] (services/infrastructure/idempotencyService.js:157:17)

  console.log
    [idempotency] New execution (memory) key=req-789-...

      at IdempotencyService.log [as checkIdempotency] (services/infrastructure/idempotencyService.js:104:17)

  console.log
    [idempotency] ✓ Recorded (memory) key=req-789-... | ttl=3600s

      at IdempotencyService.log [as recordIdempotency] (services/infrastructure/idempotencyService.js:157:17)

  console.log
    [idempotency] New execution (memory) key=req-999-...

      at IdempotencyService.log [as checkIdempotency] (services/infrastructure/idempotencyService.js:104:17)

  console.log
    [idempotency] ✓ Recorded (memory) key=req-999-... | ttl=3600s

      at IdempotencyService.log [as recordIdempotency] (services/infrastructure/idempotencyService.js:157:17)

  console.log
    [idempotency] New execution (memory) key=req-999-...

      at IdempotencyService.log [as checkIdempotency] (services/infrastructure/idempotencyService.js:104:17)

  console.log
    [idempotency] ✓ Recorded (memory) key=req-999-... | ttl=3600s

      at IdempotencyService.log [as recordIdempotency] (services/infrastructure/idempotencyService.js:157:17)

  console.log
    [idempotency] New execution (memory) key=req-cach...

      at IdempotencyService.log [as checkIdempotency] (services/infrastructure/idempotencyService.js:104:17)

  console.log
    [idempotency] ✓ Recorded (memory) key=req-cach... | ttl=3600s

      at IdempotencyService.log [as recordIdempotency] (services/infrastructure/idempotencyService.js:157:17)

  console.log
    [idempotency] ✓ Found existing result (memory) for key=req-cach...

      at IdempotencyService.log [as checkIdempotency] (services/infrastructure/idempotencyService.js:98:19)

  console.log
    [idempotency] New execution (memory) key=non-exis...

      at IdempotencyService.log [as checkIdempotency] (services/infrastructure/idempotencyService.js:104:17)

  console.log
    [idempotency] New execution (memory) key=req-expi...

      at IdempotencyService.log [as checkIdempotency] (services/infrastructure/idempotencyService.js:104:17)

  console.log
    [idempotency] ✓ Recorded (memory) key=req-expi... | ttl=1s

      at IdempotencyService.log [as recordIdempotency] (services/infrastructure/idempotencyService.js:157:17)

  console.log
    [idempotency] ✓ Found existing result (memory) for key=req-expi...

      at IdempotencyService.log [as checkIdempotency] (services/infrastructure/idempotencyService.js:98:19)

  console.log
    [idempotency] New execution (memory) key=req-expi...

      at IdempotencyService.log [as checkIdempotency] (services/infrastructure/idempotencyService.js:104:17)

  console.log
    [idempotency] New execution (memory) key=req-clea...

      at IdempotencyService.log [as checkIdempotency] (services/infrastructure/idempotencyService.js:104:17)

  console.log
    [idempotency] ✓ Recorded (memory) key=req-clea... | ttl=2s

      at IdempotencyService.log [as recordIdempotency] (services/infrastructure/idempotencyService.js:157:17)

  console.log
    [idempotency] New execution (memory) key=req-clea...

      at IdempotencyService.log [as checkIdempotency] (services/infrastructure/idempotencyService.js:104:17)

  console.log
    [idempotency] ✓ Recorded (memory) key=req-clea... | ttl=2s

      at IdempotencyService.log [as recordIdempotency] (services/infrastructure/idempotencyService.js:157:17)

  console.log
    [idempotency] New execution (memory) key=req-clea...

      at IdempotencyService.log [as checkIdempotency] (services/infrastructure/idempotencyService.js:104:17)

  console.log
    [idempotency] ✓ Recorded (memory) key=req-clea... | ttl=2s

      at IdempotencyService.log [as recordIdempotency] (services/infrastructure/idempotencyService.js:157:17)

PASS tests/unit/idempotencyService.test.js
  IdempotencyService
    recordRequest
      √ should record new idempotency key (7 ms)
      √ should detect duplicate requests (3 ms)
      √ should allow same operation key for different tenants (4 ms)
      √ should allow same key for different operations within same tenant (4 ms)
    getCachedResult
      √ should retrieve cached result for duplicate request (3 ms)
      √ should return null for non-existent idempotency key (3 ms)
      √ should expire cached results after TTL (1116 ms)
    cleanupExpiredKeys
      √ should remove expired idempotency keys (2119 ms)
    isIdempotentKey
      √ should validate idempotency key format (3 ms)
      √ should reject invalid idempotency keys (2 ms)

  console.log
    [system-health] Deployment mode: SINGLE_INSTANCE

      at new log (services/infrastructure/systemHealthService.js:26:13)

  console.log
    [lock] 🔒 Lock safety enforced by systemHealthService (dynamic based on deployment mode)

      at new log (services/infrastructure/distributedLockService.js:32:13)

(node:17032) [MONGOOSE] Warning: Duplicate schema index on {"timestamp":1} found. This is often due to declaring an index using both "index: true" and "schema.index()". Please remove the duplicate index definition.
  console.log
    [db] Connected to MongoDB at mongodb://127.0.0.1:27017/autonomous_incident_agent

      at log (services/infrastructure/dbService.js:12:13)

PASS tests/integration/phase1-integration.test.js
  Phase 1 Integration Tests
    Complete Incident Pipeline
      √ should detect incident → evaluate policy → record audit (201 ms)
      √ should enforce multi-tenant isolation (49 ms)
      ○ skipped should enforce idempotent execution
    Policy Engine Integration
      √ should evaluate policy against incident (36 ms)
      √ should support policy overrides per tenant (32 ms)
    Audit Trail Integrity
      √ should create tamper-proof audit trail (20 ms)
    Authentication & Authorization
      √ should validate API key for tenant (31 ms)
      √ should reject invalid API key (32 ms)

  console.log
    [system-health] Deployment mode: SINGLE_INSTANCE

      at new log (services/infrastructure/systemHealthService.js:26:13)

  console.log
    [lock] 🔒 Lock safety enforced by systemHealthService (dynamic based on deployment mode)

      at new log (services/infrastructure/distributedLockService.js:32:13)

(node:17032) [MONGOOSE] Warning: Duplicate schema index on {"timestamp":1} found. This is often due to declaring an index using both "index: true" and "schema.index()". Please remove the duplicate index definition.
  console.log
    [db] Connected to MongoDB at mongodb://127.0.0.1:27017/autonomous_incident_agent

      at log (services/infrastructure/dbService.js:12:13)

  console.warn
    [runbook-execution] Could not save to DB, using in-memory execution

    [0m [90m 124 |[39m       } [36mcatch[39m (dbError) {
     [90m 125 |[39m         [90m// If DB save fails (e.g., in tests), just use the object[39m
    [31m[1m>[22m[39m[90m 126 |[39m         console[33m.[39mwarn([32m'[runbook-execution] Could not save to DB, using in-memory execution'[39m)[33m;[39m
     [90m     |[39m                 [31m[1m^[22m[39m
     [90m 127 |[39m         execution [33m=[39m executionData[33m;[39m
     [90m 128 |[39m         execution[33m.[39m_id [33m=[39m [32m'mock-'[39m [33m+[39m [33mDate[39m[33m.[39mnow()[33m;[39m
     [90m 129 |[39m         execution[33m.[39mexecutionId [33m=[39m execution[33m.[39m_id[33m;[39m[0m

      at RunbookExecutionService.warn [as executeRunbook] (services/execution/runbookExecutionService.js:126:17)
      at Object.<anonymous> (tests/integration/phase2-integration.test.js:153:25)

  console.log
    [runbook-execution] Starting execution of runbook: RestartService (mock-1774951071989)

      at RunbookExecutionService.log [as executeRunbook] (services/execution/runbookExecutionService.js:136:15)

  console.log
    [runbook-execution] Executing step 1: STOP_SERVICE

      at RunbookExecutionService.log [as executeRunbook] (services/execution/runbookExecutionService.js:150:19)

  console.log
    [runbook-execution] ✓ Step 1 completed successfully

      at RunbookExecutionService.log [as executeRunbook] (services/execution/runbookExecutionService.js:172:19)

  console.log
    [runbook-execution] Executing step 2: START_SERVICE

      at RunbookExecutionService.log [as executeRunbook] (services/execution/runbookExecutionService.js:150:19)

  console.log
    [runbook-execution] ✓ Step 2 completed successfully

      at RunbookExecutionService.log [as executeRunbook] (services/execution/runbookExecutionService.js:172:19)

  console.log
    [runbook-execution] ✓ Runbook execution returned: RUNNING

      at RunbookExecutionService.log [as executeRunbook] (services/execution/runbookExecutionService.js:228:15)

PASS tests/integration/phase2-integration.test.js
  Phase 2 Integration Tests
    Message Ordering
      √ should guarantee order within correlation ID (112 ms)
      √ should prevent out-of-order delivery (76 ms)
    Dead Letter Queue with Exponential Backoff
      √ should capture failed messages (58 ms)
      √ should implement exponential backoff strategy (25 ms)
    Runbook Execution
      √ should execute runbook (44 ms)

  console.log
    [system-health] Deployment mode: SINGLE_INSTANCE

      at new log (services/infrastructure/systemHealthService.js:26:13)

  console.log
    [lock] 🔒 Lock safety enforced by systemHealthService (dynamic based on deployment mode)

      at new log (services/infrastructure/distributedLockService.js:32:13)

  console.log
    [db] Connected to MongoDB at mongodb://127.0.0.1:27017/autonomous_incident_agent

      at log (services/infrastructure/dbService.js:12:13)

  console.log
    [rbac-service] ✓ Role engineer assigned to user-123 in rbac-test

      at RBACService.log [as assignRole] (services/core/rbacService.js:187:15)

  console.log
    [rbac-service] ✓ Role engineer assigned to user-123 in rbac-test

      at RBACService.log [as assignRole] (services/core/rbacService.js:187:15)

  console.log
    [rbac-service] ✓ Role viewer assigned to viewer-user in rbac-test

      at RBACService.log [as assignRole] (services/core/rbacService.js:187:15)

  console.log
    [rbac-service] ✓ Custom role created: custom:rbac-test:incident_resolver

      at RBACService.log [as createCustomRole] (services/core/rbacService.js:362:15)

  console.log
    [rbac-service] ✓ Role engineer removed from user-123 in rbac-test

      at RBACService.log [as removeRole] (services/core/rbacService.js:218:15)

  console.log
    [rbac-service] ✓ Role guest assigned to guest-user in rbac-test

      at RBACService.log [as assignRole] (services/core/rbacService.js:187:15)

  console.log
    [rbac-service] ✓ Resource permissions set for resource-456

      at RBACService.log [as setResourcePermission] (services/core/rbacService.js:393:15)

  console.log
    [rbac-service] ✓ Role engineer assigned to user-123 in rbac-test

      at RBACService.log [as assignRole] (services/core/rbacService.js:187:15)

PASS tests/integration/phase3-integration.test.js
  RBACService
    √ should get role hierarchy (110 ms)
    √ should assign role to user (43 ms)
    √ should get user roles (20 ms)
    √ should check permission (14 ms)
    √ should deny permission for viewer role (12 ms)
    √ should get user permissions (9 ms)
    √ should create custom role (12 ms)
    √ should remove role from user (15 ms)
    √ should enforce permission and throw on denial (14 ms)
    √ should set resource-level permissions (12 ms)
    √ should check resource-level permissions (9 ms)
  Phase 3 End-to-End Scenarios
    ○ skipped should handle complete incident lifecycle with all Phase 3 features

  console.log
    [system-health] Deployment mode: SINGLE_INSTANCE

      at new log (services/infrastructure/systemHealthService.js:26:13)

  console.log
    [lock] 🔒 Lock safety enforced by systemHealthService (dynamic based on deployment mode)

      at new log (services/infrastructure/distributedLockService.js:32:13)

  console.log
    [db] Connected to MongoDB at mongodb://127.0.0.1:27017/autonomous_incident_agent

      at log (services/infrastructure/dbService.js:12:13)

  console.log
    [test] ✓ Policy loaded successfully

      at Object.log (tests/integration/core-services.test.js:89:15)

  console.log
    [test] ✓ Policy evaluation matched rules

      at Object.log (tests/integration/core-services.test.js:129:15)

  console.log
    [test] ✓ Cooldown periods enforced

      at Object.log (tests/integration/core-services.test.js:156:15)

  console.log
    [test] ✓ Incident pattern detected

      at Object.log (tests/integration/core-services.test.js:175:15)

  console.log
    [test] ✓ Incident classification successful

      at Object.log (tests/integration/core-services.test.js:194:15)

  console.log
    [test] ✓ Incident correlation successful

      at Object.log (tests/integration/core-services.test.js:222:15)

  console.log
    [test] ✓ Confidence calculated: 0.82

      at Object.log (tests/integration/core-services.test.js:253:15)

  console.log
    [test] ✓ Confidence requirements adjusted for environment

      at Object.log (tests/integration/core-services.test.js:265:15)

  console.log
    [test] ✓ Confidence recommendations provided

      at Object.log (tests/integration/core-services.test.js:281:15)

  console.log
    [test] ✓ Mapped incident type to actions: RESTART_SERVICE, SCALE_UP

      at Object.log (tests/integration/core-services.test.js:299:15)

  console.log
    [test] ✓ Actions prioritized by severity and safety

      at Object.log (tests/integration/core-services.test.js:324:15)

  console.log
    [test] ✓ Complete flow: Detection → Analysis → Decision → Action

      at Object.log (tests/integration/core-services.test.js:363:15)

  console.log
    [test] ✓ Multi-service incident correlation and root cause identified

      at Object.log (tests/integration/core-services.test.js:383:15)

PASS tests/integration/core-services.test.js
  Core Service Integration Tests
    Policy Engine Integration
      √ should load and evaluate policy rules correctly (216 ms)
      √ should evaluate incident signals against policy (43 ms)
      √ should enforce policy cooldown periods (40 ms)
    Analysis Service Integration
      √ should detect incident patterns from signals (33 ms)
      √ should classify incident by severity and type (44 ms)
      √ should correlate related incidents (49 ms)
    Confidence Service Integration
      √ should calculate decision confidence from multiple factors (39 ms)
      √ should adjust confidence based on deployment mode (38 ms)
      √ should provide confidence recommendations (38 ms)
    Decision Mapper Integration
      √ should map incident type to appropriate action (31 ms)
      √ should prioritize actions by severity (35 ms)
    End-to-End Service Flow
      √ should execute complete policy → decision → action flow (44 ms)
      √ should handle multi-service incident correlation (35 ms)

  console.log
    [system-health] Deployment mode: SINGLE_INSTANCE

      at new log (services/infrastructure/systemHealthService.js:26:13)

  console.log
    [lock] 🔒 Lock safety enforced by systemHealthService (dynamic based on deployment mode)

      at new log (services/infrastructure/distributedLockService.js:32:13)

(node:17032) [MONGOOSE] Warning: Duplicate schema index on {"timestamp":1} found. This is often due to declaring an index using both "index: true" and "schema.index()". Please remove the duplicate index definition.
  console.log
    [db] Connected to MongoDB at mongodb://127.0.0.1:27017/autonomous_incident_agent

      at log (services/infrastructure/dbService.js:12:13)

  console.warn
    [runbook-execution] Could not save to DB, using in-memory execution

    [0m [90m 124 |[39m       } [36mcatch[39m (dbError) {
     [90m 125 |[39m         [90m// If DB save fails (e.g., in tests), just use the object[39m
    [31m[1m>[22m[39m[90m 126 |[39m         console[33m.[39mwarn([32m'[runbook-execution] Could not save to DB, using in-memory execution'[39m)[33m;[39m
     [90m     |[39m                 [31m[1m^[22m[39m
     [90m 127 |[39m         execution [33m=[39m executionData[33m;[39m
     [90m 128 |[39m         execution[33m.[39m_id [33m=[39m [32m'mock-'[39m [33m+[39m [33mDate[39m[33m.[39mnow()[33m;[39m
     [90m 129 |[39m         execution[33m.[39mexecutionId [33m=[39m execution[33m.[39m_id[33m;[39m[0m

      at RunbookExecutionService.warn [as executeRunbook] (services/execution/runbookExecutionService.js:126:17)
      at Object.<anonymous> (tests/integration/consolidated-integration.test.js:384:25)

  console.log
    [runbook-execution] Starting execution of runbook: RestartService (mock-1774951076148)

      at RunbookExecutionService.log [as executeRunbook] (services/execution/runbookExecutionService.js:136:15)

  console.log
    [runbook-execution] Executing step 1: STOP_SERVICE

      at RunbookExecutionService.log [as executeRunbook] (services/execution/runbookExecutionService.js:150:19)

  console.log
    [runbook-execution] ✓ Step 1 completed successfully

      at RunbookExecutionService.log [as executeRunbook] (services/execution/runbookExecutionService.js:172:19)

  console.log
    [runbook-execution] Executing step 2: START_SERVICE

      at RunbookExecutionService.log [as executeRunbook] (services/execution/runbookExecutionService.js:150:19)

  console.log
    [runbook-execution] ✓ Step 2 completed successfully

      at RunbookExecutionService.log [as executeRunbook] (services/execution/runbookExecutionService.js:172:19)

  console.log
    [runbook-execution] ✓ Runbook execution returned: RUNNING

      at RunbookExecutionService.log [as executeRunbook] (services/execution/runbookExecutionService.js:228:15)

PASS tests/integration/consolidated-integration.test.js
  Consolidated Integration Tests - All Phases
    PHASE 1: Complete Incident Pipeline
      √ should detect incident → evaluate policy → record audit (279 ms)
      √ should enforce multi-tenant isolation (52 ms)
      √ should evaluate policy against incident (38 ms)
      √ should create tamper-proof audit trail (18 ms)
      ○ skipped should enforce idempotent execution
    PHASE 2: Message Ordering & Runbook Execution
      √ should guarantee message order within correlation ID (22 ms)
      √ should prevent out-of-order delivery (17 ms)
      √ should capture failed messages in DLQ (45 ms)
      √ should implement exponential backoff strategy (18 ms)
      √ should execute runbook with steps (34 ms)
    PHASE 4: Advanced Decision Engine Features
      √ should flow from decision to feedback adjustment (16 ms)
      √ should detect patterns across incidents (18 ms)
      √ should evaluate policies on decisions (19 ms)
      √ should simulate action impact before execution (18 ms)
      √ should improve weight accuracy over time (19 ms)
      √ should maintain separate correlations per tenant (19 ms)
    Cross-Phase: End-to-End Integration
      √ should execute complete incident lifecycle (24 ms)
      √ should handle failures with DLQ fallback (27 ms)

  console.log
    [system-health] Deployment mode: SINGLE_INSTANCE

      at new log (services/infrastructure/systemHealthService.js:26:13)

  console.log
    [lock] 🔒 Lock safety enforced by systemHealthService (dynamic based on deployment mode)

      at new log (services/infrastructure/distributedLockService.js:32:13)

(node:17032) [MONGOOSE] Warning: Duplicate schema index on {"timestamp":1} found. This is often due to declaring an index using both "index: true" and "schema.index()". Please remove the duplicate index definition.
  console.log
    [db] Connected to MongoDB at mongodb://127.0.0.1:27017/autonomous_incident_agent

      at log (services/infrastructure/dbService.js:12:13)

  console.log
    [queue] Connecting to amqp://localhost...

      at QueueService.log [as connect] (services/infrastructure/queueService.js:38:15)

  console.log
    [E2E Test] 1. Setting up tenant and policies

      at Object.log (tests/e2e/complete-workflow.e2e.test.js:142:17)

  console.log
    [E2E Test] ✓ Tenant created with overrides

      at Object.log (tests/e2e/complete-workflow.e2e.test.js:165:17)

  console.log
    [E2E Test] ✓ Restart policy created

      at Object.log (tests/e2e/complete-workflow.e2e.test.js:188:17)

  console.log
    [E2E Test] 2. Detecting incident (Phase 1)

      at Object.log (tests/e2e/complete-workflow.e2e.test.js:191:17)

  console.log
    [E2E Test] ✓ API key authenticated

      at Object.log (tests/e2e/complete-workflow.e2e.test.js:199:17)

  console.log
    [E2E Test] ✓ Idempotent incident detection confirmed

      at Object.log (tests/e2e/complete-workflow.e2e.test.js:229:17)

  console.log
    [E2E Test] ✓ Audit trail created and verified

      at Object.log (tests/e2e/complete-workflow.e2e.test.js:255:17)

  console.log
    [E2E Test] 3. Ensuring message ordering (Phase 2)

      at Object.log (tests/e2e/complete-workflow.e2e.test.js:258:17)

  console.log
    [E2E Test] ✓ Messages queued and dequeued in correct order

      at Object.log (tests/e2e/complete-workflow.e2e.test.js:295:17)

  console.log
    [E2E Test] 4. Running decision engine (Phase 2)

      at Object.log (tests/e2e/complete-workflow.e2e.test.js:298:17)

  console.log
    [E2E Test] ✓ Decision: AUTO_EXECUTE (high confidence + high impact)

      at Object.log (tests/e2e/complete-workflow.e2e.test.js:311:17)

  console.log
    [E2E Test] 5. Executing remediation runbook (Phase 2)

      at Object.log (tests/e2e/complete-workflow.e2e.test.js:314:17)

  console.warn
    [runbook-execution] Could not save to DB, using in-memory execution

    [0m [90m 124 |[39m       } [36mcatch[39m (dbError) {
     [90m 125 |[39m         [90m// If DB save fails (e.g., in tests), just use the object[39m
    [31m[1m>[22m[39m[90m 126 |[39m         console[33m.[39mwarn([32m'[runbook-execution] Could not save to DB, using in-memory execution'[39m)[33m;[39m
     [90m     |[39m                 [31m[1m^[22m[39m
     [90m 127 |[39m         execution [33m=[39m executionData[33m;[39m
     [90m 128 |[39m         execution[33m.[39m_id [33m=[39m [32m'mock-'[39m [33m+[39m [33mDate[39m[33m.[39mnow()[33m;[39m
     [90m 129 |[39m         execution[33m.[39mexecutionId [33m=[39m execution[33m.[39m_id[33m;[39m[0m

      at RunbookExecutionService.warn [as executeRunbook] (services/execution/runbookExecutionService.js:126:17)
      at Object.<anonymous> (tests/e2e/complete-workflow.e2e.test.js:360:27)

  console.log
    [runbook-execution] Starting execution of runbook: RestartService (mock-1774951077590)

      at RunbookExecutionService.log [as executeRunbook] (services/execution/runbookExecutionService.js:136:15)

  console.log
    [runbook-execution] Executing step 1: DRAIN_CONNECTIONS

      at RunbookExecutionService.log [as executeRunbook] (services/execution/runbookExecutionService.js:150:19)

  console.log
    [runbook-execution] ✓ Step 1 completed successfully

      at RunbookExecutionService.log [as executeRunbook] (services/execution/runbookExecutionService.js:172:19)

  console.log
    [runbook-execution] Executing step 2: STOP_SERVICE

      at RunbookExecutionService.log [as executeRunbook] (services/execution/runbookExecutionService.js:150:19)

  console.log
    [runbook-execution] ✓ Step 2 completed successfully

      at RunbookExecutionService.log [as executeRunbook] (services/execution/runbookExecutionService.js:172:19)

  console.log
    [runbook-execution] Executing step 3: WAIT

      at RunbookExecutionService.log [as executeRunbook] (services/execution/runbookExecutionService.js:150:19)

  console.log
    [queue] ✓ Connected to RabbitMQ

      at QueueService.log [as connect] (services/infrastructure/queueService.js:82:15)

  console.log
    [runbook-execution] ✓ Step 3 completed successfully

      at RunbookExecutionService.log [as executeRunbook] (services/execution/runbookExecutionService.js:172:19)

  console.log
    [runbook-execution] Executing step 4: START_SERVICE

      at RunbookExecutionService.log [as executeRunbook] (services/execution/runbookExecutionService.js:150:19)

  console.log
    [runbook-execution] ✓ Step 4 completed successfully

      at RunbookExecutionService.log [as executeRunbook] (services/execution/runbookExecutionService.js:172:19)

  console.log
    [runbook-execution] Executing step 5: HEALTH_CHECK

      at RunbookExecutionService.log [as executeRunbook] (services/execution/runbookExecutionService.js:150:19)

  console.log
    [runbook-execution] ✓ Step 5 completed successfully

      at RunbookExecutionService.log [as executeRunbook] (services/execution/runbookExecutionService.js:172:19)

  console.log
    [runbook-execution] ✓ Runbook execution returned: RUNNING

      at RunbookExecutionService.log [as executeRunbook] (services/execution/runbookExecutionService.js:228:15)

  console.log
    [E2E Test] ✓ Runbook executed with 5 steps

      at Object.log (tests/e2e/complete-workflow.e2e.test.js:367:17)

  console.log
    [E2E Test] 6. Testing DLQ & retry logic (Phase 2)

      at Object.log (tests/e2e/complete-workflow.e2e.test.js:370:17)

  console.log
    [E2E Test] ✓ Failed message added to DLQ with exponential backoff

      at Object.log (tests/e2e/complete-workflow.e2e.test.js:387:17)

  console.log
    [E2E Test] 7. Escalating to human (Phase 2)

      at Object.log (tests/e2e/complete-workflow.e2e.test.js:390:17)

  console.log
    [E2E Test] ✓ Retrying runbook due to health check failure

      at Object.log (tests/e2e/complete-workflow.e2e.test.js:398:19)

  console.log
    [E2E Test] ✓ Scheduled retry after 30 seconds

      at Object.log (tests/e2e/complete-workflow.e2e.test.js:403:19)

  console.log
    [E2E Test] 8. Sending notifications (Phase 2)

      at Object.log (tests/e2e/complete-workflow.e2e.test.js:409:17)

  console.log
    [E2E Test] ✓ Notification sent to #critical-incidents

      at Object.log (tests/e2e/complete-workflow.e2e.test.js:429:17)

  console.log
    [E2E Test] 9. Recording action learning (Phase 2)

      at Object.log (tests/e2e/complete-workflow.e2e.test.js:432:17)

  console.log
    [E2E Test] ✓ Action effectiveness recorded (success rate +1)

      at Object.log (tests/e2e/complete-workflow.e2e.test.js:446:17)

  console.log
    [E2E Test] 10. Creating incident timeline (Phase 2)

      at Object.log (tests/e2e/complete-workflow.e2e.test.js:449:17)

  console.log
    [E2E Test] ✓ Timeline created with 5+ events

      at Object.log (tests/e2e/complete-workflow.e2e.test.js:466:17)

  console.log
    
    [E2E Test] ✅ COMPLETE WORKFLOW SUCCESSFUL

      at Object.log (tests/e2e/complete-workflow.e2e.test.js:469:17)

  console.log
    [E2E Test] Summary:

      at Object.log (tests/e2e/complete-workflow.e2e.test.js:470:17)

  console.log
      • Tenant: test-tenant-e2e

      at Object.log (tests/e2e/complete-workflow.e2e.test.js:471:17)

  console.log
      • Correlation ID: e2e-workflow-1774951077304

      at Object.log (tests/e2e/complete-workflow.e2e.test.js:472:17)

  console.log
      • Resolution: Restart payment-service (confidence: 85%)

      at Object.log (tests/e2e/complete-workflow.e2e.test.js:473:17)

  console.log
      • Duration: 180000ms (~3 minutes)

      at Object.log (tests/e2e/complete-workflow.e2e.test.js:476:17)

  console.log
      • Error Rate: 32% → 0.5%

      at Object.log (tests/e2e/complete-workflow.e2e.test.js:477:17)

  console.log
      • Affected Users Protected: 5000

      at Object.log (tests/e2e/complete-workflow.e2e.test.js:478:17)

  console.log
      • Revenue Protected: $50000

      at Object.log (tests/e2e/complete-workflow.e2e.test.js:479:17)

  console.log
    
    [E2E Test] Features Validated:

      at Object.log (tests/e2e/complete-workflow.e2e.test.js:480:17)

  console.log
    ✓ Phase 1: Multi-tenant, authentication, policy engine, audit trail

      at Object.log (tests/e2e/complete-workflow.e2e.test.js:481:17)

  console.log
    ✓ Phase 2: Message ordering, DLQ, runbook execution, escalation

      at Object.log (tests/e2e/complete-workflow.e2e.test.js:482:17)

  console.log
    ✓ Phase 2: Notifications, action learning, incident timeline

      at Object.log (tests/e2e/complete-workflow.e2e.test.js:483:17)

  console.log
    
    [E2E Test] Status: PRODUCTION READY

      at Object.log (tests/e2e/complete-workflow.e2e.test.js:484:17)

  console.log
    [E2E Test] ✓ Failure escalation workflow successful

      at Object.log (tests/e2e/complete-workflow.e2e.test.js:532:15)

  console.warn
    [runbook-execution] Could not save to DB, using in-memory execution

    [0m [90m 124 |[39m       } [36mcatch[39m (dbError) {
     [90m 125 |[39m         [90m// If DB save fails (e.g., in tests), just use the object[39m
    [31m[1m>[22m[39m[90m 126 |[39m         console[33m.[39mwarn([32m'[runbook-execution] Could not save to DB, using in-memory execution'[39m)[33m;[39m
     [90m     |[39m                 [31m[1m^[22m[39m
     [90m 127 |[39m         execution [33m=[39m executionData[33m;[39m
     [90m 128 |[39m         execution[33m.[39m_id [33m=[39m [32m'mock-'[39m [33m+[39m [33mDate[39m[33m.[39mnow()[33m;[39m
     [90m 129 |[39m         execution[33m.[39mexecutionId [33m=[39m execution[33m.[39m_id[33m;[39m[0m

      at RunbookExecutionService.warn [as executeRunbook] (services/execution/runbookExecutionService.js:126:17)
      at Object.<anonymous> (tests/e2e/complete-workflow.e2e.test.js:564:25)

  console.log
    [runbook-execution] Starting execution of runbook: ScaleDatabase (mock-1774951077818)

      at RunbookExecutionService.log [as executeRunbook] (services/execution/runbookExecutionService.js:136:15)

  console.log
    [runbook-execution] Executing step 1: CREATE_BACKUP

      at RunbookExecutionService.log [as executeRunbook] (services/execution/runbookExecutionService.js:150:19)

  console.log
    [runbook-execution] ✓ Step 1 completed successfully

      at RunbookExecutionService.log [as executeRunbook] (services/execution/runbookExecutionService.js:172:19)

  console.log
    [runbook-execution] Executing step 2: SCALE_DATABASE

      at RunbookExecutionService.log [as executeRunbook] (services/execution/runbookExecutionService.js:150:19)

  console.log
    [runbook-execution] ✓ Step 2 completed successfully

      at RunbookExecutionService.log [as executeRunbook] (services/execution/runbookExecutionService.js:172:19)

  console.log
    [runbook-execution] ✓ Runbook execution returned: RUNNING

      at RunbookExecutionService.log [as executeRunbook] (services/execution/runbookExecutionService.js:228:15)

  console.log
    [E2E Test] ✓ Rollback executed successfully

      at Object.log (tests/e2e/complete-workflow.e2e.test.js:574:15)

PASS tests/e2e/complete-workflow.e2e.test.js
  End-to-End: Complete Incident Resolution Workflow
    Complete Production Incident Workflow
      √ should resolve incident from detection to resolution with all Phase 1 & 2 features (413 ms)
    Failure Scenarios & Recovery
      √ should handle runbook failure and trigger escalation (37 ms)
      √ should support rollback on critical failure (39 ms)

[32minfo[39m: Decision made {"context":{"action":"scale-replicas","confidence":"0.92","decisionId":"decision-123","patternDetected":"HIGH_LATENCY","severity":"HIGH","tenantId":"tenant-1","tier":"AUTO_EXECUTE","timestamp":"2026-03-31T09:57:58.379Z"},"environment":"test","service":"test-service","timestamp":"2026-03-31 15:27:58.380"}
[32minfo[39m: Action SUCCESS {"context":{"action":"scale-replicas","actionId":"action-456","decisionId":"decision-123","durationMs":250,"podsScaled":5,"result":"SUCCESS","tenantId":"tenant-1","timestamp":"2026-03-31T09:57:58.393Z"},"environment":"test","service":"test-service","timestamp":"2026-03-31 15:27:58.393"}
[33mwarn[39m: Security: XSS_DETECTED {"context":{"endpoint":"/api/v1/feedback","eventType":"XSS_DETECTED","message":"Malicious script blocked in feedback field","payload":"<script>...","tenantId":"tenant-1","timestamp":"2026-03-31T09:57:58.399Z"},"environment":"test","service":"test-service","timestamp":"2026-03-31 15:27:58.399"}
[31merror[39m: Test operation failed {"context":{"error":"Test error","operation":"testOperation","stack":"Error: Test error\n    at Object.<anonymous> (C:\\Users\\J SUHAS\\OneDrive\\Desktop\\backend tracker\\backend\\tests\\phase2-observability.test.js:56:21)\n    at Promise.then.completed (C:\\Users\\J SUHAS\\OneDrive\\Desktop\\backend tracker\\backend\\node_modules\\jest-circus\\build\\utils.js:298:28)\n    at new Promise (<anonymous>)\n    at callAsyncCircusFn (C:\\Users\\J SUHAS\\OneDrive\\Desktop\\backend tracker\\backend\\node_modules\\jest-circus\\build\\utils.js:231:10)\n    at _callCircusTest (C:\\Users\\J SUHAS\\OneDrive\\Desktop\\backend tracker\\backend\\node_modules\\jest-circus\\build\\run.js:316:40)\n    at runNextTicks (node:internal/process/task_queues:60:5)\n    at processImmediate (node:internal/timers:454:9)\n    at _runTest (C:\\Users\\J SUHAS\\OneDrive\\Desktop\\backend tracker\\backend\\node_modules\\jest-circus\\build\\run.js:252:3)\n    at _runTestsForDescribeBlock (C:\\Users\\J SUHAS\\OneDrive\\Desktop\\backend tracker\\backend\\node_modules\\jest-circus\\build\\run.js:126:9)\n    at _runTestsForDescribeBlock (C:\\Users\\J SUHAS\\OneDrive\\Desktop\\backend tracker\\backend\\node_modules\\jest-circus\\build\\run.js:121:9)\n    at _runTestsForDescribeBlock (C:\\Users\\J SUHAS\\OneDrive\\Desktop\\backend tracker\\backend\\node_modules\\jest-circus\\build\\run.js:121:9)\n    at run (C:\\Users\\J SUHAS\\OneDrive\\Desktop\\backend tracker\\backend\\node_modules\\jest-circus\\build\\run.js:71:3)\n    at runAndTransformResultsToJestFormat (C:\\Users\\J SUHAS\\OneDrive\\Desktop\\backend tracker\\backend\\node_modules\\jest-circus\\build\\legacy-code-todo-rewrite\\jestAdapterInit.js:122:21)\n    at jestAdapter (C:\\Users\\J SUHAS\\OneDrive\\Desktop\\backend tracker\\backend\\node_modules\\jest-circus\\build\\legacy-code-todo-rewrite\\jestAdapter.js:79:19)\n    at runTestInternal (c:\\Users\\J SUHAS\\OneDrive\\Desktop\\backend tracker\\backend\\node_modules\\jest-runner\\build\\runTest.js:367:16)\n    at runTest (c:\\Users\\J SUHAS\\OneDrive\\Desktop\\backend tracker\\backend\\node_modules\\jest-runner\\build\\runTest.js:444:34)","tenantId":"tenant-1","timestamp":"2026-03-31T09:57:58.421Z"},"environment":"test","service":"test-service","timestamp":"2026-03-31 15:27:58.421"}
[32minfo[39m: Decision made {"context":{"action":"scale-replicas","confidence":"0.92","decisionId":"decision-123","patternDetected":"HIGH_LATENCY","tenantId":"tenant-1","tier":"AUTO_EXECUTE","timestamp":"2026-03-31T09:57:58.476Z"},"environment":"test","service":"test-service","timestamp":"2026-03-31 15:27:58.476"}
[32minfo[39m: Action SUCCESS {"context":{"action":"scale-replicas","actionId":"action-456","decisionId":"decision-123","podsScaled":5,"result":"SUCCESS","tenantId":"tenant-1","timestamp":"2026-03-31T09:57:58.482Z"},"environment":"test","service":"test-service","timestamp":"2026-03-31 15:27:58.483"}
[32minfo[39m: Decision made {"context":{"action":"scale-replicas","confidence":"0.92","decisionId":"decision-123","incidentId":"incident-789","pattern":"HIGH_LATENCY","tenantId":"tenant-1","tier":"AUTO_EXECUTE","timestamp":"2026-03-31T09:57:58.486Z"},"environment":"test","service":"test-service","timestamp":"2026-03-31 15:27:58.486"}
[32minfo[39m: Action SUCCESS {"context":{"action":"scale-replicas","actionId":"action-456","decisionId":"decision-123","incidentId":"incident-789","result":"SUCCESS","tenantId":"tenant-1","timestamp":"2026-03-31T09:57:58.488Z"},"environment":"test","service":"test-service","timestamp":"2026-03-31 15:27:58.489"}
[32minfo[39m: Incident resolved {"context":{"duration":"PT5M","incidentId":"incident-789","recoveryTime":300,"tenantId":"tenant-1","timestamp":"2026-03-31T09:57:58.491Z"},"environment":"test","service":"test-service","timestamp":"2026-03-31 15:27:58.491"}
[32minfo[39m: Message 0 {"context":{"index":0,"timestamp":"2026-03-31T09:57:58.503Z"},"environment":"test","service":"test-service","timestamp":"2026-03-31 15:27:58.503"}
[32minfo[39m: Message 1 {"context":{"index":1,"timestamp":"2026-03-31T09:57:58.505Z"},"environment":"test","service":"test-service","timestamp":"2026-03-31 15:27:58.505"}
[32minfo[39m: Message 2 {"context":{"index":2,"timestamp":"2026-03-31T09:57:58.507Z"},"environment":"test","service":"test-service","timestamp":"2026-03-31 15:27:58.507"}
[32minfo[39m: Message 3 {"context":{"index":3,"timestamp":"2026-03-31T09:57:58.509Z"},"environment":"test","service":"test-service","timestamp":"2026-03-31 15:27:58.509"}
[32minfo[39m: Message 4 {"context":{"index":4,"timestamp":"2026-03-31T09:57:58.510Z"},"environment":"test","service":"test-service","timestamp":"2026-03-31 15:27:58.510"}
[32minfo[39m: Message 5 {"context":{"index":5,"timestamp":"2026-03-31T09:57:58.514Z"},"environment":"test","service":"test-service","timestamp":"2026-03-31 15:27:58.514"}
[32minfo[39m: Message 6 {"context":{"index":6,"timestamp":"2026-03-31T09:57:58.516Z"},"environment":"test","service":"test-service","timestamp":"2026-03-31 15:27:58.516"}
[32minfo[39m: Message 7 {"context":{"index":7,"timestamp":"2026-03-31T09:57:58.519Z"},"environment":"test","service":"test-service","timestamp":"2026-03-31 15:27:58.519"}
[32minfo[39m: Message 8 {"context":{"index":8,"timestamp":"2026-03-31T09:57:58.520Z"},"environment":"test","service":"test-service","timestamp":"2026-03-31 15:27:58.520"}
[32minfo[39m: Message 9 {"context":{"index":9,"timestamp":"2026-03-31T09:57:58.525Z"},"environment":"test","service":"test-service","timestamp":"2026-03-31 15:27:58.525"}
[32minfo[39m: Message 10 {"context":{"index":10,"timestamp":"2026-03-31T09:57:58.526Z"},"environment":"test","service":"test-service","timestamp":"2026-03-31 15:27:58.526"}
[32minfo[39m: Message 11 {"context":{"index":11,"timestamp":"2026-03-31T09:57:58.530Z"},"environment":"test","service":"test-service","timestamp":"2026-03-31 15:27:58.530"}
[32minfo[39m: Message 12 {"context":{"index":12,"timestamp":"2026-03-31T09:57:58.533Z"},"environment":"test","service":"test-service","timestamp":"2026-03-31 15:27:58.533"}
[32minfo[39m: Message 13 {"context":{"index":13,"timestamp":"2026-03-31T09:57:58.535Z"},"environment":"test","service":"test-service","timestamp":"2026-03-31 15:27:58.535"}
[32minfo[39m: Message 14 {"context":{"index":14,"timestamp":"2026-03-31T09:57:58.537Z"},"environment":"test","service":"test-service","timestamp":"2026-03-31 15:27:58.537"}
[32minfo[39m: Message 15 {"context":{"index":15,"timestamp":"2026-03-31T09:57:58.539Z"},"environment":"test","service":"test-service","timestamp":"2026-03-31 15:27:58.539"}
[32minfo[39m: Message 16 {"context":{"index":16,"timestamp":"2026-03-31T09:57:58.541Z"},"environment":"test","service":"test-service","timestamp":"2026-03-31 15:27:58.541"}
[32minfo[39m: Message 17 {"context":{"index":17,"timestamp":"2026-03-31T09:57:58.542Z"},"environment":"test","service":"test-service","timestamp":"2026-03-31 15:27:58.542"}
[32minfo[39m: Message 18 {"context":{"index":18,"timestamp":"2026-03-31T09:57:58.544Z"},"environment":"test","service":"test-service","timestamp":"2026-03-31 15:27:58.544"}
[32minfo[39m: Message 19 {"context":{"index":19,"timestamp":"2026-03-31T09:57:58.549Z"},"environment":"test","service":"test-service","timestamp":"2026-03-31 15:27:58.549"}
[32minfo[39m: Message 20 {"context":{"index":20,"timestamp":"2026-03-31T09:57:58.553Z"},"environment":"test","service":"test-service","timestamp":"2026-03-31 15:27:58.553"}
[32minfo[39m: Message 21 {"context":{"index":21,"timestamp":"2026-03-31T09:57:58.555Z"},"environment":"test","service":"test-service","timestamp":"2026-03-31 15:27:58.555"}
[32minfo[39m: Message 22 {"context":{"index":22,"timestamp":"2026-03-31T09:57:58.556Z"},"environment":"test","service":"test-service","timestamp":"2026-03-31 15:27:58.556"}
[32minfo[39m: Message 23 {"context":{"index":23,"timestamp":"2026-03-31T09:57:58.558Z"},"environment":"test","service":"test-service","timestamp":"2026-03-31 15:27:58.558"}
[32minfo[39m: Message 24 {"context":{"index":24,"timestamp":"2026-03-31T09:57:58.560Z"},"environment":"test","service":"test-service","timestamp":"2026-03-31 15:27:58.560"}
[32minfo[39m: Message 25 {"context":{"index":25,"timestamp":"2026-03-31T09:57:58.562Z"},"environment":"test","service":"test-service","timestamp":"2026-03-31 15:27:58.563"}
[32minfo[39m: Message 26 {"context":{"index":26,"timestamp":"2026-03-31T09:57:58.565Z"},"environment":"test","service":"test-service","timestamp":"2026-03-31 15:27:58.565"}
[32minfo[39m: Message 27 {"context":{"index":27,"timestamp":"2026-03-31T09:57:58.567Z"},"environment":"test","service":"test-service","timestamp":"2026-03-31 15:27:58.567"}
[32minfo[39m: Message 28 {"context":{"index":28,"timestamp":"2026-03-31T09:57:58.569Z"},"environment":"test","service":"test-service","timestamp":"2026-03-31 15:27:58.569"}
[32minfo[39m: Message 29 {"context":{"index":29,"timestamp":"2026-03-31T09:57:58.570Z"},"environment":"test","service":"test-service","timestamp":"2026-03-31 15:27:58.570"}
[32minfo[39m: Message 30 {"context":{"index":30,"timestamp":"2026-03-31T09:57:58.572Z"},"environment":"test","service":"test-service","timestamp":"2026-03-31 15:27:58.572"}
[32minfo[39m: Message 31 {"context":{"index":31,"timestamp":"2026-03-31T09:57:58.575Z"},"environment":"test","service":"test-service","timestamp":"2026-03-31 15:27:58.575"}
[32minfo[39m: Message 32 {"context":{"index":32,"timestamp":"2026-03-31T09:57:58.578Z"},"environment":"test","service":"test-service","timestamp":"2026-03-31 15:27:58.578"}
[32minfo[39m: Message 33 {"context":{"index":33,"timestamp":"2026-03-31T09:57:58.581Z"},"environment":"test","service":"test-service","timestamp":"2026-03-31 15:27:58.581"}
[32minfo[39m: Message 34 {"context":{"index":34,"timestamp":"2026-03-31T09:57:58.583Z"},"environment":"test","service":"test-service","timestamp":"2026-03-31 15:27:58.583"}
[32minfo[39m: Message 35 {"context":{"index":35,"timestamp":"2026-03-31T09:57:58.585Z"},"environment":"test","service":"test-service","timestamp":"2026-03-31 15:27:58.585"}
[32minfo[39m: Message 36 {"context":{"index":36,"timestamp":"2026-03-31T09:57:58.586Z"},"environment":"test","service":"test-service","timestamp":"2026-03-31 15:27:58.586"}
[32minfo[39m: Message 37 {"context":{"index":37,"timestamp":"2026-03-31T09:57:58.588Z"},"environment":"test","service":"test-service","timestamp":"2026-03-31 15:27:58.588"}
[32minfo[39m: Message 38 {"context":{"index":38,"timestamp":"2026-03-31T09:57:58.590Z"},"environment":"test","service":"test-service","timestamp":"2026-03-31 15:27:58.590"}
[32minfo[39m: Message 39 {"context":{"index":39,"timestamp":"2026-03-31T09:57:58.592Z"},"environment":"test","service":"test-service","timestamp":"2026-03-31 15:27:58.592"}
[32minfo[39m: Message 40 {"context":{"index":40,"timestamp":"2026-03-31T09:57:58.594Z"},"environment":"test","service":"test-service","timestamp":"2026-03-31 15:27:58.594"}
[32minfo[39m: Message 41 {"context":{"index":41,"timestamp":"2026-03-31T09:57:58.597Z"},"environment":"test","service":"test-service","timestamp":"2026-03-31 15:27:58.597"}
[32minfo[39m: Message 42 {"context":{"index":42,"timestamp":"2026-03-31T09:57:58.599Z"},"environment":"test","service":"test-service","timestamp":"2026-03-31 15:27:58.599"}
[32minfo[39m: Message 43 {"context":{"index":43,"timestamp":"2026-03-31T09:57:58.603Z"},"environment":"test","service":"test-service","timestamp":"2026-03-31 15:27:58.603"}
[32minfo[39m: Message 44 {"context":{"index":44,"timestamp":"2026-03-31T09:57:58.605Z"},"environment":"test","service":"test-service","timestamp":"2026-03-31 15:27:58.605"}
[32minfo[39m: Message 45 {"context":{"index":45,"timestamp":"2026-03-31T09:57:58.607Z"},"environment":"test","service":"test-service","timestamp":"2026-03-31 15:27:58.607"}
[32minfo[39m: Message 46 {"context":{"index":46,"timestamp":"2026-03-31T09:57:58.609Z"},"environment":"test","service":"test-service","timestamp":"2026-03-31 15:27:58.609"}
[32minfo[39m: Message 47 {"context":{"index":47,"timestamp":"2026-03-31T09:57:58.611Z"},"environment":"test","service":"test-service","timestamp":"2026-03-31 15:27:58.611"}
[32minfo[39m: Message 48 {"context":{"index":48,"timestamp":"2026-03-31T09:57:58.614Z"},"environment":"test","service":"test-service","timestamp":"2026-03-31 15:27:58.614"}
[32minfo[39m: Message 49 {"context":{"index":49,"timestamp":"2026-03-31T09:57:58.616Z"},"environment":"test","service":"test-service","timestamp":"2026-03-31 15:27:58.616"}
[32minfo[39m: Message 50 {"context":{"index":50,"timestamp":"2026-03-31T09:57:58.619Z"},"environment":"test","service":"test-service","timestamp":"2026-03-31 15:27:58.619"}
[32minfo[39m: Message 51 {"context":{"index":51,"timestamp":"2026-03-31T09:57:58.621Z"},"environment":"test","service":"test-service","timestamp":"2026-03-31 15:27:58.621"}
[32minfo[39m: Message 52 {"context":{"index":52,"timestamp":"2026-03-31T09:57:58.623Z"},"environment":"test","service":"test-service","timestamp":"2026-03-31 15:27:58.623"}
[32minfo[39m: Message 53 {"context":{"index":53,"timestamp":"2026-03-31T09:57:58.625Z"},"environment":"test","service":"test-service","timestamp":"2026-03-31 15:27:58.625"}
[32minfo[39m: Message 54 {"context":{"index":54,"timestamp":"2026-03-31T09:57:58.630Z"},"environment":"test","service":"test-service","timestamp":"2026-03-31 15:27:58.630"}
[32minfo[39m: Message 55 {"context":{"index":55,"timestamp":"2026-03-31T09:57:58.640Z"},"environment":"test","service":"test-service","timestamp":"2026-03-31 15:27:58.640"}
[32minfo[39m: Message 56 {"context":{"index":56,"timestamp":"2026-03-31T09:57:58.642Z"},"environment":"test","service":"test-service","timestamp":"2026-03-31 15:27:58.642"}
[32minfo[39m: Message 57 {"context":{"index":57,"timestamp":"2026-03-31T09:57:58.644Z"},"environment":"test","service":"test-service","timestamp":"2026-03-31 15:27:58.644"}
[32minfo[39m: Message 58 {"context":{"index":58,"timestamp":"2026-03-31T09:57:58.647Z"},"environment":"test","service":"test-service","timestamp":"2026-03-31 15:27:58.647"}
[32minfo[39m: Message 59 {"context":{"index":59,"timestamp":"2026-03-31T09:57:58.650Z"},"environment":"test","service":"test-service","timestamp":"2026-03-31 15:27:58.650"}
[32minfo[39m: Message 60 {"context":{"index":60,"timestamp":"2026-03-31T09:57:58.651Z"},"environment":"test","service":"test-service","timestamp":"2026-03-31 15:27:58.651"}
[32minfo[39m: Message 61 {"context":{"index":61,"timestamp":"2026-03-31T09:57:58.653Z"},"environment":"test","service":"test-service","timestamp":"2026-03-31 15:27:58.653"}
[32minfo[39m: Message 62 {"context":{"index":62,"timestamp":"2026-03-31T09:57:58.654Z"},"environment":"test","service":"test-service","timestamp":"2026-03-31 15:27:58.654"}
[32minfo[39m: Message 63 {"context":{"index":63,"timestamp":"2026-03-31T09:57:58.656Z"},"environment":"test","service":"test-service","timestamp":"2026-03-31 15:27:58.656"}
[32minfo[39m: Message 64 {"context":{"index":64,"timestamp":"2026-03-31T09:57:58.658Z"},"environment":"test","service":"test-service","timestamp":"2026-03-31 15:27:58.658"}
[32minfo[39m: Message 65 {"context":{"index":65,"timestamp":"2026-03-31T09:57:58.661Z"},"environment":"test","service":"test-service","timestamp":"2026-03-31 15:27:58.661"}
[32minfo[39m: Message 66 {"context":{"index":66,"timestamp":"2026-03-31T09:57:58.664Z"},"environment":"test","service":"test-service","timestamp":"2026-03-31 15:27:58.664"}
[32minfo[39m: Message 67 {"context":{"index":67,"timestamp":"2026-03-31T09:57:58.666Z"},"environment":"test","service":"test-service","timestamp":"2026-03-31 15:27:58.666"}
[32minfo[39m: Message 68 {"context":{"index":68,"timestamp":"2026-03-31T09:57:58.668Z"},"environment":"test","service":"test-service","timestamp":"2026-03-31 15:27:58.668"}
[32minfo[39m: Message 69 {"context":{"index":69,"timestamp":"2026-03-31T09:57:58.670Z"},"environment":"test","service":"test-service","timestamp":"2026-03-31 15:27:58.670"}
[32minfo[39m: Message 70 {"context":{"index":70,"timestamp":"2026-03-31T09:57:58.671Z"},"environment":"test","service":"test-service","timestamp":"2026-03-31 15:27:58.671"}
[32minfo[39m: Message 71 {"context":{"index":71,"timestamp":"2026-03-31T09:57:58.673Z"},"environment":"test","service":"test-service","timestamp":"2026-03-31 15:27:58.673"}
[32minfo[39m: Message 72 {"context":{"index":72,"timestamp":"2026-03-31T09:57:58.674Z"},"environment":"test","service":"test-service","timestamp":"2026-03-31 15:27:58.674"}
[32minfo[39m: Message 73 {"context":{"index":73,"timestamp":"2026-03-31T09:57:58.676Z"},"environment":"test","service":"test-service","timestamp":"2026-03-31 15:27:58.676"}
[32minfo[39m: Message 74 {"context":{"index":74,"timestamp":"2026-03-31T09:57:58.678Z"},"environment":"test","service":"test-service","timestamp":"2026-03-31 15:27:58.678"}
[32minfo[39m: Message 75 {"context":{"index":75,"timestamp":"2026-03-31T09:57:58.681Z"},"environment":"test","service":"test-service","timestamp":"2026-03-31 15:27:58.681"}
[32minfo[39m: Message 76 {"context":{"index":76,"timestamp":"2026-03-31T09:57:58.686Z"},"environment":"test","service":"test-service","timestamp":"2026-03-31 15:27:58.686"}
[32minfo[39m: Message 77 {"context":{"index":77,"timestamp":"2026-03-31T09:57:58.688Z"},"environment":"test","service":"test-service","timestamp":"2026-03-31 15:27:58.688"}
[32minfo[39m: Message 78 {"context":{"index":78,"timestamp":"2026-03-31T09:57:58.689Z"},"environment":"test","service":"test-service","timestamp":"2026-03-31 15:27:58.689"}
[32minfo[39m: Message 79 {"context":{"index":79,"timestamp":"2026-03-31T09:57:58.691Z"},"environment":"test","service":"test-service","timestamp":"2026-03-31 15:27:58.691"}
[32minfo[39m: Message 80 {"context":{"index":80,"timestamp":"2026-03-31T09:57:58.693Z"},"environment":"test","service":"test-service","timestamp":"2026-03-31 15:27:58.693"}
[32minfo[39m: Message 81 {"context":{"index":81,"timestamp":"2026-03-31T09:57:58.697Z"},"environment":"test","service":"test-service","timestamp":"2026-03-31 15:27:58.697"}
[32minfo[39m: Message 82 {"context":{"index":82,"timestamp":"2026-03-31T09:57:58.700Z"},"environment":"test","service":"test-service","timestamp":"2026-03-31 15:27:58.700"}
[32minfo[39m: Message 83 {"context":{"index":83,"timestamp":"2026-03-31T09:57:58.701Z"},"environment":"test","service":"test-service","timestamp":"2026-03-31 15:27:58.701"}
[32minfo[39m: Message 84 {"context":{"index":84,"timestamp":"2026-03-31T09:57:58.703Z"},"environment":"test","service":"test-service","timestamp":"2026-03-31 15:27:58.703"}
[32minfo[39m: Message 85 {"context":{"index":85,"timestamp":"2026-03-31T09:57:58.705Z"},"environment":"test","service":"test-service","timestamp":"2026-03-31 15:27:58.705"}
[32minfo[39m: Message 86 {"context":{"index":86,"timestamp":"2026-03-31T09:57:58.706Z"},"environment":"test","service":"test-service","timestamp":"2026-03-31 15:27:58.706"}
[32minfo[39m: Message 87 {"context":{"index":87,"timestamp":"2026-03-31T09:57:58.710Z"},"environment":"test","service":"test-service","timestamp":"2026-03-31 15:27:58.710"}
[32minfo[39m: Message 88 {"context":{"index":88,"timestamp":"2026-03-31T09:57:58.713Z"},"environment":"test","service":"test-service","timestamp":"2026-03-31 15:27:58.713"}
[32minfo[39m: Message 89 {"context":{"index":89,"timestamp":"2026-03-31T09:57:58.715Z"},"environment":"test","service":"test-service","timestamp":"2026-03-31 15:27:58.715"}
[32minfo[39m: Message 90 {"context":{"index":90,"timestamp":"2026-03-31T09:57:58.717Z"},"environment":"test","service":"test-service","timestamp":"2026-03-31 15:27:58.717"}
[32minfo[39m: Message 91 {"context":{"index":91,"timestamp":"2026-03-31T09:57:58.719Z"},"environment":"test","service":"test-service","timestamp":"2026-03-31 15:27:58.719"}
[32minfo[39m: Message 92 {"context":{"index":92,"timestamp":"2026-03-31T09:57:58.721Z"},"environment":"test","service":"test-service","timestamp":"2026-03-31 15:27:58.721"}
[32minfo[39m: Message 93 {"context":{"index":93,"timestamp":"2026-03-31T09:57:58.722Z"},"environment":"test","service":"test-service","timestamp":"2026-03-31 15:27:58.722"}
[32minfo[39m: Message 94 {"context":{"index":94,"timestamp":"2026-03-31T09:57:58.724Z"},"environment":"test","service":"test-service","timestamp":"2026-03-31 15:27:58.724"}
[32minfo[39m: Message 95 {"context":{"index":95,"timestamp":"2026-03-31T09:57:58.725Z"},"environment":"test","service":"test-service","timestamp":"2026-03-31 15:27:58.725"}
[32minfo[39m: Message 96 {"context":{"index":96,"timestamp":"2026-03-31T09:57:58.727Z"},"environment":"test","service":"test-service","timestamp":"2026-03-31 15:27:58.728"}
[32minfo[39m: Message 97 {"context":{"index":97,"timestamp":"2026-03-31T09:57:58.731Z"},"environment":"test","service":"test-service","timestamp":"2026-03-31 15:27:58.731"}
[32minfo[39m: Message 98 {"context":{"index":98,"timestamp":"2026-03-31T09:57:58.735Z"},"environment":"test","service":"test-service","timestamp":"2026-03-31 15:27:58.735"}
[32minfo[39m: Message 99 {"context":{"index":99,"timestamp":"2026-03-31T09:57:58.737Z"},"environment":"test","service":"test-service","timestamp":"2026-03-31 15:27:58.737"}
[32minfo[39m: Message 100 {"context":{"index":100,"timestamp":"2026-03-31T09:57:58.738Z"},"environment":"test","service":"test-service","timestamp":"2026-03-31 15:27:58.738"}
[32minfo[39m: Message 101 {"context":{"index":101,"timestamp":"2026-03-31T09:57:58.740Z"},"environment":"test","service":"test-service","timestamp":"2026-03-31 15:27:58.740"}
[32minfo[39m: Message 102 {"context":{"index":102,"timestamp":"2026-03-31T09:57:58.743Z"},"environment":"test","service":"test-service","timestamp":"2026-03-31 15:27:58.743"}
[32minfo[39m: Message 103 {"context":{"index":103,"timestamp":"2026-03-31T09:57:58.746Z"},"environment":"test","service":"test-service","timestamp":"2026-03-31 15:27:58.746"}
[32minfo[39m: Message 104 {"context":{"index":104,"timestamp":"2026-03-31T09:57:58.749Z"},"environment":"test","service":"test-service","timestamp":"2026-03-31 15:27:58.749"}
[32minfo[39m: Message 105 {"context":{"index":105,"timestamp":"2026-03-31T09:57:58.752Z"},"environment":"test","service":"test-service","timestamp":"2026-03-31 15:27:58.752"}
[32minfo[39m: Message 106 {"context":{"index":106,"timestamp":"2026-03-31T09:57:58.753Z"},"environment":"test","service":"test-service","timestamp":"2026-03-31 15:27:58.753"}
[32minfo[39m: Message 107 {"context":{"index":107,"timestamp":"2026-03-31T09:57:58.754Z"},"environment":"test","service":"test-service","timestamp":"2026-03-31 15:27:58.754"}
[32minfo[39m: Message 108 {"context":{"index":108,"timestamp":"2026-03-31T09:57:58.755Z"},"environment":"test","service":"test-service","timestamp":"2026-03-31 15:27:58.755"}
[32minfo[39m: Message 109 {"context":{"index":109,"timestamp":"2026-03-31T09:57:58.757Z"},"environment":"test","service":"test-service","timestamp":"2026-03-31 15:27:58.757"}
[32minfo[39m: Message 110 {"context":{"index":110,"timestamp":"2026-03-31T09:57:58.764Z"},"environment":"test","service":"test-service","timestamp":"2026-03-31 15:27:58.764"}
[32minfo[39m: Message 111 {"context":{"index":111,"timestamp":"2026-03-31T09:57:58.768Z"},"environment":"test","service":"test-service","timestamp":"2026-03-31 15:27:58.768"}
[32minfo[39m: Message 112 {"context":{"index":112,"timestamp":"2026-03-31T09:57:58.770Z"},"environment":"test","service":"test-service","timestamp":"2026-03-31 15:27:58.770"}
[32minfo[39m: Message 113 {"context":{"index":113,"timestamp":"2026-03-31T09:57:58.771Z"},"environment":"test","service":"test-service","timestamp":"2026-03-31 15:27:58.771"}
[32minfo[39m: Message 114 {"context":{"index":114,"timestamp":"2026-03-31T09:57:58.772Z"},"environment":"test","service":"test-service","timestamp":"2026-03-31 15:27:58.772"}
[32minfo[39m: Message 115 {"context":{"index":115,"timestamp":"2026-03-31T09:57:58.774Z"},"environment":"test","service":"test-service","timestamp":"2026-03-31 15:27:58.774"}
[32minfo[39m: Message 116 {"context":{"index":116,"timestamp":"2026-03-31T09:57:58.775Z"},"environment":"test","service":"test-service","timestamp":"2026-03-31 15:27:58.775"}
[32minfo[39m: Message 117 {"context":{"index":117,"timestamp":"2026-03-31T09:57:58.776Z"},"environment":"test","service":"test-service","timestamp":"2026-03-31 15:27:58.776"}
[32minfo[39m: Message 118 {"context":{"index":118,"timestamp":"2026-03-31T09:57:58.777Z"},"environment":"test","service":"test-service","timestamp":"2026-03-31 15:27:58.777"}
[32minfo[39m: Message 119 {"context":{"index":119,"timestamp":"2026-03-31T09:57:58.781Z"},"environment":"test","service":"test-service","timestamp":"2026-03-31 15:27:58.781"}
[32minfo[39m: Message 120 {"context":{"index":120,"timestamp":"2026-03-31T09:57:58.783Z"},"environment":"test","service":"test-service","timestamp":"2026-03-31 15:27:58.783"}
[32minfo[39m: Message 121 {"context":{"index":121,"timestamp":"2026-03-31T09:57:58.784Z"},"environment":"test","service":"test-service","timestamp":"2026-03-31 15:27:58.784"}
[32minfo[39m: Message 122 {"context":{"index":122,"timestamp":"2026-03-31T09:57:58.785Z"},"environment":"test","service":"test-service","timestamp":"2026-03-31 15:27:58.785"}
[32minfo[39m: Message 123 {"context":{"index":123,"timestamp":"2026-03-31T09:57:58.786Z"},"environment":"test","service":"test-service","timestamp":"2026-03-31 15:27:58.786"}
[32minfo[39m: Message 124 {"context":{"index":124,"timestamp":"2026-03-31T09:57:58.788Z"},"environment":"test","service":"test-service","timestamp":"2026-03-31 15:27:58.788"}
[32minfo[39m: Message 125 {"context":{"index":125,"timestamp":"2026-03-31T09:57:58.789Z"},"environment":"test","service":"test-service","timestamp":"2026-03-31 15:27:58.789"}
[32minfo[39m: Message 126 {"context":{"index":126,"timestamp":"2026-03-31T09:57:58.792Z"},"environment":"test","service":"test-service","timestamp":"2026-03-31 15:27:58.792"}
[32minfo[39m: Message 127 {"context":{"index":127,"timestamp":"2026-03-31T09:57:58.794Z"},"environment":"test","service":"test-service","timestamp":"2026-03-31 15:27:58.794"}
[32minfo[39m: Message 128 {"context":{"index":128,"timestamp":"2026-03-31T09:57:58.796Z"},"environment":"test","service":"test-service","timestamp":"2026-03-31 15:27:58.796"}
[32minfo[39m: Message 129 {"context":{"index":129,"timestamp":"2026-03-31T09:57:58.799Z"},"environment":"test","service":"test-service","timestamp":"2026-03-31 15:27:58.799"}
[32minfo[39m: Message 130 {"context":{"index":130,"timestamp":"2026-03-31T09:57:58.801Z"},"environment":"test","service":"test-service","timestamp":"2026-03-31 15:27:58.801"}
[32minfo[39m: Message 131 {"context":{"index":131,"timestamp":"2026-03-31T09:57:58.802Z"},"environment":"test","service":"test-service","timestamp":"2026-03-31 15:27:58.803"}
[32minfo[39m: Message 132 {"context":{"index":132,"timestamp":"2026-03-31T09:57:58.804Z"},"environment":"test","service":"test-service","timestamp":"2026-03-31 15:27:58.804"}
[32minfo[39m: Message 133 {"context":{"index":133,"timestamp":"2026-03-31T09:57:58.805Z"},"environment":"test","service":"test-service","timestamp":"2026-03-31 15:27:58.805"}
[32minfo[39m: Message 134 {"context":{"index":134,"timestamp":"2026-03-31T09:57:58.808Z"},"environment":"test","service":"test-service","timestamp":"2026-03-31 15:27:58.808"}
[32minfo[39m: Message 135 {"context":{"index":135,"timestamp":"2026-03-31T09:57:58.810Z"},"environment":"test","service":"test-service","timestamp":"2026-03-31 15:27:58.810"}
[32minfo[39m: Message 136 {"context":{"index":136,"timestamp":"2026-03-31T09:57:58.815Z"},"environment":"test","service":"test-service","timestamp":"2026-03-31 15:27:58.815"}
[32minfo[39m: Message 137 {"context":{"index":137,"timestamp":"2026-03-31T09:57:58.816Z"},"environment":"test","service":"test-service","timestamp":"2026-03-31 15:27:58.816"}
[32minfo[39m: Message 138 {"context":{"index":138,"timestamp":"2026-03-31T09:57:58.819Z"},"environment":"test","service":"test-service","timestamp":"2026-03-31 15:27:58.819"}
[32minfo[39m: Message 139 {"context":{"index":139,"timestamp":"2026-03-31T09:57:58.821Z"},"environment":"test","service":"test-service","timestamp":"2026-03-31 15:27:58.821"}
[32minfo[39m: Message 140 {"context":{"index":140,"timestamp":"2026-03-31T09:57:58.823Z"},"environment":"test","service":"test-service","timestamp":"2026-03-31 15:27:58.824"}
[32minfo[39m: Message 141 {"context":{"index":141,"timestamp":"2026-03-31T09:57:58.827Z"},"environment":"test","service":"test-service","timestamp":"2026-03-31 15:27:58.827"}
[32minfo[39m: Message 142 {"context":{"index":142,"timestamp":"2026-03-31T09:57:58.829Z"},"environment":"test","service":"test-service","timestamp":"2026-03-31 15:27:58.829"}
[32minfo[39m: Message 143 {"context":{"index":143,"timestamp":"2026-03-31T09:57:58.832Z"},"environment":"test","service":"test-service","timestamp":"2026-03-31 15:27:58.832"}
[32minfo[39m: Message 144 {"context":{"index":144,"timestamp":"2026-03-31T09:57:58.834Z"},"environment":"test","service":"test-service","timestamp":"2026-03-31 15:27:58.834"}
[32minfo[39m: Message 145 {"context":{"index":145,"timestamp":"2026-03-31T09:57:58.835Z"},"environment":"test","service":"test-service","timestamp":"2026-03-31 15:27:58.835"}
[32minfo[39m: Message 146 {"context":{"index":146,"timestamp":"2026-03-31T09:57:58.836Z"},"environment":"test","service":"test-service","timestamp":"2026-03-31 15:27:58.836"}
[32minfo[39m: Message 147 {"context":{"index":147,"timestamp":"2026-03-31T09:57:58.838Z"},"environment":"test","service":"test-service","timestamp":"2026-03-31 15:27:58.838"}
[32minfo[39m: Message 148 {"context":{"index":148,"timestamp":"2026-03-31T09:57:58.839Z"},"environment":"test","service":"test-service","timestamp":"2026-03-31 15:27:58.839"}
[32minfo[39m: Message 149 {"context":{"index":149,"timestamp":"2026-03-31T09:57:58.841Z"},"environment":"test","service":"test-service","timestamp":"2026-03-31 15:27:58.841"}
[32minfo[39m: Message 150 {"context":{"index":150,"timestamp":"2026-03-31T09:57:58.842Z"},"environment":"test","service":"test-service","timestamp":"2026-03-31 15:27:58.842"}
[32minfo[39m: Message 151 {"context":{"index":151,"timestamp":"2026-03-31T09:57:58.843Z"},"environment":"test","service":"test-service","timestamp":"2026-03-31 15:27:58.843"}
[32minfo[39m: Message 152 {"context":{"index":152,"timestamp":"2026-03-31T09:57:58.844Z"},"environment":"test","service":"test-service","timestamp":"2026-03-31 15:27:58.844"}
[32minfo[39m: Message 153 {"context":{"index":153,"timestamp":"2026-03-31T09:57:58.847Z"},"environment":"test","service":"test-service","timestamp":"2026-03-31 15:27:58.847"}
[32minfo[39m: Message 154 {"context":{"index":154,"timestamp":"2026-03-31T09:57:58.849Z"},"environment":"test","service":"test-service","timestamp":"2026-03-31 15:27:58.849"}
[32minfo[39m: Message 155 {"context":{"index":155,"timestamp":"2026-03-31T09:57:58.852Z"},"environment":"test","service":"test-service","timestamp":"2026-03-31 15:27:58.852"}
[32minfo[39m: Message 156 {"context":{"index":156,"timestamp":"2026-03-31T09:57:58.855Z"},"environment":"test","service":"test-service","timestamp":"2026-03-31 15:27:58.855"}
[32minfo[39m: Message 157 {"context":{"index":157,"timestamp":"2026-03-31T09:57:58.856Z"},"environment":"test","service":"test-service","timestamp":"2026-03-31 15:27:58.856"}
[32minfo[39m: Message 158 {"context":{"index":158,"timestamp":"2026-03-31T09:57:58.858Z"},"environment":"test","service":"test-service","timestamp":"2026-03-31 15:27:58.858"}
[32minfo[39m: Message 159 {"context":{"index":159,"timestamp":"2026-03-31T09:57:58.859Z"},"environment":"test","service":"test-service","timestamp":"2026-03-31 15:27:58.859"}
[32minfo[39m: Message 160 {"context":{"index":160,"timestamp":"2026-03-31T09:57:58.860Z"},"environment":"test","service":"test-service","timestamp":"2026-03-31 15:27:58.860"}
[32minfo[39m: Message 161 {"context":{"index":161,"timestamp":"2026-03-31T09:57:58.862Z"},"environment":"test","service":"test-service","timestamp":"2026-03-31 15:27:58.862"}
[32minfo[39m: Message 162 {"context":{"index":162,"timestamp":"2026-03-31T09:57:58.864Z"},"environment":"test","service":"test-service","timestamp":"2026-03-31 15:27:58.864"}
[32minfo[39m: Message 163 {"context":{"index":163,"timestamp":"2026-03-31T09:57:58.866Z"},"environment":"test","service":"test-service","timestamp":"2026-03-31 15:27:58.866"}
[32minfo[39m: Message 164 {"context":{"index":164,"timestamp":"2026-03-31T09:57:58.867Z"},"environment":"test","service":"test-service","timestamp":"2026-03-31 15:27:58.867"}
[32minfo[39m: Message 165 {"context":{"index":165,"timestamp":"2026-03-31T09:57:58.869Z"},"environment":"test","service":"test-service","timestamp":"2026-03-31 15:27:58.869"}
[32minfo[39m: Message 166 {"context":{"index":166,"timestamp":"2026-03-31T09:57:58.871Z"},"environment":"test","service":"test-service","timestamp":"2026-03-31 15:27:58.871"}
[32minfo[39m: Message 167 {"context":{"index":167,"timestamp":"2026-03-31T09:57:58.872Z"},"environment":"test","service":"test-service","timestamp":"2026-03-31 15:27:58.872"}
[32minfo[39m: Message 168 {"context":{"index":168,"timestamp":"2026-03-31T09:57:58.874Z"},"environment":"test","service":"test-service","timestamp":"2026-03-31 15:27:58.874"}
[32minfo[39m: Message 169 {"context":{"index":169,"timestamp":"2026-03-31T09:57:58.876Z"},"environment":"test","service":"test-service","timestamp":"2026-03-31 15:27:58.876"}
[32minfo[39m: Message 170 {"context":{"index":170,"timestamp":"2026-03-31T09:57:58.877Z"},"environment":"test","service":"test-service","timestamp":"2026-03-31 15:27:58.877"}
[32minfo[39m: Message 171 {"context":{"index":171,"timestamp":"2026-03-31T09:57:58.879Z"},"environment":"test","service":"test-service","timestamp":"2026-03-31 15:27:58.879"}
[32minfo[39m: Message 172 {"context":{"index":172,"timestamp":"2026-03-31T09:57:58.884Z"},"environment":"test","service":"test-service","timestamp":"2026-03-31 15:27:58.884"}
[32minfo[39m: Message 173 {"context":{"index":173,"timestamp":"2026-03-31T09:57:58.885Z"},"environment":"test","service":"test-service","timestamp":"2026-03-31 15:27:58.885"}
[32minfo[39m: Message 174 {"context":{"index":174,"timestamp":"2026-03-31T09:57:58.887Z"},"environment":"test","service":"test-service","timestamp":"2026-03-31 15:27:58.887"}
[32minfo[39m: Message 175 {"context":{"index":175,"timestamp":"2026-03-31T09:57:58.888Z"},"environment":"test","service":"test-service","timestamp":"2026-03-31 15:27:58.888"}
[32minfo[39m: Message 176 {"context":{"index":176,"timestamp":"2026-03-31T09:57:58.889Z"},"environment":"test","service":"test-service","timestamp":"2026-03-31 15:27:58.889"}
[32minfo[39m: Message 177 {"context":{"index":177,"timestamp":"2026-03-31T09:57:58.890Z"},"environment":"test","service":"test-service","timestamp":"2026-03-31 15:27:58.890"}
[32minfo[39m: Message 178 {"context":{"index":178,"timestamp":"2026-03-31T09:57:58.892Z"},"environment":"test","service":"test-service","timestamp":"2026-03-31 15:27:58.892"}
[32minfo[39m: Message 179 {"context":{"index":179,"timestamp":"2026-03-31T09:57:58.893Z"},"environment":"test","service":"test-service","timestamp":"2026-03-31 15:27:58.893"}
[32minfo[39m: Message 180 {"context":{"index":180,"timestamp":"2026-03-31T09:57:58.894Z"},"environment":"test","service":"test-service","timestamp":"2026-03-31 15:27:58.894"}
[32minfo[39m: Message 181 {"context":{"index":181,"timestamp":"2026-03-31T09:57:58.896Z"},"environment":"test","service":"test-service","timestamp":"2026-03-31 15:27:58.896"}
[32minfo[39m: Message 182 {"context":{"index":182,"timestamp":"2026-03-31T09:57:58.898Z"},"environment":"test","service":"test-service","timestamp":"2026-03-31 15:27:58.899"}
[32minfo[39m: Message 183 {"context":{"index":183,"timestamp":"2026-03-31T09:57:58.900Z"},"environment":"test","service":"test-service","timestamp":"2026-03-31 15:27:58.900"}
[32minfo[39m: Message 184 {"context":{"index":184,"timestamp":"2026-03-31T09:57:58.901Z"},"environment":"test","service":"test-service","timestamp":"2026-03-31 15:27:58.901"}
[32minfo[39m: Message 185 {"context":{"index":185,"timestamp":"2026-03-31T09:57:58.902Z"},"environment":"test","service":"test-service","timestamp":"2026-03-31 15:27:58.902"}
[32minfo[39m: Message 186 {"context":{"index":186,"timestamp":"2026-03-31T09:57:58.903Z"},"environment":"test","service":"test-service","timestamp":"2026-03-31 15:27:58.903"}
[32minfo[39m: Message 187 {"context":{"index":187,"timestamp":"2026-03-31T09:57:58.906Z"},"environment":"test","service":"test-service","timestamp":"2026-03-31 15:27:58.906"}
[32minfo[39m: Message 188 {"context":{"index":188,"timestamp":"2026-03-31T09:57:58.908Z"},"environment":"test","service":"test-service","timestamp":"2026-03-31 15:27:58.908"}
[32minfo[39m: Message 189 {"context":{"index":189,"timestamp":"2026-03-31T09:57:58.909Z"},"environment":"test","service":"test-service","timestamp":"2026-03-31 15:27:58.909"}
[32minfo[39m: Message 190 {"context":{"index":190,"timestamp":"2026-03-31T09:57:58.910Z"},"environment":"test","service":"test-service","timestamp":"2026-03-31 15:27:58.910"}
[32minfo[39m: Message 191 {"context":{"index":191,"timestamp":"2026-03-31T09:57:58.912Z"},"environment":"test","service":"test-service","timestamp":"2026-03-31 15:27:58.912"}
[32minfo[39m: Message 192 {"context":{"index":192,"timestamp":"2026-03-31T09:57:58.915Z"},"environment":"test","service":"test-service","timestamp":"2026-03-31 15:27:58.915"}
[32minfo[39m: Message 193 {"context":{"index":193,"timestamp":"2026-03-31T09:57:58.916Z"},"environment":"test","service":"test-service","timestamp":"2026-03-31 15:27:58.916"}
[32minfo[39m: Message 194 {"context":{"index":194,"timestamp":"2026-03-31T09:57:58.918Z"},"environment":"test","service":"test-service","timestamp":"2026-03-31 15:27:58.918"}
[32minfo[39m: Message 195 {"context":{"index":195,"timestamp":"2026-03-31T09:57:58.919Z"},"environment":"test","service":"test-service","timestamp":"2026-03-31 15:27:58.919"}
[32minfo[39m: Message 196 {"context":{"index":196,"timestamp":"2026-03-31T09:57:58.920Z"},"environment":"test","service":"test-service","timestamp":"2026-03-31 15:27:58.920"}
[32minfo[39m: Message 197 {"context":{"index":197,"timestamp":"2026-03-31T09:57:58.921Z"},"environment":"test","service":"test-service","timestamp":"2026-03-31 15:27:58.921"}
[32minfo[39m: Message 198 {"context":{"index":198,"timestamp":"2026-03-31T09:57:58.923Z"},"environment":"test","service":"test-service","timestamp":"2026-03-31 15:27:58.923"}
[32minfo[39m: Message 199 {"context":{"index":199,"timestamp":"2026-03-31T09:57:58.924Z"},"environment":"test","service":"test-service","timestamp":"2026-03-31 15:27:58.924"}
[32minfo[39m: Message 200 {"context":{"index":200,"timestamp":"2026-03-31T09:57:58.925Z"},"environment":"test","service":"test-service","timestamp":"2026-03-31 15:27:58.925"}
[32minfo[39m: Message 201 {"context":{"index":201,"timestamp":"2026-03-31T09:57:58.927Z"},"environment":"test","service":"test-service","timestamp":"2026-03-31 15:27:58.927"}
[32minfo[39m: Message 202 {"context":{"index":202,"timestamp":"2026-03-31T09:57:58.929Z"},"environment":"test","service":"test-service","timestamp":"2026-03-31 15:27:58.929"}
[32minfo[39m: Message 203 {"context":{"index":203,"timestamp":"2026-03-31T09:57:58.934Z"},"environment":"test","service":"test-service","timestamp":"2026-03-31 15:27:58.934"}
[32minfo[39m: Message 204 {"context":{"index":204,"timestamp":"2026-03-31T09:57:58.935Z"},"environment":"test","service":"test-service","timestamp":"2026-03-31 15:27:58.935"}
[32minfo[39m: Message 205 {"context":{"index":205,"timestamp":"2026-03-31T09:57:58.937Z"},"environment":"test","service":"test-service","timestamp":"2026-03-31 15:27:58.937"}
[32minfo[39m: Message 206 {"context":{"index":206,"timestamp":"2026-03-31T09:57:58.938Z"},"environment":"test","service":"test-service","timestamp":"2026-03-31 15:27:58.938"}
[32minfo[39m: Message 207 {"context":{"index":207,"timestamp":"2026-03-31T09:57:58.940Z"},"environment":"test","service":"test-service","timestamp":"2026-03-31 15:27:58.940"}
[32minfo[39m: Message 208 {"context":{"index":208,"timestamp":"2026-03-31T09:57:58.942Z"},"environment":"test","service":"test-service","timestamp":"2026-03-31 15:27:58.942"}
[32minfo[39m: Message 209 {"context":{"index":209,"timestamp":"2026-03-31T09:57:58.943Z"},"environment":"test","service":"test-service","timestamp":"2026-03-31 15:27:58.943"}
[32minfo[39m: Message 210 {"context":{"index":210,"timestamp":"2026-03-31T09:57:58.945Z"},"environment":"test","service":"test-service","timestamp":"2026-03-31 15:27:58.945"}
[32minfo[39m: Message 211 {"context":{"index":211,"timestamp":"2026-03-31T09:57:58.947Z"},"environment":"test","service":"test-service","timestamp":"2026-03-31 15:27:58.947"}
[32minfo[39m: Message 212 {"context":{"index":212,"timestamp":"2026-03-31T09:57:58.950Z"},"environment":"test","service":"test-service","timestamp":"2026-03-31 15:27:58.950"}
[32minfo[39m: Message 213 {"context":{"index":213,"timestamp":"2026-03-31T09:57:58.951Z"},"environment":"test","service":"test-service","timestamp":"2026-03-31 15:27:58.951"}
[32minfo[39m: Message 214 {"context":{"index":214,"timestamp":"2026-03-31T09:57:58.952Z"},"environment":"test","service":"test-service","timestamp":"2026-03-31 15:27:58.952"}
[32minfo[39m: Message 215 {"context":{"index":215,"timestamp":"2026-03-31T09:57:58.953Z"},"environment":"test","service":"test-service","timestamp":"2026-03-31 15:27:58.953"}
[32minfo[39m: Message 216 {"context":{"index":216,"timestamp":"2026-03-31T09:57:58.954Z"},"environment":"test","service":"test-service","timestamp":"2026-03-31 15:27:58.954"}
[32minfo[39m: Message 217 {"context":{"index":217,"timestamp":"2026-03-31T09:57:58.955Z"},"environment":"test","service":"test-service","timestamp":"2026-03-31 15:27:58.956"}
[32minfo[39m: Message 218 {"context":{"index":218,"timestamp":"2026-03-31T09:57:58.960Z"},"environment":"test","service":"test-service","timestamp":"2026-03-31 15:27:58.960"}
[32minfo[39m: Message 219 {"context":{"index":219,"timestamp":"2026-03-31T09:57:58.962Z"},"environment":"test","service":"test-service","timestamp":"2026-03-31 15:27:58.962"}
[32minfo[39m: Message 220 {"context":{"index":220,"timestamp":"2026-03-31T09:57:58.964Z"},"environment":"test","service":"test-service","timestamp":"2026-03-31 15:27:58.964"}
[32minfo[39m: Message 221 {"context":{"index":221,"timestamp":"2026-03-31T09:57:58.966Z"},"environment":"test","service":"test-service","timestamp":"2026-03-31 15:27:58.966"}
[32minfo[39m: Message 222 {"context":{"index":222,"timestamp":"2026-03-31T09:57:58.967Z"},"environment":"test","service":"test-service","timestamp":"2026-03-31 15:27:58.967"}
[32minfo[39m: Message 223 {"context":{"index":223,"timestamp":"2026-03-31T09:57:58.969Z"},"environment":"test","service":"test-service","timestamp":"2026-03-31 15:27:58.969"}
[32minfo[39m: Message 224 {"context":{"index":224,"timestamp":"2026-03-31T09:57:58.970Z"},"environment":"test","service":"test-service","timestamp":"2026-03-31 15:27:58.970"}
[32minfo[39m: Message 225 {"context":{"index":225,"timestamp":"2026-03-31T09:57:58.972Z"},"environment":"test","service":"test-service","timestamp":"2026-03-31 15:27:58.972"}
[32minfo[39m: Message 226 {"context":{"index":226,"timestamp":"2026-03-31T09:57:58.973Z"},"environment":"test","service":"test-service","timestamp":"2026-03-31 15:27:58.973"}
[32minfo[39m: Message 227 {"context":{"index":227,"timestamp":"2026-03-31T09:57:58.974Z"},"environment":"test","service":"test-service","timestamp":"2026-03-31 15:27:58.974"}
[32minfo[39m: Message 228 {"context":{"index":228,"timestamp":"2026-03-31T09:57:58.976Z"},"environment":"test","service":"test-service","timestamp":"2026-03-31 15:27:58.976"}
[32minfo[39m: Message 229 {"context":{"index":229,"timestamp":"2026-03-31T09:57:58.977Z"},"environment":"test","service":"test-service","timestamp":"2026-03-31 15:27:58.977"}
[32minfo[39m: Message 230 {"context":{"index":230,"timestamp":"2026-03-31T09:57:58.980Z"},"environment":"test","service":"test-service","timestamp":"2026-03-31 15:27:58.980"}
[32minfo[39m: Message 231 {"context":{"index":231,"timestamp":"2026-03-31T09:57:58.982Z"},"environment":"test","service":"test-service","timestamp":"2026-03-31 15:27:58.982"}
[32minfo[39m: Message 232 {"context":{"index":232,"timestamp":"2026-03-31T09:57:58.983Z"},"environment":"test","service":"test-service","timestamp":"2026-03-31 15:27:58.983"}
[32minfo[39m: Message 233 {"context":{"index":233,"timestamp":"2026-03-31T09:57:58.987Z"},"environment":"test","service":"test-service","timestamp":"2026-03-31 15:27:58.987"}
[32minfo[39m: Message 234 {"context":{"index":234,"timestamp":"2026-03-31T09:57:58.989Z"},"environment":"test","service":"test-service","timestamp":"2026-03-31 15:27:58.989"}
[32minfo[39m: Message 235 {"context":{"index":235,"timestamp":"2026-03-31T09:57:58.990Z"},"environment":"test","service":"test-service","timestamp":"2026-03-31 15:27:58.990"}
[32minfo[39m: Message 236 {"context":{"index":236,"timestamp":"2026-03-31T09:57:58.992Z"},"environment":"test","service":"test-service","timestamp":"2026-03-31 15:27:58.992"}
[32minfo[39m: Message 237 {"context":{"index":237,"timestamp":"2026-03-31T09:57:58.993Z"},"environment":"test","service":"test-service","timestamp":"2026-03-31 15:27:58.993"}
[32minfo[39m: Message 238 {"context":{"index":238,"timestamp":"2026-03-31T09:57:58.995Z"},"environment":"test","service":"test-service","timestamp":"2026-03-31 15:27:58.995"}
[32minfo[39m: Message 239 {"context":{"index":239,"timestamp":"2026-03-31T09:57:58.997Z"},"environment":"test","service":"test-service","timestamp":"2026-03-31 15:27:58.997"}
[32minfo[39m: Message 240 {"context":{"index":240,"timestamp":"2026-03-31T09:57:58.999Z"},"environment":"test","service":"test-service","timestamp":"2026-03-31 15:27:58.999"}
[32minfo[39m: Message 241 {"context":{"index":241,"timestamp":"2026-03-31T09:57:59.001Z"},"environment":"test","service":"test-service","timestamp":"2026-03-31 15:27:59.001"}
[32minfo[39m: Message 242 {"context":{"index":242,"timestamp":"2026-03-31T09:57:59.002Z"},"environment":"test","service":"test-service","timestamp":"2026-03-31 15:27:59.002"}
[32minfo[39m: Message 243 {"context":{"index":243,"timestamp":"2026-03-31T09:57:59.003Z"},"environment":"test","service":"test-service","timestamp":"2026-03-31 15:27:59.003"}
[32minfo[39m: Message 244 {"context":{"index":244,"timestamp":"2026-03-31T09:57:59.004Z"},"environment":"test","service":"test-service","timestamp":"2026-03-31 15:27:59.004"}
[32minfo[39m: Message 245 {"context":{"index":245,"timestamp":"2026-03-31T09:57:59.005Z"},"environment":"test","service":"test-service","timestamp":"2026-03-31 15:27:59.005"}
[32minfo[39m: Message 246 {"context":{"index":246,"timestamp":"2026-03-31T09:57:59.006Z"},"environment":"test","service":"test-service","timestamp":"2026-03-31 15:27:59.006"}
[32minfo[39m: Message 247 {"context":{"index":247,"timestamp":"2026-03-31T09:57:59.007Z"},"environment":"test","service":"test-service","timestamp":"2026-03-31 15:27:59.007"}
[32minfo[39m: Message 248 {"context":{"index":248,"timestamp":"2026-03-31T09:57:59.008Z"},"environment":"test","service":"test-service","timestamp":"2026-03-31 15:27:59.008"}
[32minfo[39m: Message 249 {"context":{"index":249,"timestamp":"2026-03-31T09:57:59.009Z"},"environment":"test","service":"test-service","timestamp":"2026-03-31 15:27:59.009"}
[32minfo[39m: Message 250 {"context":{"index":250,"timestamp":"2026-03-31T09:57:59.010Z"},"environment":"test","service":"test-service","timestamp":"2026-03-31 15:27:59.010"}
[32minfo[39m: Message 251 {"context":{"index":251,"timestamp":"2026-03-31T09:57:59.014Z"},"environment":"test","service":"test-service","timestamp":"2026-03-31 15:27:59.014"}
[32minfo[39m: Message 252 {"context":{"index":252,"timestamp":"2026-03-31T09:57:59.015Z"},"environment":"test","service":"test-service","timestamp":"2026-03-31 15:27:59.016"}
[32minfo[39m: Message 253 {"context":{"index":253,"timestamp":"2026-03-31T09:57:59.016Z"},"environment":"test","service":"test-service","timestamp":"2026-03-31 15:27:59.016"}
[32minfo[39m: Message 254 {"context":{"index":254,"timestamp":"2026-03-31T09:57:59.017Z"},"environment":"test","service":"test-service","timestamp":"2026-03-31 15:27:59.017"}
[32minfo[39m: Message 255 {"context":{"index":255,"timestamp":"2026-03-31T09:57:59.018Z"},"environment":"test","service":"test-service","timestamp":"2026-03-31 15:27:59.018"}
[32minfo[39m: Message 256 {"context":{"index":256,"timestamp":"2026-03-31T09:57:59.019Z"},"environment":"test","service":"test-service","timestamp":"2026-03-31 15:27:59.019"}
[32minfo[39m: Message 257 {"context":{"index":257,"timestamp":"2026-03-31T09:57:59.020Z"},"environment":"test","service":"test-service","timestamp":"2026-03-31 15:27:59.020"}
[32minfo[39m: Message 258 {"context":{"index":258,"timestamp":"2026-03-31T09:57:59.020Z"},"environment":"test","service":"test-service","timestamp":"2026-03-31 15:27:59.020"}
(node:17032) [MONGOOSE] Warning: Duplicate schema index on {"timestamp":1} found. This is often due to declaring an index using both "index: true" and "schema.index()". Please remove the duplicate index definition.
PASS tests/phase2-observability.test.js
  PHASE 2: Observability Infrastructure
    Structured Logging Service
      √ should create structured logging service (16 ms)
      √ should log decision with structure (14 ms)
      √ should log action execution with structure (4 ms)
      √ should log security events (6 ms)
      √ should log errors with stack traces (24 ms)
      √ should log performance metrics (2 ms)
    Prometheus Metrics Service
      √ should create metrics service (3 ms)
      √ should record decision latency (1 ms)
      √ should record decision outcomes (1 ms)
      √ should record decision confidence distributions (1 ms)
      √ should record action execution (2 ms)
      √ should record escalations (1 ms)
      √ should record errors (1 ms)
      √ should track queue metrics (1 ms)
      √ should track database metrics (1 ms)
      √ should track kill switch status (2 ms)
      √ should record security events (3 ms)
      √ should expose metrics in Prometheus format (3 ms)
      √ should update system metrics (2 ms)
    Action Audit Service
      √ should create audit service (4 ms)
      √ should record decisions (async) (1 ms)
      √ should record action executions (async) (2 ms)
      √ should record action approvals (async) (1 ms)
      √ should record action rejections (async) (1 ms)
      √ should record security events (async) (1 ms)
      √ should record system errors (async) (1 ms)
      √ should sanitize sensitive parameters (2 ms)
      √ should handle null/undefined parameters (1 ms)
      √ should query audit trail (async) (1 ms)
      √ should get audit summary (async) (1 ms)
    Integration: Multi-Metric Recording
      √ should coordinate metrics and logging for decision (6 ms)
      √ should coordinate metrics and logging for action (4 ms)
      √ should track full incident lifecycle (14 ms)
    Observability Endpoints
      √ metrics endpoint should expose Prometheus metrics (2 ms)
      √ audit endpoint should support querying
  PHASE 2: Observability Production Readiness
    √ logging service should handle high volume (523 ms)
    √ metrics service should provide low-latency recording (2 ms)

  console.log
    [system-health] Deployment mode: SINGLE_INSTANCE

      at new log (services/infrastructure/systemHealthService.js:26:13)

  console.log
    [lock] 🔒 Lock safety enforced by systemHealthService (dynamic based on deployment mode)

      at new log (services/infrastructure/distributedLockService.js:32:13)

[32minfo[39m: Message 259 {"context":{"index":259,"timestamp":"2026-03-31T09:57:59.022Z"},"environment":"test","service":"test-service","timestamp":"2026-03-31 15:27:59.022"}
[32minfo[39m: Message 260 {"context":{"index":260,"timestamp":"2026-03-31T09:57:59.022Z"},"environment":"test","service":"test-service","timestamp":"2026-03-31 15:27:59.022"}
[32minfo[39m: Message 261 {"context":{"index":261,"timestamp":"2026-03-31T09:57:59.022Z"},"environment":"test","service":"test-service","timestamp":"2026-03-31 15:27:59.022"}
[32minfo[39m: Message 262 {"context":{"index":262,"timestamp":"2026-03-31T09:57:59.022Z"},"environment":"test","service":"test-service","timestamp":"2026-03-31 15:27:59.022"}
[32minfo[39m: Message 263 {"context":{"index":263,"timestamp":"2026-03-31T09:57:59.022Z"},"environment":"test","service":"test-service","timestamp":"2026-03-31 15:27:59.022"}
[32minfo[39m: Message 264 {"context":{"index":264,"timestamp":"2026-03-31T09:57:59.022Z"},"environment":"test","service":"test-service","timestamp":"2026-03-31 15:27:59.022"}
[32minfo[39m: Message 265 {"context":{"index":265,"timestamp":"2026-03-31T09:57:59.022Z"},"environment":"test","service":"test-service","timestamp":"2026-03-31 15:27:59.022"}
[32minfo[39m: Message 266 {"context":{"index":266,"timestamp":"2026-03-31T09:57:59.022Z"},"environment":"test","service":"test-service","timestamp":"2026-03-31 15:27:59.022"}
[32minfo[39m: Message 267 {"context":{"index":267,"timestamp":"2026-03-31T09:57:59.022Z"},"environment":"test","service":"test-service","timestamp":"2026-03-31 15:27:59.022"}
[32minfo[39m: Message 268 {"context":{"index":268,"timestamp":"2026-03-31T09:57:59.022Z"},"environment":"test","service":"test-service","timestamp":"2026-03-31 15:27:59.022"}
[32minfo[39m: Message 269 {"context":{"index":269,"timestamp":"2026-03-31T09:57:59.023Z"},"environment":"test","service":"test-service","timestamp":"2026-03-31 15:27:59.023"}
[32minfo[39m: Message 270 {"context":{"index":270,"timestamp":"2026-03-31T09:57:59.023Z"},"environment":"test","service":"test-service","timestamp":"2026-03-31 15:27:59.023"}
[32minfo[39m: Message 271 {"context":{"index":271,"timestamp":"2026-03-31T09:57:59.023Z"},"environment":"test","service":"test-service","timestamp":"2026-03-31 15:27:59.023"}
[32minfo[39m: Message 272 {"context":{"index":272,"timestamp":"2026-03-31T09:57:59.023Z"},"environment":"test","service":"test-service","timestamp":"2026-03-31 15:27:59.023"}
[32minfo[39m: Message 273 {"context":{"index":273,"timestamp":"2026-03-31T09:57:59.023Z"},"environment":"test","service":"test-service","timestamp":"2026-03-31 15:27:59.023"}
[32minfo[39m: Message 274 {"context":{"index":274,"timestamp":"2026-03-31T09:57:59.023Z"},"environment":"test","service":"test-service","timestamp":"2026-03-31 15:27:59.023"}
[32minfo[39m: Message 275 {"context":{"index":275,"timestamp":"2026-03-31T09:57:59.023Z"},"environment":"test","service":"test-service","timestamp":"2026-03-31 15:27:59.744"}
[32minfo[39m: Message 276 {"context":{"index":276,"timestamp":"2026-03-31T09:57:59.023Z"},"environment":"test","service":"test-service","timestamp":"2026-03-31 15:27:59.752"}
[32minfo[39m: Message 277 {"context":{"index":277,"timestamp":"2026-03-31T09:57:59.023Z"},"environment":"test","service":"test-service","timestamp":"2026-03-31 15:27:59.754"}
[32minfo[39m: Message 278 {"context":{"index":278,"timestamp":"2026-03-31T09:57:59.023Z"},"environment":"test","service":"test-service","timestamp":"2026-03-31 15:27:59.755"}
[32minfo[39m: Message 279 {"context":{"index":279,"timestamp":"2026-03-31T09:57:59.023Z"},"environment":"test","service":"test-service","timestamp":"2026-03-31 15:27:59.756"}
[32minfo[39m: Message 280 {"context":{"index":280,"timestamp":"2026-03-31T09:57:59.023Z"},"environment":"test","service":"test-service","timestamp":"2026-03-31 15:27:59.758"}
[32minfo[39m: Message 281 {"context":{"index":281,"timestamp":"2026-03-31T09:57:59.023Z"},"environment":"test","service":"test-service","timestamp":"2026-03-31 15:27:59.759"}
[32minfo[39m: Message 282 {"context":{"index":282,"timestamp":"2026-03-31T09:57:59.023Z"},"environment":"test","service":"test-service","timestamp":"2026-03-31 15:27:59.760"}
[32minfo[39m: Message 283 {"context":{"index":283,"timestamp":"2026-03-31T09:57:59.023Z"},"environment":"test","service":"test-service","timestamp":"2026-03-31 15:27:59.761"}
[32minfo[39m: Message 284 {"context":{"index":284,"timestamp":"2026-03-31T09:57:59.023Z"},"environment":"test","service":"test-service","timestamp":"2026-03-31 15:27:59.762"}
[32minfo[39m: Message 285 {"context":{"index":285,"timestamp":"2026-03-31T09:57:59.023Z"},"environment":"test","service":"test-service","timestamp":"2026-03-31 15:27:59.763"}
[32minfo[39m: Message 286 {"context":{"index":286,"timestamp":"2026-03-31T09:57:59.023Z"},"environment":"test","service":"test-service","timestamp":"2026-03-31 15:27:59.765"}
[32minfo[39m: Message 287 {"context":{"index":287,"timestamp":"2026-03-31T09:57:59.023Z"},"environment":"test","service":"test-service","timestamp":"2026-03-31 15:27:59.766"}
[32minfo[39m: Message 288 {"context":{"index":288,"timestamp":"2026-03-31T09:57:59.023Z"},"environment":"test","service":"test-service","timestamp":"2026-03-31 15:27:59.767"}
[32minfo[39m: Message 289 {"context":{"index":289,"timestamp":"2026-03-31T09:57:59.023Z"},"environment":"test","service":"test-service","timestamp":"2026-03-31 15:27:59.768"}
[32minfo[39m: Message 290 {"context":{"index":290,"timestamp":"2026-03-31T09:57:59.023Z"},"environment":"test","service":"test-service","timestamp":"2026-03-31 15:27:59.770"}
[32minfo[39m: Message 291 {"context":{"index":291,"timestamp":"2026-03-31T09:57:59.023Z"},"environment":"test","service":"test-service","timestamp":"2026-03-31 15:27:59.773"}
[32minfo[39m: Message 292 {"context":{"index":292,"timestamp":"2026-03-31T09:57:59.023Z"},"environment":"test","service":"test-service","timestamp":"2026-03-31 15:27:59.778"}
[32minfo[39m: Message 293 {"context":{"index":293,"timestamp":"2026-03-31T09:57:59.023Z"},"environment":"test","service":"test-service","timestamp":"2026-03-31 15:27:59.781"}
[32minfo[39m: Message 294 {"context":{"index":294,"timestamp":"2026-03-31T09:57:59.023Z"},"environment":"test","service":"test-service","timestamp":"2026-03-31 15:27:59.782"}
[32minfo[39m: Message 295 {"context":{"index":295,"timestamp":"2026-03-31T09:57:59.023Z"},"environment":"test","service":"test-service","timestamp":"2026-03-31 15:27:59.784"}
[32minfo[39m: Message 296 {"context":{"index":296,"timestamp":"2026-03-31T09:57:59.023Z"},"environment":"test","service":"test-service","timestamp":"2026-03-31 15:27:59.785"}
[32minfo[39m: Message 297 {"context":{"index":297,"timestamp":"2026-03-31T09:57:59.023Z"},"environment":"test","service":"test-service","timestamp":"2026-03-31 15:27:59.787"}
[32minfo[39m: Message 298 {"context":{"index":298,"timestamp":"2026-03-31T09:57:59.023Z"},"environment":"test","service":"test-service","timestamp":"2026-03-31 15:27:59.788"}
[32minfo[39m: Message 299 {"context":{"index":299,"timestamp":"2026-03-31T09:57:59.023Z"},"environment":"test","service":"test-service","timestamp":"2026-03-31 15:27:59.790"}
[32minfo[39m: Message 300 {"context":{"index":300,"timestamp":"2026-03-31T09:57:59.023Z"},"environment":"test","service":"test-service","timestamp":"2026-03-31 15:27:59.792"}
[32minfo[39m: Message 301 {"context":{"index":301,"timestamp":"2026-03-31T09:57:59.023Z"},"environment":"test","service":"test-service","timestamp":"2026-03-31 15:27:59.793"}
[32minfo[39m: Message 302 {"context":{"index":302,"timestamp":"2026-03-31T09:57:59.023Z"},"environment":"test","service":"test-service","timestamp":"2026-03-31 15:27:59.795"}
[32minfo[39m: Message 303 {"context":{"index":303,"timestamp":"2026-03-31T09:57:59.023Z"},"environment":"test","service":"test-service","timestamp":"2026-03-31 15:27:59.796"}
[32minfo[39m: Message 304 {"context":{"index":304,"timestamp":"2026-03-31T09:57:59.023Z"},"environment":"test","service":"test-service","timestamp":"2026-03-31 15:27:59.797"}
[32minfo[39m: Message 305 {"context":{"index":305,"timestamp":"2026-03-31T09:57:59.023Z"},"environment":"test","service":"test-service","timestamp":"2026-03-31 15:27:59.798"}
[32minfo[39m: Message 306 {"context":{"index":306,"timestamp":"2026-03-31T09:57:59.023Z"},"environment":"test","service":"test-service","timestamp":"2026-03-31 15:27:59.800"}
[32minfo[39m: Message 307 {"context":{"index":307,"timestamp":"2026-03-31T09:57:59.023Z"},"environment":"test","service":"test-service","timestamp":"2026-03-31 15:27:59.801"}
[32minfo[39m: Message 308 {"context":{"index":308,"timestamp":"2026-03-31T09:57:59.023Z"},"environment":"test","service":"test-service","timestamp":"2026-03-31 15:27:59.803"}
[32minfo[39m: Message 309 {"context":{"index":309,"timestamp":"2026-03-31T09:57:59.023Z"},"environment":"test","service":"test-service","timestamp":"2026-03-31 15:27:59.804"}
[32minfo[39m: Message 310 {"context":{"index":310,"timestamp":"2026-03-31T09:57:59.023Z"},"environment":"test","service":"test-service","timestamp":"2026-03-31 15:27:59.807"}
[32minfo[39m: Message 311 {"context":{"index":311,"timestamp":"2026-03-31T09:57:59.023Z"},"environment":"test","service":"test-service","timestamp":"2026-03-31 15:27:59.808"}
[32minfo[39m: Message 312 {"context":{"index":312,"timestamp":"2026-03-31T09:57:59.023Z"},"environment":"test","service":"test-service","timestamp":"2026-03-31 15:27:59.810"}
[32minfo[39m: Message 313 {"context":{"index":313,"timestamp":"2026-03-31T09:57:59.023Z"},"environment":"test","service":"test-service","timestamp":"2026-03-31 15:27:59.812"}
[32minfo[39m: Message 314 {"context":{"index":314,"timestamp":"2026-03-31T09:57:59.023Z"},"environment":"test","service":"test-service","timestamp":"2026-03-31 15:27:59.814"}
[32minfo[39m: Message 315 {"context":{"index":315,"timestamp":"2026-03-31T09:57:59.023Z"},"environment":"test","service":"test-service","timestamp":"2026-03-31 15:27:59.815"}
[32minfo[39m: Message 316 {"context":{"index":316,"timestamp":"2026-03-31T09:57:59.023Z"},"environment":"test","service":"test-service","timestamp":"2026-03-31 15:27:59.817"}
[32minfo[39m: Message 317 {"context":{"index":317,"timestamp":"2026-03-31T09:57:59.023Z"},"environment":"test","service":"test-service","timestamp":"2026-03-31 15:27:59.819"}
[32minfo[39m: Message 318 {"context":{"index":318,"timestamp":"2026-03-31T09:57:59.023Z"},"environment":"test","service":"test-service","timestamp":"2026-03-31 15:27:59.821"}
[32minfo[39m: Message 319 {"context":{"index":319,"timestamp":"2026-03-31T09:57:59.023Z"},"environment":"test","service":"test-service","timestamp":"2026-03-31 15:27:59.822"}
[32minfo[39m: Message 320 {"context":{"index":320,"timestamp":"2026-03-31T09:57:59.023Z"},"environment":"test","service":"test-service","timestamp":"2026-03-31 15:27:59.823"}
[32minfo[39m: Message 321 {"context":{"index":321,"timestamp":"2026-03-31T09:57:59.023Z"},"environment":"test","service":"test-service","timestamp":"2026-03-31 15:27:59.824"}
[32minfo[39m: Message 322 {"context":{"index":322,"timestamp":"2026-03-31T09:57:59.023Z"},"environment":"test","service":"test-service","timestamp":"2026-03-31 15:27:59.825"}
[32minfo[39m: Message 323 {"context":{"index":323,"timestamp":"2026-03-31T09:57:59.023Z"},"environment":"test","service":"test-service","timestamp":"2026-03-31 15:27:59.826"}
[32minfo[39m: Message 324 {"context":{"index":324,"timestamp":"2026-03-31T09:57:59.023Z"},"environment":"test","service":"test-service","timestamp":"2026-03-31 15:27:59.828"}
[32minfo[39m: Message 325 {"context":{"index":325,"timestamp":"2026-03-31T09:57:59.023Z"},"environment":"test","service":"test-service","timestamp":"2026-03-31 15:27:59.830"}
[32minfo[39m: Message 326 {"context":{"index":326,"timestamp":"2026-03-31T09:57:59.023Z"},"environment":"test","service":"test-service","timestamp":"2026-03-31 15:27:59.831"}
[32minfo[39m: Message 327 {"context":{"index":327,"timestamp":"2026-03-31T09:57:59.023Z"},"environment":"test","service":"test-service","timestamp":"2026-03-31 15:27:59.833"}
[32minfo[39m: Message 328 {"context":{"index":328,"timestamp":"2026-03-31T09:57:59.023Z"},"environment":"test","service":"test-service","timestamp":"2026-03-31 15:27:59.835"}
[32minfo[39m: Message 329 {"context":{"index":329,"timestamp":"2026-03-31T09:57:59.023Z"},"environment":"test","service":"test-service","timestamp":"2026-03-31 15:27:59.836"}
[32minfo[39m: Message 330 {"context":{"index":330,"timestamp":"2026-03-31T09:57:59.023Z"},"environment":"test","service":"test-service","timestamp":"2026-03-31 15:27:59.837"}
[32minfo[39m: Message 331 {"context":{"index":331,"timestamp":"2026-03-31T09:57:59.023Z"},"environment":"test","service":"test-service","timestamp":"2026-03-31 15:27:59.838"}
[32minfo[39m: Message 332 {"context":{"index":332,"timestamp":"2026-03-31T09:57:59.023Z"},"environment":"test","service":"test-service","timestamp":"2026-03-31 15:27:59.839"}
[32minfo[39m: Message 333 {"context":{"index":333,"timestamp":"2026-03-31T09:57:59.023Z"},"environment":"test","service":"test-service","timestamp":"2026-03-31 15:27:59.841"}
[32minfo[39m: Message 334 {"context":{"index":334,"timestamp":"2026-03-31T09:57:59.023Z"},"environment":"test","service":"test-service","timestamp":"2026-03-31 15:27:59.842"}
[32minfo[39m: Message 335 {"context":{"index":335,"timestamp":"2026-03-31T09:57:59.023Z"},"environment":"test","service":"test-service","timestamp":"2026-03-31 15:27:59.843"}
[32minfo[39m: Message 336 {"context":{"index":336,"timestamp":"2026-03-31T09:57:59.023Z"},"environment":"test","service":"test-service","timestamp":"2026-03-31 15:27:59.844"}
[32minfo[39m: Message 337 {"context":{"index":337,"timestamp":"2026-03-31T09:57:59.023Z"},"environment":"test","service":"test-service","timestamp":"2026-03-31 15:27:59.846"}
[32minfo[39m: Message 338 {"context":{"index":338,"timestamp":"2026-03-31T09:57:59.023Z"},"environment":"test","service":"test-service","timestamp":"2026-03-31 15:27:59.847"}
[32minfo[39m: Message 339 {"context":{"index":339,"timestamp":"2026-03-31T09:57:59.023Z"},"environment":"test","service":"test-service","timestamp":"2026-03-31 15:27:59.850"}
[32minfo[39m: Message 340 {"context":{"index":340,"timestamp":"2026-03-31T09:57:59.023Z"},"environment":"test","service":"test-service","timestamp":"2026-03-31 15:27:59.852"}
[32minfo[39m: Message 341 {"context":{"index":341,"timestamp":"2026-03-31T09:57:59.023Z"},"environment":"test","service":"test-service","timestamp":"2026-03-31 15:27:59.854"}
[32minfo[39m: Message 342 {"context":{"index":342,"timestamp":"2026-03-31T09:57:59.023Z"},"environment":"test","service":"test-service","timestamp":"2026-03-31 15:27:59.855"}
[32minfo[39m: Message 343 {"context":{"index":343,"timestamp":"2026-03-31T09:57:59.023Z"},"environment":"test","service":"test-service","timestamp":"2026-03-31 15:27:59.856"}
[32minfo[39m: Message 344 {"context":{"index":344,"timestamp":"2026-03-31T09:57:59.023Z"},"environment":"test","service":"test-service","timestamp":"2026-03-31 15:27:59.857"}
[32minfo[39m: Message 345 {"context":{"index":345,"timestamp":"2026-03-31T09:57:59.023Z"},"environment":"test","service":"test-service","timestamp":"2026-03-31 15:27:59.860"}
[32minfo[39m: Message 346 {"context":{"index":346,"timestamp":"2026-03-31T09:57:59.023Z"},"environment":"test","service":"test-service","timestamp":"2026-03-31 15:27:59.863"}
[32minfo[39m: Message 347 {"context":{"index":347,"timestamp":"2026-03-31T09:57:59.023Z"},"environment":"test","service":"test-service","timestamp":"2026-03-31 15:27:59.865"}
[32minfo[39m: Message 348 {"context":{"index":348,"timestamp":"2026-03-31T09:57:59.023Z"},"environment":"test","service":"test-service","timestamp":"2026-03-31 15:27:59.866"}
[32minfo[39m: Message 349 {"context":{"index":349,"timestamp":"2026-03-31T09:57:59.023Z"},"environment":"test","service":"test-service","timestamp":"2026-03-31 15:27:59.868"}
[32minfo[39m: Message 350 {"context":{"index":350,"timestamp":"2026-03-31T09:57:59.023Z"},"environment":"test","service":"test-service","timestamp":"2026-03-31 15:27:59.870"}
[32minfo[39m: Message 351 {"context":{"index":351,"timestamp":"2026-03-31T09:57:59.023Z"},"environment":"test","service":"test-service","timestamp":"2026-03-31 15:27:59.871"}
[32minfo[39m: Message 352 {"context":{"index":352,"timestamp":"2026-03-31T09:57:59.023Z"},"environment":"test","service":"test-service","timestamp":"2026-03-31 15:27:59.872"}
[32minfo[39m: Message 353 {"context":{"index":353,"timestamp":"2026-03-31T09:57:59.023Z"},"environment":"test","service":"test-service","timestamp":"2026-03-31 15:27:59.873"}
[32minfo[39m: Message 354 {"context":{"index":354,"timestamp":"2026-03-31T09:57:59.023Z"},"environment":"test","service":"test-service","timestamp":"2026-03-31 15:27:59.874"}
[32minfo[39m: Message 355 {"context":{"index":355,"timestamp":"2026-03-31T09:57:59.023Z"},"environment":"test","service":"test-service","timestamp":"2026-03-31 15:27:59.875"}
[32minfo[39m: Message 356 {"context":{"index":356,"timestamp":"2026-03-31T09:57:59.023Z"},"environment":"test","service":"test-service","timestamp":"2026-03-31 15:27:59.876"}
[32minfo[39m: Message 357 {"context":{"index":357,"timestamp":"2026-03-31T09:57:59.023Z"},"environment":"test","service":"test-service","timestamp":"2026-03-31 15:27:59.878"}
[32minfo[39m: Message 358 {"context":{"index":358,"timestamp":"2026-03-31T09:57:59.023Z"},"environment":"test","service":"test-service","timestamp":"2026-03-31 15:27:59.881"}
[32minfo[39m: Message 359 {"context":{"index":359,"timestamp":"2026-03-31T09:57:59.023Z"},"environment":"test","service":"test-service","timestamp":"2026-03-31 15:27:59.884"}
[32minfo[39m: Message 360 {"context":{"index":360,"timestamp":"2026-03-31T09:57:59.023Z"},"environment":"test","service":"test-service","timestamp":"2026-03-31 15:27:59.885"}
[32minfo[39m: Message 361 {"context":{"index":361,"timestamp":"2026-03-31T09:57:59.023Z"},"environment":"test","service":"test-service","timestamp":"2026-03-31 15:27:59.886"}
[32minfo[39m: Message 362 {"context":{"index":362,"timestamp":"2026-03-31T09:57:59.023Z"},"environment":"test","service":"test-service","timestamp":"2026-03-31 15:27:59.888"}
[32minfo[39m: Message 363 {"context":{"index":363,"timestamp":"2026-03-31T09:57:59.023Z"},"environment":"test","service":"test-service","timestamp":"2026-03-31 15:27:59.891"}
[32minfo[39m: Message 364 {"context":{"index":364,"timestamp":"2026-03-31T09:57:59.023Z"},"environment":"test","service":"test-service","timestamp":"2026-03-31 15:27:59.893"}
[32minfo[39m: Message 365 {"context":{"index":365,"timestamp":"2026-03-31T09:57:59.023Z"},"environment":"test","service":"test-service","timestamp":"2026-03-31 15:27:59.894"}
[32minfo[39m: Message 366 {"context":{"index":366,"timestamp":"2026-03-31T09:57:59.023Z"},"environment":"test","service":"test-service","timestamp":"2026-03-31 15:27:59.896"}
[32minfo[39m: Message 367 {"context":{"index":367,"timestamp":"2026-03-31T09:57:59.023Z"},"environment":"test","service":"test-service","timestamp":"2026-03-31 15:27:59.898"}
[32minfo[39m: Message 368 {"context":{"index":368,"timestamp":"2026-03-31T09:57:59.023Z"},"environment":"test","service":"test-service","timestamp":"2026-03-31 15:27:59.899"}
[32minfo[39m: Message 369 {"context":{"index":369,"timestamp":"2026-03-31T09:57:59.023Z"},"environment":"test","service":"test-service","timestamp":"2026-03-31 15:27:59.900"}
[32minfo[39m: Message 370 {"context":{"index":370,"timestamp":"2026-03-31T09:57:59.023Z"},"environment":"test","service":"test-service","timestamp":"2026-03-31 15:27:59.901"}
[32minfo[39m: Message 371 {"context":{"index":371,"timestamp":"2026-03-31T09:57:59.023Z"},"environment":"test","service":"test-service","timestamp":"2026-03-31 15:27:59.902"}
[32minfo[39m: Message 372 {"context":{"index":372,"timestamp":"2026-03-31T09:57:59.023Z"},"environment":"test","service":"test-service","timestamp":"2026-03-31 15:27:59.903"}
[32minfo[39m: Message 373 {"context":{"index":373,"timestamp":"2026-03-31T09:57:59.023Z"},"environment":"test","service":"test-service","timestamp":"2026-03-31 15:27:59.905"}
[32minfo[39m: Message 374 {"context":{"index":374,"timestamp":"2026-03-31T09:57:59.023Z"},"environment":"test","service":"test-service","timestamp":"2026-03-31 15:27:59.906"}
[32minfo[39m: Message 375 {"context":{"index":375,"timestamp":"2026-03-31T09:57:59.023Z"},"environment":"test","service":"test-service","timestamp":"2026-03-31 15:27:59.907"}
[32minfo[39m: Message 376 {"context":{"index":376,"timestamp":"2026-03-31T09:57:59.023Z"},"environment":"test","service":"test-service","timestamp":"2026-03-31 15:27:59.909"}
[32minfo[39m: Message 377 {"context":{"index":377,"timestamp":"2026-03-31T09:57:59.023Z"},"environment":"test","service":"test-service","timestamp":"2026-03-31 15:27:59.911"}
[32minfo[39m: Message 378 {"context":{"index":378,"timestamp":"2026-03-31T09:57:59.023Z"},"environment":"test","service":"test-service","timestamp":"2026-03-31 15:27:59.913"}
[32minfo[39m: Message 379 {"context":{"index":379,"timestamp":"2026-03-31T09:57:59.023Z"},"environment":"test","service":"test-service","timestamp":"2026-03-31 15:27:59.914"}
[32minfo[39m: Message 380 {"context":{"index":380,"timestamp":"2026-03-31T09:57:59.023Z"},"environment":"test","service":"test-service","timestamp":"2026-03-31 15:27:59.915"}
[32minfo[39m: Message 381 {"context":{"index":381,"timestamp":"2026-03-31T09:57:59.023Z"},"environment":"test","service":"test-service","timestamp":"2026-03-31 15:27:59.919"}
[32minfo[39m: Message 382 {"context":{"index":382,"timestamp":"2026-03-31T09:57:59.023Z"},"environment":"test","service":"test-service","timestamp":"2026-03-31 15:27:59.920"}
[32minfo[39m: Message 383 {"context":{"index":383,"timestamp":"2026-03-31T09:57:59.023Z"},"environment":"test","service":"test-service","timestamp":"2026-03-31 15:27:59.922"}
[32minfo[39m: Message 384 {"context":{"index":384,"timestamp":"2026-03-31T09:57:59.023Z"},"environment":"test","service":"test-service","timestamp":"2026-03-31 15:27:59.923"}
[32minfo[39m: Message 385 {"context":{"index":385,"timestamp":"2026-03-31T09:57:59.023Z"},"environment":"test","service":"test-service","timestamp":"2026-03-31 15:27:59.924"}
[32minfo[39m: Message 386 {"context":{"index":386,"timestamp":"2026-03-31T09:57:59.023Z"},"environment":"test","service":"test-service","timestamp":"2026-03-31 15:27:59.925"}
[32minfo[39m: Message 387 {"context":{"index":387,"timestamp":"2026-03-31T09:57:59.023Z"},"environment":"test","service":"test-service","timestamp":"2026-03-31 15:27:59.926"}
[32minfo[39m: Message 388 {"context":{"index":388,"timestamp":"2026-03-31T09:57:59.023Z"},"environment":"test","service":"test-service","timestamp":"2026-03-31 15:27:59.927"}
[32minfo[39m: Message 389 {"context":{"index":389,"timestamp":"2026-03-31T09:57:59.023Z"},"environment":"test","service":"test-service","timestamp":"2026-03-31 15:27:59.929"}
[32minfo[39m: Message 390 {"context":{"index":390,"timestamp":"2026-03-31T09:57:59.023Z"},"environment":"test","service":"test-service","timestamp":"2026-03-31 15:27:59.930"}
[32minfo[39m: Message 391 {"context":{"index":391,"timestamp":"2026-03-31T09:57:59.023Z"},"environment":"test","service":"test-service","timestamp":"2026-03-31 15:27:59.932"}
[32minfo[39m: Message 392 {"context":{"index":392,"timestamp":"2026-03-31T09:57:59.023Z"},"environment":"test","service":"test-service","timestamp":"2026-03-31 15:27:59.933"}
[32minfo[39m: Message 393 {"context":{"index":393,"timestamp":"2026-03-31T09:57:59.023Z"},"environment":"test","service":"test-service","timestamp":"2026-03-31 15:27:59.934"}
[32minfo[39m: Message 394 {"context":{"index":394,"timestamp":"2026-03-31T09:57:59.023Z"},"environment":"test","service":"test-service","timestamp":"2026-03-31 15:27:59.935"}
[32minfo[39m: Message 395 {"context":{"index":395,"timestamp":"2026-03-31T09:57:59.023Z"},"environment":"test","service":"test-service","timestamp":"2026-03-31 15:27:59.936"}
[32minfo[39m: Message 396 {"context":{"index":396,"timestamp":"2026-03-31T09:57:59.023Z"},"environment":"test","service":"test-service","timestamp":"2026-03-31 15:27:59.938"}
[32minfo[39m: Message 397 {"context":{"index":397,"timestamp":"2026-03-31T09:57:59.023Z"},"environment":"test","service":"test-service","timestamp":"2026-03-31 15:27:59.939"}
  console.log
    [db] Connected to MongoDB at mongodb://127.0.0.1:27017/autonomous_incident_agent

      at log (services/infrastructure/dbService.js:12:13)

[32minfo[39m: Message 398 {"context":{"index":398,"timestamp":"2026-03-31T09:57:59.023Z"},"environment":"test","service":"test-service","timestamp":"2026-03-31 15:27:59.940"}
[32minfo[39m: Message 399 {"context":{"index":399,"timestamp":"2026-03-31T09:57:59.023Z"},"environment":"test","service":"test-service","timestamp":"2026-03-31 15:27:59.942"}
[32minfo[39m: Message 400 {"context":{"index":400,"timestamp":"2026-03-31T09:57:59.023Z"},"environment":"test","service":"test-service","timestamp":"2026-03-31 15:27:59.943"}
[32minfo[39m: Message 401 {"context":{"index":401,"timestamp":"2026-03-31T09:57:59.023Z"},"environment":"test","service":"test-service","timestamp":"2026-03-31 15:27:59.944"}
[32minfo[39m: Message 402 {"context":{"index":402,"timestamp":"2026-03-31T09:57:59.023Z"},"environment":"test","service":"test-service","timestamp":"2026-03-31 15:27:59.946"}
[32minfo[39m: Message 403 {"context":{"index":403,"timestamp":"2026-03-31T09:57:59.023Z"},"environment":"test","service":"test-service","timestamp":"2026-03-31 15:27:59.946"}
[32minfo[39m: Message 404 {"context":{"index":404,"timestamp":"2026-03-31T09:57:59.023Z"},"environment":"test","service":"test-service","timestamp":"2026-03-31 15:27:59.947"}
[32minfo[39m: Message 405 {"context":{"index":405,"timestamp":"2026-03-31T09:57:59.023Z"},"environment":"test","service":"test-service","timestamp":"2026-03-31 15:27:59.948"}
[32minfo[39m: Message 406 {"context":{"index":406,"timestamp":"2026-03-31T09:57:59.023Z"},"environment":"test","service":"test-service","timestamp":"2026-03-31 15:27:59.949"}
[32minfo[39m: Message 407 {"context":{"index":407,"timestamp":"2026-03-31T09:57:59.023Z"},"environment":"test","service":"test-service","timestamp":"2026-03-31 15:27:59.950"}
[32minfo[39m: Message 408 {"context":{"index":408,"timestamp":"2026-03-31T09:57:59.023Z"},"environment":"test","service":"test-service","timestamp":"2026-03-31 15:27:59.951"}
[32minfo[39m: Message 409 {"context":{"index":409,"timestamp":"2026-03-31T09:57:59.023Z"},"environment":"test","service":"test-service","timestamp":"2026-03-31 15:27:59.951"}
[32minfo[39m: Message 410 {"context":{"index":410,"timestamp":"2026-03-31T09:57:59.023Z"},"environment":"test","service":"test-service","timestamp":"2026-03-31 15:27:59.952"}
[32minfo[39m: Message 411 {"context":{"index":411,"timestamp":"2026-03-31T09:57:59.023Z"},"environment":"test","service":"test-service","timestamp":"2026-03-31 15:27:59.953"}
[32minfo[39m: Message 412 {"context":{"index":412,"timestamp":"2026-03-31T09:57:59.023Z"},"environment":"test","service":"test-service","timestamp":"2026-03-31 15:27:59.953"}
[32minfo[39m: Message 413 {"context":{"index":413,"timestamp":"2026-03-31T09:57:59.023Z"},"environment":"test","service":"test-service","timestamp":"2026-03-31 15:27:59.954"}
[32minfo[39m: Message 414 {"context":{"index":414,"timestamp":"2026-03-31T09:57:59.023Z"},"environment":"test","service":"test-service","timestamp":"2026-03-31 15:27:59.991"}
[32minfo[39m: Message 415 {"context":{"index":415,"timestamp":"2026-03-31T09:57:59.023Z"},"environment":"test","service":"test-service","timestamp":"2026-03-31 15:27:59.998"}
[32minfo[39m: Message 416 {"context":{"index":416,"timestamp":"2026-03-31T09:57:59.023Z"},"environment":"test","service":"test-service","timestamp":"2026-03-31 15:28:00.001"}
[32minfo[39m: Message 417 {"context":{"index":417,"timestamp":"2026-03-31T09:57:59.023Z"},"environment":"test","service":"test-service","timestamp":"2026-03-31 15:28:00.002"}
[32minfo[39m: Message 418 {"context":{"index":418,"timestamp":"2026-03-31T09:57:59.023Z"},"environment":"test","service":"test-service","timestamp":"2026-03-31 15:28:00.004"}
[32minfo[39m: Message 419 {"context":{"index":419,"timestamp":"2026-03-31T09:57:59.023Z"},"environment":"test","service":"test-service","timestamp":"2026-03-31 15:28:00.005"}
[32minfo[39m: Message 420 {"context":{"index":420,"timestamp":"2026-03-31T09:57:59.023Z"},"environment":"test","service":"test-service","timestamp":"2026-03-31 15:28:00.006"}
[32minfo[39m: Message 421 {"context":{"index":421,"timestamp":"2026-03-31T09:57:59.023Z"},"environment":"test","service":"test-service","timestamp":"2026-03-31 15:28:00.008"}
[32minfo[39m: Message 422 {"context":{"index":422,"timestamp":"2026-03-31T09:57:59.023Z"},"environment":"test","service":"test-service","timestamp":"2026-03-31 15:28:00.010"}
[32minfo[39m: Message 423 {"context":{"index":423,"timestamp":"2026-03-31T09:57:59.023Z"},"environment":"test","service":"test-service","timestamp":"2026-03-31 15:28:00.012"}
[32minfo[39m: Message 424 {"context":{"index":424,"timestamp":"2026-03-31T09:57:59.023Z"},"environment":"test","service":"test-service","timestamp":"2026-03-31 15:28:00.014"}
[32minfo[39m: Message 425 {"context":{"index":425,"timestamp":"2026-03-31T09:57:59.023Z"},"environment":"test","service":"test-service","timestamp":"2026-03-31 15:28:00.015"}
[32minfo[39m: Message 426 {"context":{"index":426,"timestamp":"2026-03-31T09:57:59.023Z"},"environment":"test","service":"test-service","timestamp":"2026-03-31 15:28:00.019"}
[32minfo[39m: Message 427 {"context":{"index":427,"timestamp":"2026-03-31T09:57:59.023Z"},"environment":"test","service":"test-service","timestamp":"2026-03-31 15:28:00.020"}
[32minfo[39m: Message 428 {"context":{"index":428,"timestamp":"2026-03-31T09:57:59.023Z"},"environment":"test","service":"test-service","timestamp":"2026-03-31 15:28:00.021"}
[32minfo[39m: Message 429 {"context":{"index":429,"timestamp":"2026-03-31T09:57:59.023Z"},"environment":"test","service":"test-service","timestamp":"2026-03-31 15:28:00.022"}
[32minfo[39m: Message 430 {"context":{"index":430,"timestamp":"2026-03-31T09:57:59.023Z"},"environment":"test","service":"test-service","timestamp":"2026-03-31 15:28:00.024"}
[32minfo[39m: Message 431 {"context":{"index":431,"timestamp":"2026-03-31T09:57:59.023Z"},"environment":"test","service":"test-service","timestamp":"2026-03-31 15:28:00.025"}
[32minfo[39m: Message 432 {"context":{"index":432,"timestamp":"2026-03-31T09:57:59.023Z"},"environment":"test","service":"test-service","timestamp":"2026-03-31 15:28:00.026"}
[32minfo[39m: Message 433 {"context":{"index":433,"timestamp":"2026-03-31T09:57:59.023Z"},"environment":"test","service":"test-service","timestamp":"2026-03-31 15:28:00.027"}
[32minfo[39m: Message 434 {"context":{"index":434,"timestamp":"2026-03-31T09:57:59.023Z"},"environment":"test","service":"test-service","timestamp":"2026-03-31 15:28:00.029"}
[32minfo[39m: Message 435 {"context":{"index":435,"timestamp":"2026-03-31T09:57:59.023Z"},"environment":"test","service":"test-service","timestamp":"2026-03-31 15:28:00.031"}
[32minfo[39m: Message 436 {"context":{"index":436,"timestamp":"2026-03-31T09:57:59.023Z"},"environment":"test","service":"test-service","timestamp":"2026-03-31 15:28:00.032"}
[32minfo[39m: Message 437 {"context":{"index":437,"timestamp":"2026-03-31T09:57:59.023Z"},"environment":"test","service":"test-service","timestamp":"2026-03-31 15:28:00.033"}
[32minfo[39m: Message 438 {"context":{"index":438,"timestamp":"2026-03-31T09:57:59.023Z"},"environment":"test","service":"test-service","timestamp":"2026-03-31 15:28:00.034"}
[32minfo[39m: Message 439 {"context":{"index":439,"timestamp":"2026-03-31T09:57:59.023Z"},"environment":"test","service":"test-service","timestamp":"2026-03-31 15:28:00.035"}
[32minfo[39m: Message 440 {"context":{"index":440,"timestamp":"2026-03-31T09:57:59.023Z"},"environment":"test","service":"test-service","timestamp":"2026-03-31 15:28:00.036"}
[32minfo[39m: Message 441 {"context":{"index":441,"timestamp":"2026-03-31T09:57:59.023Z"},"environment":"test","service":"test-service","timestamp":"2026-03-31 15:28:00.038"}
[32minfo[39m: Message 442 {"context":{"index":442,"timestamp":"2026-03-31T09:57:59.023Z"},"environment":"test","service":"test-service","timestamp":"2026-03-31 15:28:00.041"}
[32minfo[39m: Message 443 {"context":{"index":443,"timestamp":"2026-03-31T09:57:59.023Z"},"environment":"test","service":"test-service","timestamp":"2026-03-31 15:28:00.043"}
[32minfo[39m: Message 444 {"context":{"index":444,"timestamp":"2026-03-31T09:57:59.023Z"},"environment":"test","service":"test-service","timestamp":"2026-03-31 15:28:00.044"}
[32minfo[39m: Message 445 {"context":{"index":445,"timestamp":"2026-03-31T09:57:59.023Z"},"environment":"test","service":"test-service","timestamp":"2026-03-31 15:28:00.045"}
[32minfo[39m: Message 446 {"context":{"index":446,"timestamp":"2026-03-31T09:57:59.023Z"},"environment":"test","service":"test-service","timestamp":"2026-03-31 15:28:00.047"}
[32minfo[39m: Message 447 {"context":{"index":447,"timestamp":"2026-03-31T09:57:59.023Z"},"environment":"test","service":"test-service","timestamp":"2026-03-31 15:28:00.048"}
[32minfo[39m: Message 448 {"context":{"index":448,"timestamp":"2026-03-31T09:57:59.023Z"},"environment":"test","service":"test-service","timestamp":"2026-03-31 15:28:00.050"}
[32minfo[39m: Message 449 {"context":{"index":449,"timestamp":"2026-03-31T09:57:59.023Z"},"environment":"test","service":"test-service","timestamp":"2026-03-31 15:28:00.051"}
[32minfo[39m: Message 450 {"context":{"index":450,"timestamp":"2026-03-31T09:57:59.023Z"},"environment":"test","service":"test-service","timestamp":"2026-03-31 15:28:00.052"}
[32minfo[39m: Message 451 {"context":{"index":451,"timestamp":"2026-03-31T09:57:59.023Z"},"environment":"test","service":"test-service","timestamp":"2026-03-31 15:28:00.054"}
[32minfo[39m: Message 452 {"context":{"index":452,"timestamp":"2026-03-31T09:57:59.023Z"},"environment":"test","service":"test-service","timestamp":"2026-03-31 15:28:00.055"}
[32minfo[39m: Message 453 {"context":{"index":453,"timestamp":"2026-03-31T09:57:59.023Z"},"environment":"test","service":"test-service","timestamp":"2026-03-31 15:28:00.056"}
[32minfo[39m: Message 454 {"context":{"index":454,"timestamp":"2026-03-31T09:57:59.023Z"},"environment":"test","service":"test-service","timestamp":"2026-03-31 15:28:00.058"}
[32minfo[39m: Message 455 {"context":{"index":455,"timestamp":"2026-03-31T09:57:59.023Z"},"environment":"test","service":"test-service","timestamp":"2026-03-31 15:28:00.059"}
[32minfo[39m: Message 456 {"context":{"index":456,"timestamp":"2026-03-31T09:57:59.023Z"},"environment":"test","service":"test-service","timestamp":"2026-03-31 15:28:00.061"}
[32minfo[39m: Message 457 {"context":{"index":457,"timestamp":"2026-03-31T09:57:59.023Z"},"environment":"test","service":"test-service","timestamp":"2026-03-31 15:28:00.064"}
[32minfo[39m: Message 458 {"context":{"index":458,"timestamp":"2026-03-31T09:57:59.023Z"},"environment":"test","service":"test-service","timestamp":"2026-03-31 15:28:00.065"}
[32minfo[39m: Message 459 {"context":{"index":459,"timestamp":"2026-03-31T09:57:59.023Z"},"environment":"test","service":"test-service","timestamp":"2026-03-31 15:28:00.067"}
[32minfo[39m: Message 460 {"context":{"index":460,"timestamp":"2026-03-31T09:57:59.023Z"},"environment":"test","service":"test-service","timestamp":"2026-03-31 15:28:00.068"}
[32minfo[39m: Message 461 {"context":{"index":461,"timestamp":"2026-03-31T09:57:59.023Z"},"environment":"test","service":"test-service","timestamp":"2026-03-31 15:28:00.070"}
[32minfo[39m: Message 462 {"context":{"index":462,"timestamp":"2026-03-31T09:57:59.023Z"},"environment":"test","service":"test-service","timestamp":"2026-03-31 15:28:00.071"}
[32minfo[39m: Message 463 {"context":{"index":463,"timestamp":"2026-03-31T09:57:59.023Z"},"environment":"test","service":"test-service","timestamp":"2026-03-31 15:28:00.072"}
[32minfo[39m: Message 464 {"context":{"index":464,"timestamp":"2026-03-31T09:57:59.023Z"},"environment":"test","service":"test-service","timestamp":"2026-03-31 15:28:00.073"}
[32minfo[39m: Message 465 {"context":{"index":465,"timestamp":"2026-03-31T09:57:59.023Z"},"environment":"test","service":"test-service","timestamp":"2026-03-31 15:28:00.075"}
[32minfo[39m: Message 466 {"context":{"index":466,"timestamp":"2026-03-31T09:57:59.023Z"},"environment":"test","service":"test-service","timestamp":"2026-03-31 15:28:00.077"}
[32minfo[39m: Message 467 {"context":{"index":467,"timestamp":"2026-03-31T09:57:59.023Z"},"environment":"test","service":"test-service","timestamp":"2026-03-31 15:28:00.079"}
[32minfo[39m: Message 468 {"context":{"index":468,"timestamp":"2026-03-31T09:57:59.023Z"},"environment":"test","service":"test-service","timestamp":"2026-03-31 15:28:00.080"}
[32minfo[39m: Message 469 {"context":{"index":469,"timestamp":"2026-03-31T09:57:59.023Z"},"environment":"test","service":"test-service","timestamp":"2026-03-31 15:28:00.082"}
[32minfo[39m: Message 470 {"context":{"index":470,"timestamp":"2026-03-31T09:57:59.023Z"},"environment":"test","service":"test-service","timestamp":"2026-03-31 15:28:00.083"}
[32minfo[39m: Message 471 {"context":{"index":471,"timestamp":"2026-03-31T09:57:59.023Z"},"environment":"test","service":"test-service","timestamp":"2026-03-31 15:28:00.084"}
[32minfo[39m: Message 472 {"context":{"index":472,"timestamp":"2026-03-31T09:57:59.023Z"},"environment":"test","service":"test-service","timestamp":"2026-03-31 15:28:00.085"}
[32minfo[39m: Message 473 {"context":{"index":473,"timestamp":"2026-03-31T09:57:59.023Z"},"environment":"test","service":"test-service","timestamp":"2026-03-31 15:28:00.088"}
[32minfo[39m: Message 474 {"context":{"index":474,"timestamp":"2026-03-31T09:57:59.023Z"},"environment":"test","service":"test-service","timestamp":"2026-03-31 15:28:00.089"}
[32minfo[39m: Message 475 {"context":{"index":475,"timestamp":"2026-03-31T09:57:59.023Z"},"environment":"test","service":"test-service","timestamp":"2026-03-31 15:28:00.090"}
[32minfo[39m: Message 476 {"context":{"index":476,"timestamp":"2026-03-31T09:57:59.023Z"},"environment":"test","service":"test-service","timestamp":"2026-03-31 15:28:00.092"}
[32minfo[39m: Message 477 {"context":{"index":477,"timestamp":"2026-03-31T09:57:59.023Z"},"environment":"test","service":"test-service","timestamp":"2026-03-31 15:28:00.093"}
[32minfo[39m: Message 478 {"context":{"index":478,"timestamp":"2026-03-31T09:57:59.023Z"},"environment":"test","service":"test-service","timestamp":"2026-03-31 15:28:00.094"}
[32minfo[39m: Message 479 {"context":{"index":479,"timestamp":"2026-03-31T09:57:59.023Z"},"environment":"test","service":"test-service","timestamp":"2026-03-31 15:28:00.095"}
[32minfo[39m: Message 480 {"context":{"index":480,"timestamp":"2026-03-31T09:57:59.023Z"},"environment":"test","service":"test-service","timestamp":"2026-03-31 15:28:00.096"}
[32minfo[39m: Message 481 {"context":{"index":481,"timestamp":"2026-03-31T09:57:59.023Z"},"environment":"test","service":"test-service","timestamp":"2026-03-31 15:28:00.098"}
[32minfo[39m: Message 482 {"context":{"index":482,"timestamp":"2026-03-31T09:57:59.023Z"},"environment":"test","service":"test-service","timestamp":"2026-03-31 15:28:00.100"}
[32minfo[39m: Message 483 {"context":{"index":483,"timestamp":"2026-03-31T09:57:59.023Z"},"environment":"test","service":"test-service","timestamp":"2026-03-31 15:28:00.101"}
[32minfo[39m: Message 484 {"context":{"index":484,"timestamp":"2026-03-31T09:57:59.023Z"},"environment":"test","service":"test-service","timestamp":"2026-03-31 15:28:00.102"}
[32minfo[39m: Message 485 {"context":{"index":485,"timestamp":"2026-03-31T09:57:59.023Z"},"environment":"test","service":"test-service","timestamp":"2026-03-31 15:28:00.103"}
[32minfo[39m: Message 486 {"context":{"index":486,"timestamp":"2026-03-31T09:57:59.023Z"},"environment":"test","service":"test-service","timestamp":"2026-03-31 15:28:00.105"}
[32minfo[39m: Message 487 {"context":{"index":487,"timestamp":"2026-03-31T09:57:59.023Z"},"environment":"test","service":"test-service","timestamp":"2026-03-31 15:28:00.107"}
[32minfo[39m: Message 488 {"context":{"index":488,"timestamp":"2026-03-31T09:57:59.023Z"},"environment":"test","service":"test-service","timestamp":"2026-03-31 15:28:00.108"}
[32minfo[39m: Message 489 {"context":{"index":489,"timestamp":"2026-03-31T09:57:59.023Z"},"environment":"test","service":"test-service","timestamp":"2026-03-31 15:28:00.112"}
[32minfo[39m: Message 490 {"context":{"index":490,"timestamp":"2026-03-31T09:57:59.023Z"},"environment":"test","service":"test-service","timestamp":"2026-03-31 15:28:00.114"}
[32minfo[39m: Message 491 {"context":{"index":491,"timestamp":"2026-03-31T09:57:59.023Z"},"environment":"test","service":"test-service","timestamp":"2026-03-31 15:28:00.115"}
[32minfo[39m: Message 492 {"context":{"index":492,"timestamp":"2026-03-31T09:57:59.023Z"},"environment":"test","service":"test-service","timestamp":"2026-03-31 15:28:00.116"}
[32minfo[39m: Message 493 {"context":{"index":493,"timestamp":"2026-03-31T09:57:59.023Z"},"environment":"test","service":"test-service","timestamp":"2026-03-31 15:28:00.117"}
[32minfo[39m: Message 494 {"context":{"index":494,"timestamp":"2026-03-31T09:57:59.023Z"},"environment":"test","service":"test-service","timestamp":"2026-03-31 15:28:00.119"}
[32minfo[39m: Message 495 {"context":{"index":495,"timestamp":"2026-03-31T09:57:59.023Z"},"environment":"test","service":"test-service","timestamp":"2026-03-31 15:28:00.121"}
[32minfo[39m: Message 496 {"context":{"index":496,"timestamp":"2026-03-31T09:57:59.023Z"},"environment":"test","service":"test-service","timestamp":"2026-03-31 15:28:00.122"}
[32minfo[39m: Message 497 {"context":{"index":497,"timestamp":"2026-03-31T09:57:59.023Z"},"environment":"test","service":"test-service","timestamp":"2026-03-31 15:28:00.123"}
[32minfo[39m: Message 498 {"context":{"index":498,"timestamp":"2026-03-31T09:57:59.023Z"},"environment":"test","service":"test-service","timestamp":"2026-03-31 15:28:00.125"}
[32minfo[39m: Message 499 {"context":{"index":499,"timestamp":"2026-03-31T09:57:59.023Z"},"environment":"test","service":"test-service","timestamp":"2026-03-31 15:28:00.126"}
[32minfo[39m: Message 500 {"context":{"index":500,"timestamp":"2026-03-31T09:57:59.023Z"},"environment":"test","service":"test-service","timestamp":"2026-03-31 15:28:00.127"}
[32minfo[39m: Message 501 {"context":{"index":501,"timestamp":"2026-03-31T09:57:59.023Z"},"environment":"test","service":"test-service","timestamp":"2026-03-31 15:28:00.129"}
[32minfo[39m: Message 502 {"context":{"index":502,"timestamp":"2026-03-31T09:57:59.023Z"},"environment":"test","service":"test-service","timestamp":"2026-03-31 15:28:00.131"}
[32minfo[39m: Message 503 {"context":{"index":503,"timestamp":"2026-03-31T09:57:59.023Z"},"environment":"test","service":"test-service","timestamp":"2026-03-31 15:28:00.133"}
[32minfo[39m: Message 504 {"context":{"index":504,"timestamp":"2026-03-31T09:57:59.023Z"},"environment":"test","service":"test-service","timestamp":"2026-03-31 15:28:00.136"}
[32minfo[39m: Message 505 {"context":{"index":505,"timestamp":"2026-03-31T09:57:59.023Z"},"environment":"test","service":"test-service","timestamp":"2026-03-31 15:28:00.138"}
[32minfo[39m: Message 506 {"context":{"index":506,"timestamp":"2026-03-31T09:57:59.023Z"},"environment":"test","service":"test-service","timestamp":"2026-03-31 15:28:00.140"}
[32minfo[39m: Message 507 {"context":{"index":507,"timestamp":"2026-03-31T09:57:59.023Z"},"environment":"test","service":"test-service","timestamp":"2026-03-31 15:28:00.141"}
[32minfo[39m: Message 508 {"context":{"index":508,"timestamp":"2026-03-31T09:57:59.023Z"},"environment":"test","service":"test-service","timestamp":"2026-03-31 15:28:00.142"}
[32minfo[39m: Message 509 {"context":{"index":509,"timestamp":"2026-03-31T09:57:59.023Z"},"environment":"test","service":"test-service","timestamp":"2026-03-31 15:28:00.143"}
[32minfo[39m: Message 510 {"context":{"index":510,"timestamp":"2026-03-31T09:57:59.023Z"},"environment":"test","service":"test-service","timestamp":"2026-03-31 15:28:00.146"}
[32minfo[39m: Message 511 {"context":{"index":511,"timestamp":"2026-03-31T09:57:59.023Z"},"environment":"test","service":"test-service","timestamp":"2026-03-31 15:28:00.147"}
[32minfo[39m: Message 512 {"context":{"index":512,"timestamp":"2026-03-31T09:57:59.023Z"},"environment":"test","service":"test-service","timestamp":"2026-03-31 15:28:00.149"}
[32minfo[39m: Message 513 {"context":{"index":513,"timestamp":"2026-03-31T09:57:59.023Z"},"environment":"test","service":"test-service","timestamp":"2026-03-31 15:28:00.150"}
[32minfo[39m: Message 514 {"context":{"index":514,"timestamp":"2026-03-31T09:57:59.023Z"},"environment":"test","service":"test-service","timestamp":"2026-03-31 15:28:00.151"}
[32minfo[39m: Message 515 {"context":{"index":515,"timestamp":"2026-03-31T09:57:59.023Z"},"environment":"test","service":"test-service","timestamp":"2026-03-31 15:28:00.152"}
[32minfo[39m: Message 516 {"context":{"index":516,"timestamp":"2026-03-31T09:57:59.023Z"},"environment":"test","service":"test-service","timestamp":"2026-03-31 15:28:00.154"}
[32minfo[39m: Message 517 {"context":{"index":517,"timestamp":"2026-03-31T09:57:59.023Z"},"environment":"test","service":"test-service","timestamp":"2026-03-31 15:28:00.155"}
[32minfo[39m: Message 518 {"context":{"index":518,"timestamp":"2026-03-31T09:57:59.023Z"},"environment":"test","service":"test-service","timestamp":"2026-03-31 15:28:00.156"}
[32minfo[39m: Message 519 {"context":{"index":519,"timestamp":"2026-03-31T09:57:59.024Z"},"environment":"test","service":"test-service","timestamp":"2026-03-31 15:28:00.157"}
[32minfo[39m: Message 520 {"context":{"index":520,"timestamp":"2026-03-31T09:57:59.024Z"},"environment":"test","service":"test-service","timestamp":"2026-03-31 15:28:00.160"}
[32minfo[39m: Message 521 {"context":{"index":521,"timestamp":"2026-03-31T09:57:59.024Z"},"environment":"test","service":"test-service","timestamp":"2026-03-31 15:28:00.162"}
[32minfo[39m: Message 522 {"context":{"index":522,"timestamp":"2026-03-31T09:57:59.024Z"},"environment":"test","service":"test-service","timestamp":"2026-03-31 15:28:00.163"}
[32minfo[39m: Message 523 {"context":{"index":523,"timestamp":"2026-03-31T09:57:59.024Z"},"environment":"test","service":"test-service","timestamp":"2026-03-31 15:28:00.165"}
[32minfo[39m: Message 524 {"context":{"index":524,"timestamp":"2026-03-31T09:57:59.024Z"},"environment":"test","service":"test-service","timestamp":"2026-03-31 15:28:00.166"}
[32minfo[39m: Message 525 {"context":{"index":525,"timestamp":"2026-03-31T09:57:59.024Z"},"environment":"test","service":"test-service","timestamp":"2026-03-31 15:28:00.167"}
[32minfo[39m: Message 526 {"context":{"index":526,"timestamp":"2026-03-31T09:57:59.024Z"},"environment":"test","service":"test-service","timestamp":"2026-03-31 15:28:00.168"}
[32minfo[39m: Message 527 {"context":{"index":527,"timestamp":"2026-03-31T09:57:59.024Z"},"environment":"test","service":"test-service","timestamp":"2026-03-31 15:28:00.169"}
[32minfo[39m: Message 528 {"context":{"index":528,"timestamp":"2026-03-31T09:57:59.024Z"},"environment":"test","service":"test-service","timestamp":"2026-03-31 15:28:00.171"}
[32minfo[39m: Message 529 {"context":{"index":529,"timestamp":"2026-03-31T09:57:59.024Z"},"environment":"test","service":"test-service","timestamp":"2026-03-31 15:28:00.172"}
[32minfo[39m: Message 530 {"context":{"index":530,"timestamp":"2026-03-31T09:57:59.024Z"},"environment":"test","service":"test-service","timestamp":"2026-03-31 15:28:00.173"}
[32minfo[39m: Message 531 {"context":{"index":531,"timestamp":"2026-03-31T09:57:59.024Z"},"environment":"test","service":"test-service","timestamp":"2026-03-31 15:28:00.174"}
[32minfo[39m: Message 532 {"context":{"index":532,"timestamp":"2026-03-31T09:57:59.024Z"},"environment":"test","service":"test-service","timestamp":"2026-03-31 15:28:00.176"}
[32minfo[39m: Message 533 {"context":{"index":533,"timestamp":"2026-03-31T09:57:59.024Z"},"environment":"test","service":"test-service","timestamp":"2026-03-31 15:28:00.177"}
[32minfo[39m: Message 534 {"context":{"index":534,"timestamp":"2026-03-31T09:57:59.024Z"},"environment":"test","service":"test-service","timestamp":"2026-03-31 15:28:00.178"}
[32minfo[39m: Message 535 {"context":{"index":535,"timestamp":"2026-03-31T09:57:59.024Z"},"environment":"test","service":"test-service","timestamp":"2026-03-31 15:28:00.182"}
[32minfo[39m: Message 536 {"context":{"index":536,"timestamp":"2026-03-31T09:57:59.024Z"},"environment":"test","service":"test-service","timestamp":"2026-03-31 15:28:00.183"}
  console.log
    [test] ✓ Valid signals accepted

      at Object.log (tests/integration/incident-detection-flow.test.js:65:15)

  console.log
    [test] ✓ Invalid signals rejected

      at Object.log (tests/integration/incident-detection-flow.test.js:88:15)

[32minfo[39m: Message 537 {"context":{"index":537,"timestamp":"2026-03-31T09:57:59.024Z"},"environment":"test","service":"test-service","timestamp":"2026-03-31 15:28:00.184"}
[32minfo[39m: Message 538 {"context":{"index":538,"timestamp":"2026-03-31T09:57:59.024Z"},"environment":"test","service":"test-service","timestamp":"2026-03-31 15:28:00.185"}
[32minfo[39m: Message 539 {"context":{"index":539,"timestamp":"2026-03-31T09:57:59.024Z"},"environment":"test","service":"test-service","timestamp":"2026-03-31 15:28:00.186"}
[32minfo[39m: Message 540 {"context":{"index":540,"timestamp":"2026-03-31T09:57:59.024Z"},"environment":"test","service":"test-service","timestamp":"2026-03-31 15:28:00.186"}
[32minfo[39m: Message 541 {"context":{"index":541,"timestamp":"2026-03-31T09:57:59.024Z"},"environment":"test","service":"test-service","timestamp":"2026-03-31 15:28:00.188"}
[32minfo[39m: Message 542 {"context":{"index":542,"timestamp":"2026-03-31T09:57:59.024Z"},"environment":"test","service":"test-service","timestamp":"2026-03-31 15:28:00.188"}
[32minfo[39m: Message 543 {"context":{"index":543,"timestamp":"2026-03-31T09:57:59.024Z"},"environment":"test","service":"test-service","timestamp":"2026-03-31 15:28:00.189"}
[32minfo[39m: Message 544 {"context":{"index":544,"timestamp":"2026-03-31T09:57:59.024Z"},"environment":"test","service":"test-service","timestamp":"2026-03-31 15:28:00.190"}
[32minfo[39m: Message 545 {"context":{"index":545,"timestamp":"2026-03-31T09:57:59.024Z"},"environment":"test","service":"test-service","timestamp":"2026-03-31 15:28:00.191"}
[32minfo[39m: Message 546 {"context":{"index":546,"timestamp":"2026-03-31T09:57:59.024Z"},"environment":"test","service":"test-service","timestamp":"2026-03-31 15:28:00.192"}
[32minfo[39m: Message 547 {"context":{"index":547,"timestamp":"2026-03-31T09:57:59.024Z"},"environment":"test","service":"test-service","timestamp":"2026-03-31 15:28:00.193"}
[32minfo[39m: Message 548 {"context":{"index":548,"timestamp":"2026-03-31T09:57:59.024Z"},"environment":"test","service":"test-service","timestamp":"2026-03-31 15:28:00.194"}
[32minfo[39m: Message 549 {"context":{"index":549,"timestamp":"2026-03-31T09:57:59.024Z"},"environment":"test","service":"test-service","timestamp":"2026-03-31 15:28:00.195"}
[32minfo[39m: Message 550 {"context":{"index":550,"timestamp":"2026-03-31T09:57:59.024Z"},"environment":"test","service":"test-service","timestamp":"2026-03-31 15:28:00.196"}
[32minfo[39m: Message 551 {"context":{"index":551,"timestamp":"2026-03-31T09:57:59.024Z"},"environment":"test","service":"test-service","timestamp":"2026-03-31 15:28:00.196"}
[32minfo[39m: Message 552 {"context":{"index":552,"timestamp":"2026-03-31T09:57:59.024Z"},"environment":"test","service":"test-service","timestamp":"2026-03-31 15:28:00.197"}
[32minfo[39m: Message 553 {"context":{"index":553,"timestamp":"2026-03-31T09:57:59.024Z"},"environment":"test","service":"test-service","timestamp":"2026-03-31 15:28:00.250"}
[32minfo[39m: Message 554 {"context":{"index":554,"timestamp":"2026-03-31T09:57:59.024Z"},"environment":"test","service":"test-service","timestamp":"2026-03-31 15:28:00.255"}
[32minfo[39m: Message 555 {"context":{"index":555,"timestamp":"2026-03-31T09:57:59.024Z"},"environment":"test","service":"test-service","timestamp":"2026-03-31 15:28:00.257"}
[32minfo[39m: Message 556 {"context":{"index":556,"timestamp":"2026-03-31T09:57:59.024Z"},"environment":"test","service":"test-service","timestamp":"2026-03-31 15:28:00.258"}
[32minfo[39m: Message 557 {"context":{"index":557,"timestamp":"2026-03-31T09:57:59.024Z"},"environment":"test","service":"test-service","timestamp":"2026-03-31 15:28:00.260"}
[32minfo[39m: Message 558 {"context":{"index":558,"timestamp":"2026-03-31T09:57:59.024Z"},"environment":"test","service":"test-service","timestamp":"2026-03-31 15:28:00.261"}
[32minfo[39m: Message 559 {"context":{"index":559,"timestamp":"2026-03-31T09:57:59.024Z"},"environment":"test","service":"test-service","timestamp":"2026-03-31 15:28:00.263"}
[32minfo[39m: Message 560 {"context":{"index":560,"timestamp":"2026-03-31T09:57:59.024Z"},"environment":"test","service":"test-service","timestamp":"2026-03-31 15:28:00.264"}
[32minfo[39m: Message 561 {"context":{"index":561,"timestamp":"2026-03-31T09:57:59.024Z"},"environment":"test","service":"test-service","timestamp":"2026-03-31 15:28:00.265"}
[32minfo[39m: Message 562 {"context":{"index":562,"timestamp":"2026-03-31T09:57:59.024Z"},"environment":"test","service":"test-service","timestamp":"2026-03-31 15:28:00.266"}
[32minfo[39m: Message 563 {"context":{"index":563,"timestamp":"2026-03-31T09:57:59.024Z"},"environment":"test","service":"test-service","timestamp":"2026-03-31 15:28:00.268"}
[32minfo[39m: Message 564 {"context":{"index":564,"timestamp":"2026-03-31T09:57:59.024Z"},"environment":"test","service":"test-service","timestamp":"2026-03-31 15:28:00.269"}
[32minfo[39m: Message 565 {"context":{"index":565,"timestamp":"2026-03-31T09:57:59.024Z"},"environment":"test","service":"test-service","timestamp":"2026-03-31 15:28:00.271"}
[32minfo[39m: Message 566 {"context":{"index":566,"timestamp":"2026-03-31T09:57:59.024Z"},"environment":"test","service":"test-service","timestamp":"2026-03-31 15:28:00.272"}
[32minfo[39m: Message 567 {"context":{"index":567,"timestamp":"2026-03-31T09:57:59.024Z"},"environment":"test","service":"test-service","timestamp":"2026-03-31 15:28:00.273"}
[32minfo[39m: Message 568 {"context":{"index":568,"timestamp":"2026-03-31T09:57:59.024Z"},"environment":"test","service":"test-service","timestamp":"2026-03-31 15:28:00.276"}
[32minfo[39m: Message 569 {"context":{"index":569,"timestamp":"2026-03-31T09:57:59.024Z"},"environment":"test","service":"test-service","timestamp":"2026-03-31 15:28:00.278"}
[32minfo[39m: Message 570 {"context":{"index":570,"timestamp":"2026-03-31T09:57:59.024Z"},"environment":"test","service":"test-service","timestamp":"2026-03-31 15:28:00.279"}
[32minfo[39m: Message 571 {"context":{"index":571,"timestamp":"2026-03-31T09:57:59.024Z"},"environment":"test","service":"test-service","timestamp":"2026-03-31 15:28:00.280"}
[32minfo[39m: Message 572 {"context":{"index":572,"timestamp":"2026-03-31T09:57:59.024Z"},"environment":"test","service":"test-service","timestamp":"2026-03-31 15:28:00.281"}
[32minfo[39m: Message 573 {"context":{"index":573,"timestamp":"2026-03-31T09:57:59.024Z"},"environment":"test","service":"test-service","timestamp":"2026-03-31 15:28:00.283"}
[32minfo[39m: Message 574 {"context":{"index":574,"timestamp":"2026-03-31T09:57:59.024Z"},"environment":"test","service":"test-service","timestamp":"2026-03-31 15:28:00.284"}
[32minfo[39m: Message 575 {"context":{"index":575,"timestamp":"2026-03-31T09:57:59.024Z"},"environment":"test","service":"test-service","timestamp":"2026-03-31 15:28:00.285"}
[32minfo[39m: Message 576 {"context":{"index":576,"timestamp":"2026-03-31T09:57:59.024Z"},"environment":"test","service":"test-service","timestamp":"2026-03-31 15:28:00.286"}
[32minfo[39m: Message 577 {"context":{"index":577,"timestamp":"2026-03-31T09:57:59.024Z"},"environment":"test","service":"test-service","timestamp":"2026-03-31 15:28:00.288"}
[32minfo[39m: Message 578 {"context":{"index":578,"timestamp":"2026-03-31T09:57:59.024Z"},"environment":"test","service":"test-service","timestamp":"2026-03-31 15:28:00.289"}
[32minfo[39m: Message 579 {"context":{"index":579,"timestamp":"2026-03-31T09:57:59.024Z"},"environment":"test","service":"test-service","timestamp":"2026-03-31 15:28:00.290"}
[32minfo[39m: Message 580 {"context":{"index":580,"timestamp":"2026-03-31T09:57:59.024Z"},"environment":"test","service":"test-service","timestamp":"2026-03-31 15:28:00.292"}
[32minfo[39m: Message 581 {"context":{"index":581,"timestamp":"2026-03-31T09:57:59.024Z"},"environment":"test","service":"test-service","timestamp":"2026-03-31 15:28:00.293"}
[32minfo[39m: Message 582 {"context":{"index":582,"timestamp":"2026-03-31T09:57:59.024Z"},"environment":"test","service":"test-service","timestamp":"2026-03-31 15:28:00.294"}
[32minfo[39m: Message 583 {"context":{"index":583,"timestamp":"2026-03-31T09:57:59.024Z"},"environment":"test","service":"test-service","timestamp":"2026-03-31 15:28:00.296"}
[32minfo[39m: Message 584 {"context":{"index":584,"timestamp":"2026-03-31T09:57:59.024Z"},"environment":"test","service":"test-service","timestamp":"2026-03-31 15:28:00.299"}
[32minfo[39m: Message 585 {"context":{"index":585,"timestamp":"2026-03-31T09:57:59.024Z"},"environment":"test","service":"test-service","timestamp":"2026-03-31 15:28:00.300"}
[32minfo[39m: Message 586 {"context":{"index":586,"timestamp":"2026-03-31T09:57:59.024Z"},"environment":"test","service":"test-service","timestamp":"2026-03-31 15:28:00.302"}
[32minfo[39m: Message 587 {"context":{"index":587,"timestamp":"2026-03-31T09:57:59.024Z"},"environment":"test","service":"test-service","timestamp":"2026-03-31 15:28:00.303"}
[32minfo[39m: Message 588 {"context":{"index":588,"timestamp":"2026-03-31T09:57:59.024Z"},"environment":"test","service":"test-service","timestamp":"2026-03-31 15:28:00.304"}
[32minfo[39m: Message 589 {"context":{"index":589,"timestamp":"2026-03-31T09:57:59.024Z"},"environment":"test","service":"test-service","timestamp":"2026-03-31 15:28:00.306"}
[32minfo[39m: Message 590 {"context":{"index":590,"timestamp":"2026-03-31T09:57:59.024Z"},"environment":"test","service":"test-service","timestamp":"2026-03-31 15:28:00.307"}
[32minfo[39m: Message 591 {"context":{"index":591,"timestamp":"2026-03-31T09:57:59.024Z"},"environment":"test","service":"test-service","timestamp":"2026-03-31 15:28:00.308"}
[32minfo[39m: Message 592 {"context":{"index":592,"timestamp":"2026-03-31T09:57:59.024Z"},"environment":"test","service":"test-service","timestamp":"2026-03-31 15:28:00.310"}
[32minfo[39m: Message 593 {"context":{"index":593,"timestamp":"2026-03-31T09:57:59.024Z"},"environment":"test","service":"test-service","timestamp":"2026-03-31 15:28:00.311"}
[32minfo[39m: Message 594 {"context":{"index":594,"timestamp":"2026-03-31T09:57:59.024Z"},"environment":"test","service":"test-service","timestamp":"2026-03-31 15:28:00.313"}
[32minfo[39m: Message 595 {"context":{"index":595,"timestamp":"2026-03-31T09:57:59.024Z"},"environment":"test","service":"test-service","timestamp":"2026-03-31 15:28:00.314"}
[32minfo[39m: Message 596 {"context":{"index":596,"timestamp":"2026-03-31T09:57:59.024Z"},"environment":"test","service":"test-service","timestamp":"2026-03-31 15:28:00.315"}
[32minfo[39m: Message 597 {"context":{"index":597,"timestamp":"2026-03-31T09:57:59.024Z"},"environment":"test","service":"test-service","timestamp":"2026-03-31 15:28:00.316"}
[32minfo[39m: Message 598 {"context":{"index":598,"timestamp":"2026-03-31T09:57:59.024Z"},"environment":"test","service":"test-service","timestamp":"2026-03-31 15:28:00.318"}
[32minfo[39m: Message 599 {"context":{"index":599,"timestamp":"2026-03-31T09:57:59.024Z"},"environment":"test","service":"test-service","timestamp":"2026-03-31 15:28:00.321"}
[32minfo[39m: Message 600 {"context":{"index":600,"timestamp":"2026-03-31T09:57:59.024Z"},"environment":"test","service":"test-service","timestamp":"2026-03-31 15:28:00.322"}
[32minfo[39m: Message 601 {"context":{"index":601,"timestamp":"2026-03-31T09:57:59.024Z"},"environment":"test","service":"test-service","timestamp":"2026-03-31 15:28:00.323"}
[32minfo[39m: Message 602 {"context":{"index":602,"timestamp":"2026-03-31T09:57:59.024Z"},"environment":"test","service":"test-service","timestamp":"2026-03-31 15:28:00.324"}
[32minfo[39m: Message 603 {"context":{"index":603,"timestamp":"2026-03-31T09:57:59.024Z"},"environment":"test","service":"test-service","timestamp":"2026-03-31 15:28:00.326"}
[32minfo[39m: Message 604 {"context":{"index":604,"timestamp":"2026-03-31T09:57:59.024Z"},"environment":"test","service":"test-service","timestamp":"2026-03-31 15:28:00.327"}
[32minfo[39m: Message 605 {"context":{"index":605,"timestamp":"2026-03-31T09:57:59.024Z"},"environment":"test","service":"test-service","timestamp":"2026-03-31 15:28:00.328"}
[32minfo[39m: Message 606 {"context":{"index":606,"timestamp":"2026-03-31T09:57:59.024Z"},"environment":"test","service":"test-service","timestamp":"2026-03-31 15:28:00.329"}
[32minfo[39m: Message 607 {"context":{"index":607,"timestamp":"2026-03-31T09:57:59.024Z"},"environment":"test","service":"test-service","timestamp":"2026-03-31 15:28:00.331"}
[32minfo[39m: Message 608 {"context":{"index":608,"timestamp":"2026-03-31T09:57:59.024Z"},"environment":"test","service":"test-service","timestamp":"2026-03-31 15:28:00.332"}
[32minfo[39m: Message 609 {"context":{"index":609,"timestamp":"2026-03-31T09:57:59.024Z"},"environment":"test","service":"test-service","timestamp":"2026-03-31 15:28:00.334"}
[32minfo[39m: Message 610 {"context":{"index":610,"timestamp":"2026-03-31T09:57:59.024Z"},"environment":"test","service":"test-service","timestamp":"2026-03-31 15:28:00.336"}
[32minfo[39m: Message 611 {"context":{"index":611,"timestamp":"2026-03-31T09:57:59.024Z"},"environment":"test","service":"test-service","timestamp":"2026-03-31 15:28:00.338"}
[32minfo[39m: Message 612 {"context":{"index":612,"timestamp":"2026-03-31T09:57:59.024Z"},"environment":"test","service":"test-service","timestamp":"2026-03-31 15:28:00.340"}
[32minfo[39m: Message 613 {"context":{"index":613,"timestamp":"2026-03-31T09:57:59.024Z"},"environment":"test","service":"test-service","timestamp":"2026-03-31 15:28:00.342"}
[32minfo[39m: Message 614 {"context":{"index":614,"timestamp":"2026-03-31T09:57:59.024Z"},"environment":"test","service":"test-service","timestamp":"2026-03-31 15:28:00.343"}
[32minfo[39m: Message 615 {"context":{"index":615,"timestamp":"2026-03-31T09:57:59.024Z"},"environment":"test","service":"test-service","timestamp":"2026-03-31 15:28:00.347"}
[32minfo[39m: Message 616 {"context":{"index":616,"timestamp":"2026-03-31T09:57:59.024Z"},"environment":"test","service":"test-service","timestamp":"2026-03-31 15:28:00.349"}
[32minfo[39m: Message 617 {"context":{"index":617,"timestamp":"2026-03-31T09:57:59.024Z"},"environment":"test","service":"test-service","timestamp":"2026-03-31 15:28:00.350"}
[32minfo[39m: Message 618 {"context":{"index":618,"timestamp":"2026-03-31T09:57:59.024Z"},"environment":"test","service":"test-service","timestamp":"2026-03-31 15:28:00.351"}
[32minfo[39m: Message 619 {"context":{"index":619,"timestamp":"2026-03-31T09:57:59.024Z"},"environment":"test","service":"test-service","timestamp":"2026-03-31 15:28:00.352"}
[32minfo[39m: Message 620 {"context":{"index":620,"timestamp":"2026-03-31T09:57:59.024Z"},"environment":"test","service":"test-service","timestamp":"2026-03-31 15:28:00.354"}
[32minfo[39m: Message 621 {"context":{"index":621,"timestamp":"2026-03-31T09:57:59.024Z"},"environment":"test","service":"test-service","timestamp":"2026-03-31 15:28:00.355"}
[32minfo[39m: Message 622 {"context":{"index":622,"timestamp":"2026-03-31T09:57:59.024Z"},"environment":"test","service":"test-service","timestamp":"2026-03-31 15:28:00.356"}
[32minfo[39m: Message 623 {"context":{"index":623,"timestamp":"2026-03-31T09:57:59.024Z"},"environment":"test","service":"test-service","timestamp":"2026-03-31 15:28:00.357"}
[32minfo[39m: Message 624 {"context":{"index":624,"timestamp":"2026-03-31T09:57:59.024Z"},"environment":"test","service":"test-service","timestamp":"2026-03-31 15:28:00.359"}
[32minfo[39m: Message 625 {"context":{"index":625,"timestamp":"2026-03-31T09:57:59.024Z"},"environment":"test","service":"test-service","timestamp":"2026-03-31 15:28:00.361"}
[32minfo[39m: Message 626 {"context":{"index":626,"timestamp":"2026-03-31T09:57:59.024Z"},"environment":"test","service":"test-service","timestamp":"2026-03-31 15:28:00.363"}
[32minfo[39m: Message 627 {"context":{"index":627,"timestamp":"2026-03-31T09:57:59.024Z"},"environment":"test","service":"test-service","timestamp":"2026-03-31 15:28:00.364"}
[32minfo[39m: Message 628 {"context":{"index":628,"timestamp":"2026-03-31T09:57:59.024Z"},"environment":"test","service":"test-service","timestamp":"2026-03-31 15:28:00.366"}
[32minfo[39m: Message 629 {"context":{"index":629,"timestamp":"2026-03-31T09:57:59.024Z"},"environment":"test","service":"test-service","timestamp":"2026-03-31 15:28:00.367"}
[32minfo[39m: Message 630 {"context":{"index":630,"timestamp":"2026-03-31T09:57:59.024Z"},"environment":"test","service":"test-service","timestamp":"2026-03-31 15:28:00.369"}
[32minfo[39m: Message 631 {"context":{"index":631,"timestamp":"2026-03-31T09:57:59.024Z"},"environment":"test","service":"test-service","timestamp":"2026-03-31 15:28:00.372"}
[32minfo[39m: Message 632 {"context":{"index":632,"timestamp":"2026-03-31T09:57:59.024Z"},"environment":"test","service":"test-service","timestamp":"2026-03-31 15:28:00.373"}
[32minfo[39m: Message 633 {"context":{"index":633,"timestamp":"2026-03-31T09:57:59.024Z"},"environment":"test","service":"test-service","timestamp":"2026-03-31 15:28:00.374"}
[32minfo[39m: Message 634 {"context":{"index":634,"timestamp":"2026-03-31T09:57:59.024Z"},"environment":"test","service":"test-service","timestamp":"2026-03-31 15:28:00.375"}
[32minfo[39m: Message 635 {"context":{"index":635,"timestamp":"2026-03-31T09:57:59.024Z"},"environment":"test","service":"test-service","timestamp":"2026-03-31 15:28:00.377"}
[32minfo[39m: Message 636 {"context":{"index":636,"timestamp":"2026-03-31T09:57:59.024Z"},"environment":"test","service":"test-service","timestamp":"2026-03-31 15:28:00.379"}
[32minfo[39m: Message 637 {"context":{"index":637,"timestamp":"2026-03-31T09:57:59.024Z"},"environment":"test","service":"test-service","timestamp":"2026-03-31 15:28:00.380"}
[32minfo[39m: Message 638 {"context":{"index":638,"timestamp":"2026-03-31T09:57:59.024Z"},"environment":"test","service":"test-service","timestamp":"2026-03-31 15:28:00.381"}
[32minfo[39m: Message 639 {"context":{"index":639,"timestamp":"2026-03-31T09:57:59.024Z"},"environment":"test","service":"test-service","timestamp":"2026-03-31 15:28:00.383"}
[32minfo[39m: Message 640 {"context":{"index":640,"timestamp":"2026-03-31T09:57:59.024Z"},"environment":"test","service":"test-service","timestamp":"2026-03-31 15:28:00.384"}
[32minfo[39m: Message 641 {"context":{"index":641,"timestamp":"2026-03-31T09:57:59.024Z"},"environment":"test","service":"test-service","timestamp":"2026-03-31 15:28:00.385"}
[32minfo[39m: Message 642 {"context":{"index":642,"timestamp":"2026-03-31T09:57:59.024Z"},"environment":"test","service":"test-service","timestamp":"2026-03-31 15:28:00.386"}
[32minfo[39m: Message 643 {"context":{"index":643,"timestamp":"2026-03-31T09:57:59.024Z"},"environment":"test","service":"test-service","timestamp":"2026-03-31 15:28:00.388"}
[32minfo[39m: Message 644 {"context":{"index":644,"timestamp":"2026-03-31T09:57:59.024Z"},"environment":"test","service":"test-service","timestamp":"2026-03-31 15:28:00.390"}
[32minfo[39m: Message 645 {"context":{"index":645,"timestamp":"2026-03-31T09:57:59.024Z"},"environment":"test","service":"test-service","timestamp":"2026-03-31 15:28:00.392"}
[32minfo[39m: Message 646 {"context":{"index":646,"timestamp":"2026-03-31T09:57:59.024Z"},"environment":"test","service":"test-service","timestamp":"2026-03-31 15:28:00.396"}
[32minfo[39m: Message 647 {"context":{"index":647,"timestamp":"2026-03-31T09:57:59.024Z"},"environment":"test","service":"test-service","timestamp":"2026-03-31 15:28:00.398"}
[32minfo[39m: Message 648 {"context":{"index":648,"timestamp":"2026-03-31T09:57:59.024Z"},"environment":"test","service":"test-service","timestamp":"2026-03-31 15:28:00.400"}
[32minfo[39m: Message 649 {"context":{"index":649,"timestamp":"2026-03-31T09:57:59.024Z"},"environment":"test","service":"test-service","timestamp":"2026-03-31 15:28:00.402"}
[32minfo[39m: Message 650 {"context":{"index":650,"timestamp":"2026-03-31T09:57:59.024Z"},"environment":"test","service":"test-service","timestamp":"2026-03-31 15:28:00.403"}
[32minfo[39m: Message 651 {"context":{"index":651,"timestamp":"2026-03-31T09:57:59.024Z"},"environment":"test","service":"test-service","timestamp":"2026-03-31 15:28:00.405"}
[32minfo[39m: Message 652 {"context":{"index":652,"timestamp":"2026-03-31T09:57:59.024Z"},"environment":"test","service":"test-service","timestamp":"2026-03-31 15:28:00.406"}
[32minfo[39m: Message 653 {"context":{"index":653,"timestamp":"2026-03-31T09:57:59.024Z"},"environment":"test","service":"test-service","timestamp":"2026-03-31 15:28:00.407"}
[32minfo[39m: Message 654 {"context":{"index":654,"timestamp":"2026-03-31T09:57:59.024Z"},"environment":"test","service":"test-service","timestamp":"2026-03-31 15:28:00.409"}
[32minfo[39m: Message 655 {"context":{"index":655,"timestamp":"2026-03-31T09:57:59.024Z"},"environment":"test","service":"test-service","timestamp":"2026-03-31 15:28:00.410"}
[32minfo[39m: Message 656 {"context":{"index":656,"timestamp":"2026-03-31T09:57:59.024Z"},"environment":"test","service":"test-service","timestamp":"2026-03-31 15:28:00.411"}
[32minfo[39m: Message 657 {"context":{"index":657,"timestamp":"2026-03-31T09:57:59.024Z"},"environment":"test","service":"test-service","timestamp":"2026-03-31 15:28:00.413"}
[32minfo[39m: Message 658 {"context":{"index":658,"timestamp":"2026-03-31T09:57:59.024Z"},"environment":"test","service":"test-service","timestamp":"2026-03-31 15:28:00.414"}
[32minfo[39m: Message 659 {"context":{"index":659,"timestamp":"2026-03-31T09:57:59.024Z"},"environment":"test","service":"test-service","timestamp":"2026-03-31 15:28:00.415"}
[32minfo[39m: Message 660 {"context":{"index":660,"timestamp":"2026-03-31T09:57:59.024Z"},"environment":"test","service":"test-service","timestamp":"2026-03-31 15:28:00.416"}
[32minfo[39m: Message 661 {"context":{"index":661,"timestamp":"2026-03-31T09:57:59.024Z"},"environment":"test","service":"test-service","timestamp":"2026-03-31 15:28:00.418"}
[32minfo[39m: Message 662 {"context":{"index":662,"timestamp":"2026-03-31T09:57:59.024Z"},"environment":"test","service":"test-service","timestamp":"2026-03-31 15:28:00.422"}
[32minfo[39m: Message 663 {"context":{"index":663,"timestamp":"2026-03-31T09:57:59.024Z"},"environment":"test","service":"test-service","timestamp":"2026-03-31 15:28:00.423"}
[32minfo[39m: Message 664 {"context":{"index":664,"timestamp":"2026-03-31T09:57:59.024Z"},"environment":"test","service":"test-service","timestamp":"2026-03-31 15:28:00.425"}
[32minfo[39m: Message 665 {"context":{"index":665,"timestamp":"2026-03-31T09:57:59.024Z"},"environment":"test","service":"test-service","timestamp":"2026-03-31 15:28:00.426"}
[32minfo[39m: Message 666 {"context":{"index":666,"timestamp":"2026-03-31T09:57:59.024Z"},"environment":"test","service":"test-service","timestamp":"2026-03-31 15:28:00.427"}
[32minfo[39m: Message 667 {"context":{"index":667,"timestamp":"2026-03-31T09:57:59.024Z"},"environment":"test","service":"test-service","timestamp":"2026-03-31 15:28:00.430"}
[32minfo[39m: Message 668 {"context":{"index":668,"timestamp":"2026-03-31T09:57:59.024Z"},"environment":"test","service":"test-service","timestamp":"2026-03-31 15:28:00.431"}
[32minfo[39m: Message 669 {"context":{"index":669,"timestamp":"2026-03-31T09:57:59.024Z"},"environment":"test","service":"test-service","timestamp":"2026-03-31 15:28:00.432"}
[32minfo[39m: Message 670 {"context":{"index":670,"timestamp":"2026-03-31T09:57:59.024Z"},"environment":"test","service":"test-service","timestamp":"2026-03-31 15:28:00.434"}
[32minfo[39m: Message 671 {"context":{"index":671,"timestamp":"2026-03-31T09:57:59.024Z"},"environment":"test","service":"test-service","timestamp":"2026-03-31 15:28:00.435"}
[32minfo[39m: Message 672 {"context":{"index":672,"timestamp":"2026-03-31T09:57:59.024Z"},"environment":"test","service":"test-service","timestamp":"2026-03-31 15:28:00.436"}
[32minfo[39m: Message 673 {"context":{"index":673,"timestamp":"2026-03-31T09:57:59.024Z"},"environment":"test","service":"test-service","timestamp":"2026-03-31 15:28:00.437"}
[32minfo[39m: Message 674 {"context":{"index":674,"timestamp":"2026-03-31T09:57:59.024Z"},"environment":"test","service":"test-service","timestamp":"2026-03-31 15:28:00.439"}
[32minfo[39m: Message 675 {"context":{"index":675,"timestamp":"2026-03-31T09:57:59.024Z"},"environment":"test","service":"test-service","timestamp":"2026-03-31 15:28:00.440"}
[32minfo[39m: Message 676 {"context":{"index":676,"timestamp":"2026-03-31T09:57:59.024Z"},"environment":"test","service":"test-service","timestamp":"2026-03-31 15:28:00.441"}
[32minfo[39m: Message 677 {"context":{"index":677,"timestamp":"2026-03-31T09:57:59.024Z"},"environment":"test","service":"test-service","timestamp":"2026-03-31 15:28:00.442"}
[32minfo[39m: Message 678 {"context":{"index":678,"timestamp":"2026-03-31T09:57:59.024Z"},"environment":"test","service":"test-service","timestamp":"2026-03-31 15:28:00.446"}
[32minfo[39m: Message 679 {"context":{"index":679,"timestamp":"2026-03-31T09:57:59.024Z"},"environment":"test","service":"test-service","timestamp":"2026-03-31 15:28:00.448"}
[32minfo[39m: Message 680 {"context":{"index":680,"timestamp":"2026-03-31T09:57:59.024Z"},"environment":"test","service":"test-service","timestamp":"2026-03-31 15:28:00.449"}
[32minfo[39m: Message 681 {"context":{"index":681,"timestamp":"2026-03-31T09:57:59.024Z"},"environment":"test","service":"test-service","timestamp":"2026-03-31 15:28:00.450"}
[32minfo[39m: Message 682 {"context":{"index":682,"timestamp":"2026-03-31T09:57:59.024Z"},"environment":"test","service":"test-service","timestamp":"2026-03-31 15:28:00.451"}
[32minfo[39m: Message 683 {"context":{"index":683,"timestamp":"2026-03-31T09:57:59.024Z"},"environment":"test","service":"test-service","timestamp":"2026-03-31 15:28:00.451"}
[32minfo[39m: Message 684 {"context":{"index":684,"timestamp":"2026-03-31T09:57:59.024Z"},"environment":"test","service":"test-service","timestamp":"2026-03-31 15:28:00.452"}
[32minfo[39m: Message 685 {"context":{"index":685,"timestamp":"2026-03-31T09:57:59.024Z"},"environment":"test","service":"test-service","timestamp":"2026-03-31 15:28:00.453"}
[32minfo[39m: Message 686 {"context":{"index":686,"timestamp":"2026-03-31T09:57:59.024Z"},"environment":"test","service":"test-service","timestamp":"2026-03-31 15:28:00.454"}
[32minfo[39m: Message 687 {"context":{"index":687,"timestamp":"2026-03-31T09:57:59.024Z"},"environment":"test","service":"test-service","timestamp":"2026-03-31 15:28:00.455"}
[32minfo[39m: Message 688 {"context":{"index":688,"timestamp":"2026-03-31T09:57:59.024Z"},"environment":"test","service":"test-service","timestamp":"2026-03-31 15:28:00.455"}
[32minfo[39m: Message 689 {"context":{"index":689,"timestamp":"2026-03-31T09:57:59.024Z"},"environment":"test","service":"test-service","timestamp":"2026-03-31 15:28:00.456"}
[32minfo[39m: Message 690 {"context":{"index":690,"timestamp":"2026-03-31T09:57:59.024Z"},"environment":"test","service":"test-service","timestamp":"2026-03-31 15:28:00.457"}
[32minfo[39m: Message 691 {"context":{"index":691,"timestamp":"2026-03-31T09:57:59.024Z"},"environment":"test","service":"test-service","timestamp":"2026-03-31 15:28:00.458"}
[32minfo[39m: Message 692 {"context":{"index":692,"timestamp":"2026-03-31T09:57:59.024Z"},"environment":"test","service":"test-service","timestamp":"2026-03-31 15:28:00.526"}
[32minfo[39m: Message 693 {"context":{"index":693,"timestamp":"2026-03-31T09:57:59.024Z"},"environment":"test","service":"test-service","timestamp":"2026-03-31 15:28:00.529"}
[32minfo[39m: Message 694 {"context":{"index":694,"timestamp":"2026-03-31T09:57:59.024Z"},"environment":"test","service":"test-service","timestamp":"2026-03-31 15:28:00.530"}
[32minfo[39m: Message 695 {"context":{"index":695,"timestamp":"2026-03-31T09:57:59.024Z"},"environment":"test","service":"test-service","timestamp":"2026-03-31 15:28:00.534"}
[32minfo[39m: Message 696 {"context":{"index":696,"timestamp":"2026-03-31T09:57:59.024Z"},"environment":"test","service":"test-service","timestamp":"2026-03-31 15:28:00.536"}
[32minfo[39m: Message 697 {"context":{"index":697,"timestamp":"2026-03-31T09:57:59.024Z"},"environment":"test","service":"test-service","timestamp":"2026-03-31 15:28:00.537"}
[32minfo[39m: Message 698 {"context":{"index":698,"timestamp":"2026-03-31T09:57:59.024Z"},"environment":"test","service":"test-service","timestamp":"2026-03-31 15:28:00.539"}
[32minfo[39m: Message 699 {"context":{"index":699,"timestamp":"2026-03-31T09:57:59.024Z"},"environment":"test","service":"test-service","timestamp":"2026-03-31 15:28:00.541"}
[32minfo[39m: Message 700 {"context":{"index":700,"timestamp":"2026-03-31T09:57:59.024Z"},"environment":"test","service":"test-service","timestamp":"2026-03-31 15:28:00.543"}
[32minfo[39m: Message 701 {"context":{"index":701,"timestamp":"2026-03-31T09:57:59.024Z"},"environment":"test","service":"test-service","timestamp":"2026-03-31 15:28:00.544"}
[32minfo[39m: Message 702 {"context":{"index":702,"timestamp":"2026-03-31T09:57:59.024Z"},"environment":"test","service":"test-service","timestamp":"2026-03-31 15:28:00.546"}
[32minfo[39m: Message 703 {"context":{"index":703,"timestamp":"2026-03-31T09:57:59.024Z"},"environment":"test","service":"test-service","timestamp":"2026-03-31 15:28:00.547"}
[32minfo[39m: Message 704 {"context":{"index":704,"timestamp":"2026-03-31T09:57:59.024Z"},"environment":"test","service":"test-service","timestamp":"2026-03-31 15:28:00.549"}
[32minfo[39m: Message 705 {"context":{"index":705,"timestamp":"2026-03-31T09:57:59.024Z"},"environment":"test","service":"test-service","timestamp":"2026-03-31 15:28:00.550"}
[32minfo[39m: Message 706 {"context":{"index":706,"timestamp":"2026-03-31T09:57:59.024Z"},"environment":"test","service":"test-service","timestamp":"2026-03-31 15:28:00.552"}
[32minfo[39m: Message 707 {"context":{"index":707,"timestamp":"2026-03-31T09:57:59.024Z"},"environment":"test","service":"test-service","timestamp":"2026-03-31 15:28:00.553"}
[32minfo[39m: Message 708 {"context":{"index":708,"timestamp":"2026-03-31T09:57:59.024Z"},"environment":"test","service":"test-service","timestamp":"2026-03-31 15:28:00.555"}
[32minfo[39m: Message 709 {"context":{"index":709,"timestamp":"2026-03-31T09:57:59.024Z"},"environment":"test","service":"test-service","timestamp":"2026-03-31 15:28:00.556"}
[32minfo[39m: Message 710 {"context":{"index":710,"timestamp":"2026-03-31T09:57:59.024Z"},"environment":"test","service":"test-service","timestamp":"2026-03-31 15:28:00.559"}
[32minfo[39m: Message 711 {"context":{"index":711,"timestamp":"2026-03-31T09:57:59.024Z"},"environment":"test","service":"test-service","timestamp":"2026-03-31 15:28:00.561"}
[32minfo[39m: Message 712 {"context":{"index":712,"timestamp":"2026-03-31T09:57:59.024Z"},"environment":"test","service":"test-service","timestamp":"2026-03-31 15:28:00.563"}
[32minfo[39m: Message 713 {"context":{"index":713,"timestamp":"2026-03-31T09:57:59.024Z"},"environment":"test","service":"test-service","timestamp":"2026-03-31 15:28:00.564"}
[32minfo[39m: Message 714 {"context":{"index":714,"timestamp":"2026-03-31T09:57:59.024Z"},"environment":"test","service":"test-service","timestamp":"2026-03-31 15:28:00.566"}
[32minfo[39m: Message 715 {"context":{"index":715,"timestamp":"2026-03-31T09:57:59.024Z"},"environment":"test","service":"test-service","timestamp":"2026-03-31 15:28:00.568"}
[32minfo[39m: Message 716 {"context":{"index":716,"timestamp":"2026-03-31T09:57:59.024Z"},"environment":"test","service":"test-service","timestamp":"2026-03-31 15:28:00.569"}
[32minfo[39m: Message 717 {"context":{"index":717,"timestamp":"2026-03-31T09:57:59.024Z"},"environment":"test","service":"test-service","timestamp":"2026-03-31 15:28:00.570"}
[32minfo[39m: Message 718 {"context":{"index":718,"timestamp":"2026-03-31T09:57:59.024Z"},"environment":"test","service":"test-service","timestamp":"2026-03-31 15:28:00.572"}
[32minfo[39m: Message 719 {"context":{"index":719,"timestamp":"2026-03-31T09:57:59.024Z"},"environment":"test","service":"test-service","timestamp":"2026-03-31 15:28:00.573"}
[32minfo[39m: Message 720 {"context":{"index":720,"timestamp":"2026-03-31T09:57:59.024Z"},"environment":"test","service":"test-service","timestamp":"2026-03-31 15:28:00.574"}
[32minfo[39m: Message 721 {"context":{"index":721,"timestamp":"2026-03-31T09:57:59.024Z"},"environment":"test","service":"test-service","timestamp":"2026-03-31 15:28:00.575"}
[32minfo[39m: Message 722 {"context":{"index":722,"timestamp":"2026-03-31T09:57:59.024Z"},"environment":"test","service":"test-service","timestamp":"2026-03-31 15:28:00.577"}
[32minfo[39m: Message 723 {"context":{"index":723,"timestamp":"2026-03-31T09:57:59.024Z"},"environment":"test","service":"test-service","timestamp":"2026-03-31 15:28:00.579"}
[32minfo[39m: Message 724 {"context":{"index":724,"timestamp":"2026-03-31T09:57:59.024Z"},"environment":"test","service":"test-service","timestamp":"2026-03-31 15:28:00.581"}
[32minfo[39m: Message 725 {"context":{"index":725,"timestamp":"2026-03-31T09:57:59.024Z"},"environment":"test","service":"test-service","timestamp":"2026-03-31 15:28:00.584"}
[32minfo[39m: Message 726 {"context":{"index":726,"timestamp":"2026-03-31T09:57:59.024Z"},"environment":"test","service":"test-service","timestamp":"2026-03-31 15:28:00.586"}
[32minfo[39m: Message 727 {"context":{"index":727,"timestamp":"2026-03-31T09:57:59.024Z"},"environment":"test","service":"test-service","timestamp":"2026-03-31 15:28:00.587"}
[32minfo[39m: Message 728 {"context":{"index":728,"timestamp":"2026-03-31T09:57:59.024Z"},"environment":"test","service":"test-service","timestamp":"2026-03-31 15:28:00.589"}
[32minfo[39m: Message 729 {"context":{"index":729,"timestamp":"2026-03-31T09:57:59.024Z"},"environment":"test","service":"test-service","timestamp":"2026-03-31 15:28:00.590"}
[32minfo[39m: Message 730 {"context":{"index":730,"timestamp":"2026-03-31T09:57:59.024Z"},"environment":"test","service":"test-service","timestamp":"2026-03-31 15:28:00.591"}
[32minfo[39m: Message 731 {"context":{"index":731,"timestamp":"2026-03-31T09:57:59.024Z"},"environment":"test","service":"test-service","timestamp":"2026-03-31 15:28:00.593"}
[32minfo[39m: Message 732 {"context":{"index":732,"timestamp":"2026-03-31T09:57:59.024Z"},"environment":"test","service":"test-service","timestamp":"2026-03-31 15:28:00.594"}
[32minfo[39m: Message 733 {"context":{"index":733,"timestamp":"2026-03-31T09:57:59.024Z"},"environment":"test","service":"test-service","timestamp":"2026-03-31 15:28:00.595"}
[32minfo[39m: Message 734 {"context":{"index":734,"timestamp":"2026-03-31T09:57:59.024Z"},"environment":"test","service":"test-service","timestamp":"2026-03-31 15:28:00.597"}
[32minfo[39m: Message 735 {"context":{"index":735,"timestamp":"2026-03-31T09:57:59.024Z"},"environment":"test","service":"test-service","timestamp":"2026-03-31 15:28:00.599"}
[32minfo[39m: Message 736 {"context":{"index":736,"timestamp":"2026-03-31T09:57:59.024Z"},"environment":"test","service":"test-service","timestamp":"2026-03-31 15:28:00.600"}
[32minfo[39m: Message 737 {"context":{"index":737,"timestamp":"2026-03-31T09:57:59.024Z"},"environment":"test","service":"test-service","timestamp":"2026-03-31 15:28:00.601"}
[32minfo[39m: Message 738 {"context":{"index":738,"timestamp":"2026-03-31T09:57:59.024Z"},"environment":"test","service":"test-service","timestamp":"2026-03-31 15:28:00.602"}
[32minfo[39m: Message 739 {"context":{"index":739,"timestamp":"2026-03-31T09:57:59.024Z"},"environment":"test","service":"test-service","timestamp":"2026-03-31 15:28:00.604"}
[32minfo[39m: Message 740 {"context":{"index":740,"timestamp":"2026-03-31T09:57:59.024Z"},"environment":"test","service":"test-service","timestamp":"2026-03-31 15:28:00.605"}
[32minfo[39m: Message 741 {"context":{"index":741,"timestamp":"2026-03-31T09:57:59.024Z"},"environment":"test","service":"test-service","timestamp":"2026-03-31 15:28:00.608"}
[32minfo[39m: Message 742 {"context":{"index":742,"timestamp":"2026-03-31T09:57:59.024Z"},"environment":"test","service":"test-service","timestamp":"2026-03-31 15:28:00.610"}
[32minfo[39m: Message 743 {"context":{"index":743,"timestamp":"2026-03-31T09:57:59.024Z"},"environment":"test","service":"test-service","timestamp":"2026-03-31 15:28:00.612"}
[32minfo[39m: Message 744 {"context":{"index":744,"timestamp":"2026-03-31T09:57:59.024Z"},"environment":"test","service":"test-service","timestamp":"2026-03-31 15:28:00.614"}
[32minfo[39m: Message 745 {"context":{"index":745,"timestamp":"2026-03-31T09:57:59.024Z"},"environment":"test","service":"test-service","timestamp":"2026-03-31 15:28:00.615"}
[32minfo[39m: Message 746 {"context":{"index":746,"timestamp":"2026-03-31T09:57:59.024Z"},"environment":"test","service":"test-service","timestamp":"2026-03-31 15:28:00.617"}
[32minfo[39m: Message 747 {"context":{"index":747,"timestamp":"2026-03-31T09:57:59.024Z"},"environment":"test","service":"test-service","timestamp":"2026-03-31 15:28:00.619"}
[32minfo[39m: Message 748 {"context":{"index":748,"timestamp":"2026-03-31T09:57:59.024Z"},"environment":"test","service":"test-service","timestamp":"2026-03-31 15:28:00.620"}
[32minfo[39m: Message 749 {"context":{"index":749,"timestamp":"2026-03-31T09:57:59.024Z"},"environment":"test","service":"test-service","timestamp":"2026-03-31 15:28:00.622"}
[32minfo[39m: Message 750 {"context":{"index":750,"timestamp":"2026-03-31T09:57:59.024Z"},"environment":"test","service":"test-service","timestamp":"2026-03-31 15:28:00.623"}
[32minfo[39m: Message 751 {"context":{"index":751,"timestamp":"2026-03-31T09:57:59.024Z"},"environment":"test","service":"test-service","timestamp":"2026-03-31 15:28:00.624"}
[32minfo[39m: Message 752 {"context":{"index":752,"timestamp":"2026-03-31T09:57:59.024Z"},"environment":"test","service":"test-service","timestamp":"2026-03-31 15:28:00.625"}
[32minfo[39m: Message 753 {"context":{"index":753,"timestamp":"2026-03-31T09:57:59.024Z"},"environment":"test","service":"test-service","timestamp":"2026-03-31 15:28:00.627"}
[32minfo[39m: Message 754 {"context":{"index":754,"timestamp":"2026-03-31T09:57:59.024Z"},"environment":"test","service":"test-service","timestamp":"2026-03-31 15:28:00.628"}
[32minfo[39m: Message 755 {"context":{"index":755,"timestamp":"2026-03-31T09:57:59.024Z"},"environment":"test","service":"test-service","timestamp":"2026-03-31 15:28:00.630"}
[32minfo[39m: Message 756 {"context":{"index":756,"timestamp":"2026-03-31T09:57:59.024Z"},"environment":"test","service":"test-service","timestamp":"2026-03-31 15:28:00.631"}
[32minfo[39m: Message 757 {"context":{"index":757,"timestamp":"2026-03-31T09:57:59.024Z"},"environment":"test","service":"test-service","timestamp":"2026-03-31 15:28:00.634"}
[32minfo[39m: Message 758 {"context":{"index":758,"timestamp":"2026-03-31T09:57:59.024Z"},"environment":"test","service":"test-service","timestamp":"2026-03-31 15:28:00.635"}
[32minfo[39m: Message 759 {"context":{"index":759,"timestamp":"2026-03-31T09:57:59.024Z"},"environment":"test","service":"test-service","timestamp":"2026-03-31 15:28:00.636"}
[32minfo[39m: Message 760 {"context":{"index":760,"timestamp":"2026-03-31T09:57:59.024Z"},"environment":"test","service":"test-service","timestamp":"2026-03-31 15:28:00.638"}
[32minfo[39m: Message 761 {"context":{"index":761,"timestamp":"2026-03-31T09:57:59.024Z"},"environment":"test","service":"test-service","timestamp":"2026-03-31 15:28:00.639"}
[32minfo[39m: Message 762 {"context":{"index":762,"timestamp":"2026-03-31T09:57:59.024Z"},"environment":"test","service":"test-service","timestamp":"2026-03-31 15:28:00.640"}
[32minfo[39m: Message 763 {"context":{"index":763,"timestamp":"2026-03-31T09:57:59.024Z"},"environment":"test","service":"test-service","timestamp":"2026-03-31 15:28:00.641"}
[32minfo[39m: Message 764 {"context":{"index":764,"timestamp":"2026-03-31T09:57:59.024Z"},"environment":"test","service":"test-service","timestamp":"2026-03-31 15:28:00.643"}
[32minfo[39m: Message 765 {"context":{"index":765,"timestamp":"2026-03-31T09:57:59.024Z"},"environment":"test","service":"test-service","timestamp":"2026-03-31 15:28:00.644"}
[32minfo[39m: Message 766 {"context":{"index":766,"timestamp":"2026-03-31T09:57:59.024Z"},"environment":"test","service":"test-service","timestamp":"2026-03-31 15:28:00.645"}
[32minfo[39m: Message 767 {"context":{"index":767,"timestamp":"2026-03-31T09:57:59.024Z"},"environment":"test","service":"test-service","timestamp":"2026-03-31 15:28:00.646"}
[32minfo[39m: Message 768 {"context":{"index":768,"timestamp":"2026-03-31T09:57:59.024Z"},"environment":"test","service":"test-service","timestamp":"2026-03-31 15:28:00.648"}
[32minfo[39m: Message 769 {"context":{"index":769,"timestamp":"2026-03-31T09:57:59.024Z"},"environment":"test","service":"test-service","timestamp":"2026-03-31 15:28:00.650"}
[32minfo[39m: Message 770 {"context":{"index":770,"timestamp":"2026-03-31T09:57:59.024Z"},"environment":"test","service":"test-service","timestamp":"2026-03-31 15:28:00.652"}
[32minfo[39m: Message 771 {"context":{"index":771,"timestamp":"2026-03-31T09:57:59.024Z"},"environment":"test","service":"test-service","timestamp":"2026-03-31 15:28:00.653"}
[32minfo[39m: Message 772 {"context":{"index":772,"timestamp":"2026-03-31T09:57:59.024Z"},"environment":"test","service":"test-service","timestamp":"2026-03-31 15:28:00.657"}
[32minfo[39m: Message 773 {"context":{"index":773,"timestamp":"2026-03-31T09:57:59.024Z"},"environment":"test","service":"test-service","timestamp":"2026-03-31 15:28:00.659"}
[32minfo[39m: Message 774 {"context":{"index":774,"timestamp":"2026-03-31T09:57:59.024Z"},"environment":"test","service":"test-service","timestamp":"2026-03-31 15:28:00.660"}
[32minfo[39m: Message 775 {"context":{"index":775,"timestamp":"2026-03-31T09:57:59.024Z"},"environment":"test","service":"test-service","timestamp":"2026-03-31 15:28:00.663"}
[32minfo[39m: Message 776 {"context":{"index":776,"timestamp":"2026-03-31T09:57:59.024Z"},"environment":"test","service":"test-service","timestamp":"2026-03-31 15:28:00.665"}
[32minfo[39m: Message 777 {"context":{"index":777,"timestamp":"2026-03-31T09:57:59.024Z"},"environment":"test","service":"test-service","timestamp":"2026-03-31 15:28:00.667"}
[32minfo[39m: Message 778 {"context":{"index":778,"timestamp":"2026-03-31T09:57:59.024Z"},"environment":"test","service":"test-service","timestamp":"2026-03-31 15:28:00.668"}
[32minfo[39m: Message 779 {"context":{"index":779,"timestamp":"2026-03-31T09:57:59.024Z"},"environment":"test","service":"test-service","timestamp":"2026-03-31 15:28:00.670"}
[32minfo[39m: Message 780 {"context":{"index":780,"timestamp":"2026-03-31T09:57:59.024Z"},"environment":"test","service":"test-service","timestamp":"2026-03-31 15:28:00.671"}
[32minfo[39m: Message 781 {"context":{"index":781,"timestamp":"2026-03-31T09:57:59.024Z"},"environment":"test","service":"test-service","timestamp":"2026-03-31 15:28:00.673"}
[32minfo[39m: Message 782 {"context":{"index":782,"timestamp":"2026-03-31T09:57:59.024Z"},"environment":"test","service":"test-service","timestamp":"2026-03-31 15:28:00.674"}
[32minfo[39m: Message 783 {"context":{"index":783,"timestamp":"2026-03-31T09:57:59.024Z"},"environment":"test","service":"test-service","timestamp":"2026-03-31 15:28:00.675"}
[32minfo[39m: Message 784 {"context":{"index":784,"timestamp":"2026-03-31T09:57:59.024Z"},"environment":"test","service":"test-service","timestamp":"2026-03-31 15:28:00.676"}
[32minfo[39m: Message 785 {"context":{"index":785,"timestamp":"2026-03-31T09:57:59.024Z"},"environment":"test","service":"test-service","timestamp":"2026-03-31 15:28:00.679"}
[32minfo[39m: Message 786 {"context":{"index":786,"timestamp":"2026-03-31T09:57:59.024Z"},"environment":"test","service":"test-service","timestamp":"2026-03-31 15:28:00.680"}
[32minfo[39m: Message 787 {"context":{"index":787,"timestamp":"2026-03-31T09:57:59.024Z"},"environment":"test","service":"test-service","timestamp":"2026-03-31 15:28:00.682"}
[32minfo[39m: Message 788 {"context":{"index":788,"timestamp":"2026-03-31T09:57:59.024Z"},"environment":"test","service":"test-service","timestamp":"2026-03-31 15:28:00.685"}
[32minfo[39m: Message 789 {"context":{"index":789,"timestamp":"2026-03-31T09:57:59.024Z"},"environment":"test","service":"test-service","timestamp":"2026-03-31 15:28:00.686"}
[32minfo[39m: Message 790 {"context":{"index":790,"timestamp":"2026-03-31T09:57:59.024Z"},"environment":"test","service":"test-service","timestamp":"2026-03-31 15:28:00.688"}
[32minfo[39m: Message 791 {"context":{"index":791,"timestamp":"2026-03-31T09:57:59.024Z"},"environment":"test","service":"test-service","timestamp":"2026-03-31 15:28:00.689"}
[32minfo[39m: Message 792 {"context":{"index":792,"timestamp":"2026-03-31T09:57:59.024Z"},"environment":"test","service":"test-service","timestamp":"2026-03-31 15:28:00.691"}
[32minfo[39m: Message 793 {"context":{"index":793,"timestamp":"2026-03-31T09:57:59.024Z"},"environment":"test","service":"test-service","timestamp":"2026-03-31 15:28:00.692"}
[32minfo[39m: Message 794 {"context":{"index":794,"timestamp":"2026-03-31T09:57:59.024Z"},"environment":"test","service":"test-service","timestamp":"2026-03-31 15:28:00.693"}
[32minfo[39m: Message 795 {"context":{"index":795,"timestamp":"2026-03-31T09:57:59.024Z"},"environment":"test","service":"test-service","timestamp":"2026-03-31 15:28:00.695"}
[32minfo[39m: Message 796 {"context":{"index":796,"timestamp":"2026-03-31T09:57:59.024Z"},"environment":"test","service":"test-service","timestamp":"2026-03-31 15:28:00.697"}
[32minfo[39m: Message 797 {"context":{"index":797,"timestamp":"2026-03-31T09:57:59.024Z"},"environment":"test","service":"test-service","timestamp":"2026-03-31 15:28:00.698"}
[32minfo[39m: Message 798 {"context":{"index":798,"timestamp":"2026-03-31T09:57:59.024Z"},"environment":"test","service":"test-service","timestamp":"2026-03-31 15:28:00.699"}
[32minfo[39m: Message 799 {"context":{"index":799,"timestamp":"2026-03-31T09:57:59.024Z"},"environment":"test","service":"test-service","timestamp":"2026-03-31 15:28:00.701"}
[32minfo[39m: Message 800 {"context":{"index":800,"timestamp":"2026-03-31T09:57:59.024Z"},"environment":"test","service":"test-service","timestamp":"2026-03-31 15:28:00.702"}
[32minfo[39m: Message 801 {"context":{"index":801,"timestamp":"2026-03-31T09:57:59.024Z"},"environment":"test","service":"test-service","timestamp":"2026-03-31 15:28:00.704"}
[32minfo[39m: Message 802 {"context":{"index":802,"timestamp":"2026-03-31T09:57:59.024Z"},"environment":"test","service":"test-service","timestamp":"2026-03-31 15:28:00.705"}
[32minfo[39m: Message 803 {"context":{"index":803,"timestamp":"2026-03-31T09:57:59.024Z"},"environment":"test","service":"test-service","timestamp":"2026-03-31 15:28:00.709"}
[32minfo[39m: Message 804 {"context":{"index":804,"timestamp":"2026-03-31T09:57:59.024Z"},"environment":"test","service":"test-service","timestamp":"2026-03-31 15:28:00.710"}
[32minfo[39m: Message 805 {"context":{"index":805,"timestamp":"2026-03-31T09:57:59.024Z"},"environment":"test","service":"test-service","timestamp":"2026-03-31 15:28:00.711"}
[32minfo[39m: Message 806 {"context":{"index":806,"timestamp":"2026-03-31T09:57:59.024Z"},"environment":"test","service":"test-service","timestamp":"2026-03-31 15:28:00.713"}
[32minfo[39m: Message 807 {"context":{"index":807,"timestamp":"2026-03-31T09:57:59.024Z"},"environment":"test","service":"test-service","timestamp":"2026-03-31 15:28:00.714"}
[32minfo[39m: Message 808 {"context":{"index":808,"timestamp":"2026-03-31T09:57:59.024Z"},"environment":"test","service":"test-service","timestamp":"2026-03-31 15:28:00.715"}
[32minfo[39m: Message 809 {"context":{"index":809,"timestamp":"2026-03-31T09:57:59.024Z"},"environment":"test","service":"test-service","timestamp":"2026-03-31 15:28:00.716"}
[32minfo[39m: Message 810 {"context":{"index":810,"timestamp":"2026-03-31T09:57:59.024Z"},"environment":"test","service":"test-service","timestamp":"2026-03-31 15:28:00.718"}
[32minfo[39m: Message 811 {"context":{"index":811,"timestamp":"2026-03-31T09:57:59.024Z"},"environment":"test","service":"test-service","timestamp":"2026-03-31 15:28:00.719"}
[32minfo[39m: Message 812 {"context":{"index":812,"timestamp":"2026-03-31T09:57:59.024Z"},"environment":"test","service":"test-service","timestamp":"2026-03-31 15:28:00.721"}
[32minfo[39m: Message 813 {"context":{"index":813,"timestamp":"2026-03-31T09:57:59.024Z"},"environment":"test","service":"test-service","timestamp":"2026-03-31 15:28:00.722"}
[32minfo[39m: Message 814 {"context":{"index":814,"timestamp":"2026-03-31T09:57:59.024Z"},"environment":"test","service":"test-service","timestamp":"2026-03-31 15:28:00.723"}
  console.log
    [test] ✓ Incident event created from signals

      at Object.log (tests/integration/incident-detection-flow.test.js:115:15)

  console.log
    [test] ✓ Detected 2 anomalies above baselines

      at Object.log (tests/integration/incident-detection-flow.test.js:150:15)

  console.log
    [test] ✓ Anomaly severity levels calculated

      at Object.log (tests/integration/incident-detection-flow.test.js:171:15)

[32minfo[39m: Message 815 {"context":{"index":815,"timestamp":"2026-03-31T09:57:59.024Z"},"environment":"test","service":"test-service","timestamp":"2026-03-31 15:28:00.725"}
[32minfo[39m: Message 816 {"context":{"index":816,"timestamp":"2026-03-31T09:57:59.024Z"},"environment":"test","service":"test-service","timestamp":"2026-03-31 15:28:00.726"}
[32minfo[39m: Message 817 {"context":{"index":817,"timestamp":"2026-03-31T09:57:59.024Z"},"environment":"test","service":"test-service","timestamp":"2026-03-31 15:28:00.727"}
[32minfo[39m: Message 818 {"context":{"index":818,"timestamp":"2026-03-31T09:57:59.024Z"},"environment":"test","service":"test-service","timestamp":"2026-03-31 15:28:00.728"}
[32minfo[39m: Message 819 {"context":{"index":819,"timestamp":"2026-03-31T09:57:59.024Z"},"environment":"test","service":"test-service","timestamp":"2026-03-31 15:28:00.729"}
[32minfo[39m: Message 820 {"context":{"index":820,"timestamp":"2026-03-31T09:57:59.024Z"},"environment":"test","service":"test-service","timestamp":"2026-03-31 15:28:00.732"}
[32minfo[39m: Message 821 {"context":{"index":821,"timestamp":"2026-03-31T09:57:59.024Z"},"environment":"test","service":"test-service","timestamp":"2026-03-31 15:28:00.733"}
[32minfo[39m: Message 822 {"context":{"index":822,"timestamp":"2026-03-31T09:57:59.024Z"},"environment":"test","service":"test-service","timestamp":"2026-03-31 15:28:00.734"}
[32minfo[39m: Message 823 {"context":{"index":823,"timestamp":"2026-03-31T09:57:59.024Z"},"environment":"test","service":"test-service","timestamp":"2026-03-31 15:28:00.735"}
[32minfo[39m: Message 824 {"context":{"index":824,"timestamp":"2026-03-31T09:57:59.024Z"},"environment":"test","service":"test-service","timestamp":"2026-03-31 15:28:00.736"}
[32minfo[39m: Message 825 {"context":{"index":825,"timestamp":"2026-03-31T09:57:59.024Z"},"environment":"test","service":"test-service","timestamp":"2026-03-31 15:28:00.736"}
[32minfo[39m: Message 826 {"context":{"index":826,"timestamp":"2026-03-31T09:57:59.024Z"},"environment":"test","service":"test-service","timestamp":"2026-03-31 15:28:00.738"}
[32minfo[39m: Message 827 {"context":{"index":827,"timestamp":"2026-03-31T09:57:59.024Z"},"environment":"test","service":"test-service","timestamp":"2026-03-31 15:28:00.739"}
[32minfo[39m: Message 828 {"context":{"index":828,"timestamp":"2026-03-31T09:57:59.024Z"},"environment":"test","service":"test-service","timestamp":"2026-03-31 15:28:00.740"}
[32minfo[39m: Message 829 {"context":{"index":829,"timestamp":"2026-03-31T09:57:59.025Z"},"environment":"test","service":"test-service","timestamp":"2026-03-31 15:28:00.741"}
[32minfo[39m: Message 830 {"context":{"index":830,"timestamp":"2026-03-31T09:57:59.025Z"},"environment":"test","service":"test-service","timestamp":"2026-03-31 15:28:00.742"}
[32minfo[39m: Message 831 {"context":{"index":831,"timestamp":"2026-03-31T09:57:59.025Z"},"environment":"test","service":"test-service","timestamp":"2026-03-31 15:28:00.798"}
[32minfo[39m: Message 832 {"context":{"index":832,"timestamp":"2026-03-31T09:57:59.025Z"},"environment":"test","service":"test-service","timestamp":"2026-03-31 15:28:00.800"}
[32minfo[39m: Message 833 {"context":{"index":833,"timestamp":"2026-03-31T09:57:59.025Z"},"environment":"test","service":"test-service","timestamp":"2026-03-31 15:28:00.801"}
[32minfo[39m: Message 834 {"context":{"index":834,"timestamp":"2026-03-31T09:57:59.025Z"},"environment":"test","service":"test-service","timestamp":"2026-03-31 15:28:00.803"}
[32minfo[39m: Message 835 {"context":{"index":835,"timestamp":"2026-03-31T09:57:59.025Z"},"environment":"test","service":"test-service","timestamp":"2026-03-31 15:28:00.804"}
[32minfo[39m: Message 836 {"context":{"index":836,"timestamp":"2026-03-31T09:57:59.025Z"},"environment":"test","service":"test-service","timestamp":"2026-03-31 15:28:00.807"}
[32minfo[39m: Message 837 {"context":{"index":837,"timestamp":"2026-03-31T09:57:59.025Z"},"environment":"test","service":"test-service","timestamp":"2026-03-31 15:28:00.809"}
[32minfo[39m: Message 838 {"context":{"index":838,"timestamp":"2026-03-31T09:57:59.025Z"},"environment":"test","service":"test-service","timestamp":"2026-03-31 15:28:00.813"}
[32minfo[39m: Message 839 {"context":{"index":839,"timestamp":"2026-03-31T09:57:59.025Z"},"environment":"test","service":"test-service","timestamp":"2026-03-31 15:28:00.814"}
[32minfo[39m: Message 840 {"context":{"index":840,"timestamp":"2026-03-31T09:57:59.025Z"},"environment":"test","service":"test-service","timestamp":"2026-03-31 15:28:00.816"}
[32minfo[39m: Message 841 {"context":{"index":841,"timestamp":"2026-03-31T09:57:59.025Z"},"environment":"test","service":"test-service","timestamp":"2026-03-31 15:28:00.817"}
[32minfo[39m: Message 842 {"context":{"index":842,"timestamp":"2026-03-31T09:57:59.025Z"},"environment":"test","service":"test-service","timestamp":"2026-03-31 15:28:00.820"}
[32minfo[39m: Message 843 {"context":{"index":843,"timestamp":"2026-03-31T09:57:59.025Z"},"environment":"test","service":"test-service","timestamp":"2026-03-31 15:28:00.821"}
[32minfo[39m: Message 844 {"context":{"index":844,"timestamp":"2026-03-31T09:57:59.025Z"},"environment":"test","service":"test-service","timestamp":"2026-03-31 15:28:00.823"}
[32minfo[39m: Message 845 {"context":{"index":845,"timestamp":"2026-03-31T09:57:59.025Z"},"environment":"test","service":"test-service","timestamp":"2026-03-31 15:28:00.825"}
[32minfo[39m: Message 846 {"context":{"index":846,"timestamp":"2026-03-31T09:57:59.025Z"},"environment":"test","service":"test-service","timestamp":"2026-03-31 15:28:00.826"}
[32minfo[39m: Message 847 {"context":{"index":847,"timestamp":"2026-03-31T09:57:59.025Z"},"environment":"test","service":"test-service","timestamp":"2026-03-31 15:28:00.828"}
[32minfo[39m: Message 848 {"context":{"index":848,"timestamp":"2026-03-31T09:57:59.025Z"},"environment":"test","service":"test-service","timestamp":"2026-03-31 15:28:00.830"}
[32minfo[39m: Message 849 {"context":{"index":849,"timestamp":"2026-03-31T09:57:59.025Z"},"environment":"test","service":"test-service","timestamp":"2026-03-31 15:28:00.831"}
[32minfo[39m: Message 850 {"context":{"index":850,"timestamp":"2026-03-31T09:57:59.025Z"},"environment":"test","service":"test-service","timestamp":"2026-03-31 15:28:00.835"}
[32minfo[39m: Message 851 {"context":{"index":851,"timestamp":"2026-03-31T09:57:59.025Z"},"environment":"test","service":"test-service","timestamp":"2026-03-31 15:28:00.837"}
[32minfo[39m: Message 852 {"context":{"index":852,"timestamp":"2026-03-31T09:57:59.025Z"},"environment":"test","service":"test-service","timestamp":"2026-03-31 15:28:00.840"}
[32minfo[39m: Message 853 {"context":{"index":853,"timestamp":"2026-03-31T09:57:59.025Z"},"environment":"test","service":"test-service","timestamp":"2026-03-31 15:28:00.844"}
[32minfo[39m: Message 854 {"context":{"index":854,"timestamp":"2026-03-31T09:57:59.025Z"},"environment":"test","service":"test-service","timestamp":"2026-03-31 15:28:00.846"}
[32minfo[39m: Message 855 {"context":{"index":855,"timestamp":"2026-03-31T09:57:59.025Z"},"environment":"test","service":"test-service","timestamp":"2026-03-31 15:28:00.848"}
[32minfo[39m: Message 856 {"context":{"index":856,"timestamp":"2026-03-31T09:57:59.025Z"},"environment":"test","service":"test-service","timestamp":"2026-03-31 15:28:00.850"}
[32minfo[39m: Message 857 {"context":{"index":857,"timestamp":"2026-03-31T09:57:59.025Z"},"environment":"test","service":"test-service","timestamp":"2026-03-31 15:28:00.851"}
[32minfo[39m: Message 858 {"context":{"index":858,"timestamp":"2026-03-31T09:57:59.025Z"},"environment":"test","service":"test-service","timestamp":"2026-03-31 15:28:00.852"}
[32minfo[39m: Message 859 {"context":{"index":859,"timestamp":"2026-03-31T09:57:59.025Z"},"environment":"test","service":"test-service","timestamp":"2026-03-31 15:28:00.854"}
[32minfo[39m: Message 860 {"context":{"index":860,"timestamp":"2026-03-31T09:57:59.025Z"},"environment":"test","service":"test-service","timestamp":"2026-03-31 15:28:00.855"}
[32minfo[39m: Message 861 {"context":{"index":861,"timestamp":"2026-03-31T09:57:59.025Z"},"environment":"test","service":"test-service","timestamp":"2026-03-31 15:28:00.856"}
[32minfo[39m: Message 862 {"context":{"index":862,"timestamp":"2026-03-31T09:57:59.025Z"},"environment":"test","service":"test-service","timestamp":"2026-03-31 15:28:00.858"}
[32minfo[39m: Message 863 {"context":{"index":863,"timestamp":"2026-03-31T09:57:59.025Z"},"environment":"test","service":"test-service","timestamp":"2026-03-31 15:28:00.860"}
[32minfo[39m: Message 864 {"context":{"index":864,"timestamp":"2026-03-31T09:57:59.025Z"},"environment":"test","service":"test-service","timestamp":"2026-03-31 15:28:00.863"}
[32minfo[39m: Message 865 {"context":{"index":865,"timestamp":"2026-03-31T09:57:59.025Z"},"environment":"test","service":"test-service","timestamp":"2026-03-31 15:28:00.864"}
[32minfo[39m: Message 866 {"context":{"index":866,"timestamp":"2026-03-31T09:57:59.025Z"},"environment":"test","service":"test-service","timestamp":"2026-03-31 15:28:00.865"}
[32minfo[39m: Message 867 {"context":{"index":867,"timestamp":"2026-03-31T09:57:59.025Z"},"environment":"test","service":"test-service","timestamp":"2026-03-31 15:28:00.866"}
[32minfo[39m: Message 868 {"context":{"index":868,"timestamp":"2026-03-31T09:57:59.025Z"},"environment":"test","service":"test-service","timestamp":"2026-03-31 15:28:00.868"}
[32minfo[39m: Message 869 {"context":{"index":869,"timestamp":"2026-03-31T09:57:59.025Z"},"environment":"test","service":"test-service","timestamp":"2026-03-31 15:28:00.872"}
[32minfo[39m: Message 870 {"context":{"index":870,"timestamp":"2026-03-31T09:57:59.025Z"},"environment":"test","service":"test-service","timestamp":"2026-03-31 15:28:00.873"}
[32minfo[39m: Message 871 {"context":{"index":871,"timestamp":"2026-03-31T09:57:59.025Z"},"environment":"test","service":"test-service","timestamp":"2026-03-31 15:28:00.875"}
[32minfo[39m: Message 872 {"context":{"index":872,"timestamp":"2026-03-31T09:57:59.025Z"},"environment":"test","service":"test-service","timestamp":"2026-03-31 15:28:00.876"}
[32minfo[39m: Message 873 {"context":{"index":873,"timestamp":"2026-03-31T09:57:59.025Z"},"environment":"test","service":"test-service","timestamp":"2026-03-31 15:28:00.878"}
[32minfo[39m: Message 874 {"context":{"index":874,"timestamp":"2026-03-31T09:57:59.025Z"},"environment":"test","service":"test-service","timestamp":"2026-03-31 15:28:00.880"}
[32minfo[39m: Message 875 {"context":{"index":875,"timestamp":"2026-03-31T09:57:59.025Z"},"environment":"test","service":"test-service","timestamp":"2026-03-31 15:28:00.881"}
[32minfo[39m: Message 876 {"context":{"index":876,"timestamp":"2026-03-31T09:57:59.025Z"},"environment":"test","service":"test-service","timestamp":"2026-03-31 15:28:00.882"}
[32minfo[39m: Message 877 {"context":{"index":877,"timestamp":"2026-03-31T09:57:59.025Z"},"environment":"test","service":"test-service","timestamp":"2026-03-31 15:28:00.884"}
[32minfo[39m: Message 878 {"context":{"index":878,"timestamp":"2026-03-31T09:57:59.025Z"},"environment":"test","service":"test-service","timestamp":"2026-03-31 15:28:00.885"}
[32minfo[39m: Message 879 {"context":{"index":879,"timestamp":"2026-03-31T09:57:59.025Z"},"environment":"test","service":"test-service","timestamp":"2026-03-31 15:28:00.886"}
[32minfo[39m: Message 880 {"context":{"index":880,"timestamp":"2026-03-31T09:57:59.025Z"},"environment":"test","service":"test-service","timestamp":"2026-03-31 15:28:00.888"}
[32minfo[39m: Message 881 {"context":{"index":881,"timestamp":"2026-03-31T09:57:59.025Z"},"environment":"test","service":"test-service","timestamp":"2026-03-31 15:28:00.890"}
[32minfo[39m: Message 882 {"context":{"index":882,"timestamp":"2026-03-31T09:57:59.025Z"},"environment":"test","service":"test-service","timestamp":"2026-03-31 15:28:00.891"}
[32minfo[39m: Message 883 {"context":{"index":883,"timestamp":"2026-03-31T09:57:59.025Z"},"environment":"test","service":"test-service","timestamp":"2026-03-31 15:28:00.893"}
[32minfo[39m: Message 884 {"context":{"index":884,"timestamp":"2026-03-31T09:57:59.025Z"},"environment":"test","service":"test-service","timestamp":"2026-03-31 15:28:00.894"}
[32minfo[39m: Message 885 {"context":{"index":885,"timestamp":"2026-03-31T09:57:59.025Z"},"environment":"test","service":"test-service","timestamp":"2026-03-31 15:28:00.898"}
[32minfo[39m: Message 886 {"context":{"index":886,"timestamp":"2026-03-31T09:57:59.025Z"},"environment":"test","service":"test-service","timestamp":"2026-03-31 15:28:00.899"}
[32minfo[39m: Message 887 {"context":{"index":887,"timestamp":"2026-03-31T09:57:59.025Z"},"environment":"test","service":"test-service","timestamp":"2026-03-31 15:28:00.901"}
[32minfo[39m: Message 888 {"context":{"index":888,"timestamp":"2026-03-31T09:57:59.025Z"},"environment":"test","service":"test-service","timestamp":"2026-03-31 15:28:00.902"}
[32minfo[39m: Message 889 {"context":{"index":889,"timestamp":"2026-03-31T09:57:59.025Z"},"environment":"test","service":"test-service","timestamp":"2026-03-31 15:28:00.903"}
[32minfo[39m: Message 890 {"context":{"index":890,"timestamp":"2026-03-31T09:57:59.025Z"},"environment":"test","service":"test-service","timestamp":"2026-03-31 15:28:00.904"}
[32minfo[39m: Message 891 {"context":{"index":891,"timestamp":"2026-03-31T09:57:59.025Z"},"environment":"test","service":"test-service","timestamp":"2026-03-31 15:28:00.905"}
[32minfo[39m: Message 892 {"context":{"index":892,"timestamp":"2026-03-31T09:57:59.025Z"},"environment":"test","service":"test-service","timestamp":"2026-03-31 15:28:00.907"}
[32minfo[39m: Message 893 {"context":{"index":893,"timestamp":"2026-03-31T09:57:59.025Z"},"environment":"test","service":"test-service","timestamp":"2026-03-31 15:28:00.908"}
[32minfo[39m: Message 894 {"context":{"index":894,"timestamp":"2026-03-31T09:57:59.025Z"},"environment":"test","service":"test-service","timestamp":"2026-03-31 15:28:00.910"}
[32minfo[39m: Message 895 {"context":{"index":895,"timestamp":"2026-03-31T09:57:59.025Z"},"environment":"test","service":"test-service","timestamp":"2026-03-31 15:28:00.911"}
[32minfo[39m: Message 896 {"context":{"index":896,"timestamp":"2026-03-31T09:57:59.025Z"},"environment":"test","service":"test-service","timestamp":"2026-03-31 15:28:00.912"}
[32minfo[39m: Message 897 {"context":{"index":897,"timestamp":"2026-03-31T09:57:59.025Z"},"environment":"test","service":"test-service","timestamp":"2026-03-31 15:28:00.914"}
[32minfo[39m: Message 898 {"context":{"index":898,"timestamp":"2026-03-31T09:57:59.025Z"},"environment":"test","service":"test-service","timestamp":"2026-03-31 15:28:00.915"}
[32minfo[39m: Message 899 {"context":{"index":899,"timestamp":"2026-03-31T09:57:59.025Z"},"environment":"test","service":"test-service","timestamp":"2026-03-31 15:28:00.916"}
[32minfo[39m: Message 900 {"context":{"index":900,"timestamp":"2026-03-31T09:57:59.025Z"},"environment":"test","service":"test-service","timestamp":"2026-03-31 15:28:00.919"}
[32minfo[39m: Message 901 {"context":{"index":901,"timestamp":"2026-03-31T09:57:59.025Z"},"environment":"test","service":"test-service","timestamp":"2026-03-31 15:28:00.920"}
[32minfo[39m: Message 902 {"context":{"index":902,"timestamp":"2026-03-31T09:57:59.025Z"},"environment":"test","service":"test-service","timestamp":"2026-03-31 15:28:00.921"}
[32minfo[39m: Message 903 {"context":{"index":903,"timestamp":"2026-03-31T09:57:59.025Z"},"environment":"test","service":"test-service","timestamp":"2026-03-31 15:28:00.922"}
[32minfo[39m: Message 904 {"context":{"index":904,"timestamp":"2026-03-31T09:57:59.025Z"},"environment":"test","service":"test-service","timestamp":"2026-03-31 15:28:00.924"}
[32minfo[39m: Message 905 {"context":{"index":905,"timestamp":"2026-03-31T09:57:59.025Z"},"environment":"test","service":"test-service","timestamp":"2026-03-31 15:28:00.925"}
[32minfo[39m: Message 906 {"context":{"index":906,"timestamp":"2026-03-31T09:57:59.025Z"},"environment":"test","service":"test-service","timestamp":"2026-03-31 15:28:00.926"}
[32minfo[39m: Message 907 {"context":{"index":907,"timestamp":"2026-03-31T09:57:59.025Z"},"environment":"test","service":"test-service","timestamp":"2026-03-31 15:28:00.929"}
[32minfo[39m: Message 908 {"context":{"index":908,"timestamp":"2026-03-31T09:57:59.025Z"},"environment":"test","service":"test-service","timestamp":"2026-03-31 15:28:00.930"}
[32minfo[39m: Message 909 {"context":{"index":909,"timestamp":"2026-03-31T09:57:59.025Z"},"environment":"test","service":"test-service","timestamp":"2026-03-31 15:28:00.931"}
[32minfo[39m: Message 910 {"context":{"index":910,"timestamp":"2026-03-31T09:57:59.025Z"},"environment":"test","service":"test-service","timestamp":"2026-03-31 15:28:00.933"}
[32minfo[39m: Message 911 {"context":{"index":911,"timestamp":"2026-03-31T09:57:59.025Z"},"environment":"test","service":"test-service","timestamp":"2026-03-31 15:28:00.934"}
[32minfo[39m: Message 912 {"context":{"index":912,"timestamp":"2026-03-31T09:57:59.025Z"},"environment":"test","service":"test-service","timestamp":"2026-03-31 15:28:00.935"}
[32minfo[39m: Message 913 {"context":{"index":913,"timestamp":"2026-03-31T09:57:59.025Z"},"environment":"test","service":"test-service","timestamp":"2026-03-31 15:28:00.936"}
[32minfo[39m: Message 914 {"context":{"index":914,"timestamp":"2026-03-31T09:57:59.025Z"},"environment":"test","service":"test-service","timestamp":"2026-03-31 15:28:00.938"}
[32minfo[39m: Message 915 {"context":{"index":915,"timestamp":"2026-03-31T09:57:59.025Z"},"environment":"test","service":"test-service","timestamp":"2026-03-31 15:28:00.939"}
[32minfo[39m: Message 916 {"context":{"index":916,"timestamp":"2026-03-31T09:57:59.025Z"},"environment":"test","service":"test-service","timestamp":"2026-03-31 15:28:00.943"}
[32minfo[39m: Message 917 {"context":{"index":917,"timestamp":"2026-03-31T09:57:59.025Z"},"environment":"test","service":"test-service","timestamp":"2026-03-31 15:28:00.944"}
[32minfo[39m: Message 918 {"context":{"index":918,"timestamp":"2026-03-31T09:57:59.025Z"},"environment":"test","service":"test-service","timestamp":"2026-03-31 15:28:00.945"}
[32minfo[39m: Message 919 {"context":{"index":919,"timestamp":"2026-03-31T09:57:59.025Z"},"environment":"test","service":"test-service","timestamp":"2026-03-31 15:28:00.947"}
[32minfo[39m: Message 920 {"context":{"index":920,"timestamp":"2026-03-31T09:57:59.025Z"},"environment":"test","service":"test-service","timestamp":"2026-03-31 15:28:00.948"}
[32minfo[39m: Message 921 {"context":{"index":921,"timestamp":"2026-03-31T09:57:59.025Z"},"environment":"test","service":"test-service","timestamp":"2026-03-31 15:28:00.950"}
[32minfo[39m: Message 922 {"context":{"index":922,"timestamp":"2026-03-31T09:57:59.025Z"},"environment":"test","service":"test-service","timestamp":"2026-03-31 15:28:00.951"}
[32minfo[39m: Message 923 {"context":{"index":923,"timestamp":"2026-03-31T09:57:59.025Z"},"environment":"test","service":"test-service","timestamp":"2026-03-31 15:28:00.953"}
[32minfo[39m: Message 924 {"context":{"index":924,"timestamp":"2026-03-31T09:57:59.025Z"},"environment":"test","service":"test-service","timestamp":"2026-03-31 15:28:00.954"}
[32minfo[39m: Message 925 {"context":{"index":925,"timestamp":"2026-03-31T09:57:59.025Z"},"environment":"test","service":"test-service","timestamp":"2026-03-31 15:28:00.955"}
[32minfo[39m: Message 926 {"context":{"index":926,"timestamp":"2026-03-31T09:57:59.025Z"},"environment":"test","service":"test-service","timestamp":"2026-03-31 15:28:00.956"}
[32minfo[39m: Message 927 {"context":{"index":927,"timestamp":"2026-03-31T09:57:59.025Z"},"environment":"test","service":"test-service","timestamp":"2026-03-31 15:28:00.958"}
[32minfo[39m: Message 928 {"context":{"index":928,"timestamp":"2026-03-31T09:57:59.025Z"},"environment":"test","service":"test-service","timestamp":"2026-03-31 15:28:00.959"}
[32minfo[39m: Message 929 {"context":{"index":929,"timestamp":"2026-03-31T09:57:59.025Z"},"environment":"test","service":"test-service","timestamp":"2026-03-31 15:28:00.960"}
[32minfo[39m: Message 930 {"context":{"index":930,"timestamp":"2026-03-31T09:57:59.025Z"},"environment":"test","service":"test-service","timestamp":"2026-03-31 15:28:00.962"}
[32minfo[39m: Message 931 {"context":{"index":931,"timestamp":"2026-03-31T09:57:59.025Z"},"environment":"test","service":"test-service","timestamp":"2026-03-31 15:28:00.964"}
[32minfo[39m: Message 932 {"context":{"index":932,"timestamp":"2026-03-31T09:57:59.025Z"},"environment":"test","service":"test-service","timestamp":"2026-03-31 15:28:00.966"}
[32minfo[39m: Message 933 {"context":{"index":933,"timestamp":"2026-03-31T09:57:59.025Z"},"environment":"test","service":"test-service","timestamp":"2026-03-31 15:28:00.967"}
[32minfo[39m: Message 934 {"context":{"index":934,"timestamp":"2026-03-31T09:57:59.025Z"},"environment":"test","service":"test-service","timestamp":"2026-03-31 15:28:00.969"}
[32minfo[39m: Message 935 {"context":{"index":935,"timestamp":"2026-03-31T09:57:59.025Z"},"environment":"test","service":"test-service","timestamp":"2026-03-31 15:28:00.971"}
[32minfo[39m: Message 936 {"context":{"index":936,"timestamp":"2026-03-31T09:57:59.025Z"},"environment":"test","service":"test-service","timestamp":"2026-03-31 15:28:00.972"}
[32minfo[39m: Message 937 {"context":{"index":937,"timestamp":"2026-03-31T09:57:59.025Z"},"environment":"test","service":"test-service","timestamp":"2026-03-31 15:28:00.973"}
[32minfo[39m: Message 938 {"context":{"index":938,"timestamp":"2026-03-31T09:57:59.025Z"},"environment":"test","service":"test-service","timestamp":"2026-03-31 15:28:00.975"}
[32minfo[39m: Message 939 {"context":{"index":939,"timestamp":"2026-03-31T09:57:59.025Z"},"environment":"test","service":"test-service","timestamp":"2026-03-31 15:28:00.976"}
[32minfo[39m: Message 940 {"context":{"index":940,"timestamp":"2026-03-31T09:57:59.025Z"},"environment":"test","service":"test-service","timestamp":"2026-03-31 15:28:00.977"}
[32minfo[39m: Message 941 {"context":{"index":941,"timestamp":"2026-03-31T09:57:59.025Z"},"environment":"test","service":"test-service","timestamp":"2026-03-31 15:28:00.979"}
[32minfo[39m: Message 942 {"context":{"index":942,"timestamp":"2026-03-31T09:57:59.025Z"},"environment":"test","service":"test-service","timestamp":"2026-03-31 15:28:00.980"}
[32minfo[39m: Message 943 {"context":{"index":943,"timestamp":"2026-03-31T09:57:59.025Z"},"environment":"test","service":"test-service","timestamp":"2026-03-31 15:28:00.982"}
[32minfo[39m: Message 944 {"context":{"index":944,"timestamp":"2026-03-31T09:57:59.025Z"},"environment":"test","service":"test-service","timestamp":"2026-03-31 15:28:00.984"}
[32minfo[39m: Message 945 {"context":{"index":945,"timestamp":"2026-03-31T09:57:59.025Z"},"environment":"test","service":"test-service","timestamp":"2026-03-31 15:28:00.985"}
[32minfo[39m: Message 946 {"context":{"index":946,"timestamp":"2026-03-31T09:57:59.025Z"},"environment":"test","service":"test-service","timestamp":"2026-03-31 15:28:00.986"}
[32minfo[39m: Message 947 {"context":{"index":947,"timestamp":"2026-03-31T09:57:59.025Z"},"environment":"test","service":"test-service","timestamp":"2026-03-31 15:28:00.989"}
[32minfo[39m: Message 948 {"context":{"index":948,"timestamp":"2026-03-31T09:57:59.025Z"},"environment":"test","service":"test-service","timestamp":"2026-03-31 15:28:00.991"}
[32minfo[39m: Message 949 {"context":{"index":949,"timestamp":"2026-03-31T09:57:59.025Z"},"environment":"test","service":"test-service","timestamp":"2026-03-31 15:28:00.992"}
[32minfo[39m: Message 950 {"context":{"index":950,"timestamp":"2026-03-31T09:57:59.025Z"},"environment":"test","service":"test-service","timestamp":"2026-03-31 15:28:00.993"}
[32minfo[39m: Message 951 {"context":{"index":951,"timestamp":"2026-03-31T09:57:59.025Z"},"environment":"test","service":"test-service","timestamp":"2026-03-31 15:28:00.996"}
[32minfo[39m: Message 952 {"context":{"index":952,"timestamp":"2026-03-31T09:57:59.025Z"},"environment":"test","service":"test-service","timestamp":"2026-03-31 15:28:00.998"}
[32minfo[39m: Message 953 {"context":{"index":953,"timestamp":"2026-03-31T09:57:59.025Z"},"environment":"test","service":"test-service","timestamp":"2026-03-31 15:28:00.999"}
  console.log
    [test] ✓ Trend detected: INCREASING at 2.08 per minute

      at Object.log (tests/integration/incident-detection-flow.test.js:196:15)

  console.log
    [test] ✓ Matched pattern: transient-timeout (100% confidence)

      at Object.log (tests/integration/incident-detection-flow.test.js:252:15)

[32minfo[39m: Message 954 {"context":{"index":954,"timestamp":"2026-03-31T09:57:59.025Z"},"environment":"test","service":"test-service","timestamp":"2026-03-31 15:28:01.001"}
[32minfo[39m: Message 955 {"context":{"index":955,"timestamp":"2026-03-31T09:57:59.025Z"},"environment":"test","service":"test-service","timestamp":"2026-03-31 15:28:01.003"}
[32minfo[39m: Message 956 {"context":{"index":956,"timestamp":"2026-03-31T09:57:59.025Z"},"environment":"test","service":"test-service","timestamp":"2026-03-31 15:28:01.004"}
[32minfo[39m: Message 957 {"context":{"index":957,"timestamp":"2026-03-31T09:57:59.025Z"},"environment":"test","service":"test-service","timestamp":"2026-03-31 15:28:01.005"}
[32minfo[39m: Message 958 {"context":{"index":958,"timestamp":"2026-03-31T09:57:59.025Z"},"environment":"test","service":"test-service","timestamp":"2026-03-31 15:28:01.006"}
[32minfo[39m: Message 959 {"context":{"index":959,"timestamp":"2026-03-31T09:57:59.025Z"},"environment":"test","service":"test-service","timestamp":"2026-03-31 15:28:01.007"}
[32minfo[39m: Message 960 {"context":{"index":960,"timestamp":"2026-03-31T09:57:59.025Z"},"environment":"test","service":"test-service","timestamp":"2026-03-31 15:28:01.008"}
[32minfo[39m: Message 961 {"context":{"index":961,"timestamp":"2026-03-31T09:57:59.025Z"},"environment":"test","service":"test-service","timestamp":"2026-03-31 15:28:01.009"}
[32minfo[39m: Message 962 {"context":{"index":962,"timestamp":"2026-03-31T09:57:59.025Z"},"environment":"test","service":"test-service","timestamp":"2026-03-31 15:28:01.010"}
[32minfo[39m: Message 963 {"context":{"index":963,"timestamp":"2026-03-31T09:57:59.025Z"},"environment":"test","service":"test-service","timestamp":"2026-03-31 15:28:01.011"}
[32minfo[39m: Message 964 {"context":{"index":964,"timestamp":"2026-03-31T09:57:59.025Z"},"environment":"test","service":"test-service","timestamp":"2026-03-31 15:28:01.012"}
[32minfo[39m: Message 965 {"context":{"index":965,"timestamp":"2026-03-31T09:57:59.025Z"},"environment":"test","service":"test-service","timestamp":"2026-03-31 15:28:01.013"}
[32minfo[39m: Message 966 {"context":{"index":966,"timestamp":"2026-03-31T09:57:59.025Z"},"environment":"test","service":"test-service","timestamp":"2026-03-31 15:28:01.016"}
[32minfo[39m: Message 967 {"context":{"index":967,"timestamp":"2026-03-31T09:57:59.025Z"},"environment":"test","service":"test-service","timestamp":"2026-03-31 15:28:01.017"}
[32minfo[39m: Message 968 {"context":{"index":968,"timestamp":"2026-03-31T09:57:59.025Z"},"environment":"test","service":"test-service","timestamp":"2026-03-31 15:28:01.019"}
[32minfo[39m: Message 969 {"context":{"index":969,"timestamp":"2026-03-31T09:57:59.025Z"},"environment":"test","service":"test-service","timestamp":"2026-03-31 15:28:01.019"}
[32minfo[39m: Message 970 {"context":{"index":970,"timestamp":"2026-03-31T09:57:59.025Z"},"environment":"test","service":"test-service","timestamp":"2026-03-31 15:28:01.049"}
[32minfo[39m: Message 971 {"context":{"index":971,"timestamp":"2026-03-31T09:57:59.025Z"},"environment":"test","service":"test-service","timestamp":"2026-03-31 15:28:01.053"}
[32minfo[39m: Message 972 {"context":{"index":972,"timestamp":"2026-03-31T09:57:59.025Z"},"environment":"test","service":"test-service","timestamp":"2026-03-31 15:28:01.055"}
[32minfo[39m: Message 973 {"context":{"index":973,"timestamp":"2026-03-31T09:57:59.025Z"},"environment":"test","service":"test-service","timestamp":"2026-03-31 15:28:01.057"}
[32minfo[39m: Message 974 {"context":{"index":974,"timestamp":"2026-03-31T09:57:59.025Z"},"environment":"test","service":"test-service","timestamp":"2026-03-31 15:28:01.059"}
[32minfo[39m: Message 975 {"context":{"index":975,"timestamp":"2026-03-31T09:57:59.025Z"},"environment":"test","service":"test-service","timestamp":"2026-03-31 15:28:01.063"}
[32minfo[39m: Message 976 {"context":{"index":976,"timestamp":"2026-03-31T09:57:59.025Z"},"environment":"test","service":"test-service","timestamp":"2026-03-31 15:28:01.064"}
[32minfo[39m: Message 977 {"context":{"index":977,"timestamp":"2026-03-31T09:57:59.025Z"},"environment":"test","service":"test-service","timestamp":"2026-03-31 15:28:01.066"}
[32minfo[39m: Message 978 {"context":{"index":978,"timestamp":"2026-03-31T09:57:59.025Z"},"environment":"test","service":"test-service","timestamp":"2026-03-31 15:28:01.067"}
[32minfo[39m: Message 979 {"context":{"index":979,"timestamp":"2026-03-31T09:57:59.025Z"},"environment":"test","service":"test-service","timestamp":"2026-03-31 15:28:01.069"}
[32minfo[39m: Message 980 {"context":{"index":980,"timestamp":"2026-03-31T09:57:59.025Z"},"environment":"test","service":"test-service","timestamp":"2026-03-31 15:28:01.071"}
[32minfo[39m: Message 981 {"context":{"index":981,"timestamp":"2026-03-31T09:57:59.025Z"},"environment":"test","service":"test-service","timestamp":"2026-03-31 15:28:01.072"}
[32minfo[39m: Message 982 {"context":{"index":982,"timestamp":"2026-03-31T09:57:59.025Z"},"environment":"test","service":"test-service","timestamp":"2026-03-31 15:28:01.074"}
[32minfo[39m: Message 983 {"context":{"index":983,"timestamp":"2026-03-31T09:57:59.025Z"},"environment":"test","service":"test-service","timestamp":"2026-03-31 15:28:01.075"}
[32minfo[39m: Message 984 {"context":{"index":984,"timestamp":"2026-03-31T09:57:59.025Z"},"environment":"test","service":"test-service","timestamp":"2026-03-31 15:28:01.077"}
[32minfo[39m: Message 985 {"context":{"index":985,"timestamp":"2026-03-31T09:57:59.025Z"},"environment":"test","service":"test-service","timestamp":"2026-03-31 15:28:01.079"}
[32minfo[39m: Message 986 {"context":{"index":986,"timestamp":"2026-03-31T09:57:59.025Z"},"environment":"test","service":"test-service","timestamp":"2026-03-31 15:28:01.080"}
[32minfo[39m: Message 987 {"context":{"index":987,"timestamp":"2026-03-31T09:57:59.025Z"},"environment":"test","service":"test-service","timestamp":"2026-03-31 15:28:01.081"}
[32minfo[39m: Message 988 {"context":{"index":988,"timestamp":"2026-03-31T09:57:59.025Z"},"environment":"test","service":"test-service","timestamp":"2026-03-31 15:28:01.082"}
[32minfo[39m: Message 989 {"context":{"index":989,"timestamp":"2026-03-31T09:57:59.025Z"},"environment":"test","service":"test-service","timestamp":"2026-03-31 15:28:01.084"}
[32minfo[39m: Message 990 {"context":{"index":990,"timestamp":"2026-03-31T09:57:59.025Z"},"environment":"test","service":"test-service","timestamp":"2026-03-31 15:28:01.087"}
[32minfo[39m: Message 991 {"context":{"index":991,"timestamp":"2026-03-31T09:57:59.025Z"},"environment":"test","service":"test-service","timestamp":"2026-03-31 15:28:01.089"}
[32minfo[39m: Message 992 {"context":{"index":992,"timestamp":"2026-03-31T09:57:59.025Z"},"environment":"test","service":"test-service","timestamp":"2026-03-31 15:28:01.090"}
[32minfo[39m: Message 993 {"context":{"index":993,"timestamp":"2026-03-31T09:57:59.025Z"},"environment":"test","service":"test-service","timestamp":"2026-03-31 15:28:01.092"}
[32minfo[39m: Message 994 {"context":{"index":994,"timestamp":"2026-03-31T09:57:59.025Z"},"environment":"test","service":"test-service","timestamp":"2026-03-31 15:28:01.093"}
[32minfo[39m: Message 995 {"context":{"index":995,"timestamp":"2026-03-31T09:57:59.025Z"},"environment":"test","service":"test-service","timestamp":"2026-03-31 15:28:01.094"}
[32minfo[39m: Message 996 {"context":{"index":996,"timestamp":"2026-03-31T09:57:59.025Z"},"environment":"test","service":"test-service","timestamp":"2026-03-31 15:28:01.095"}
[32minfo[39m: Message 997 {"context":{"index":997,"timestamp":"2026-03-31T09:57:59.025Z"},"environment":"test","service":"test-service","timestamp":"2026-03-31 15:28:01.097"}
[32minfo[39m: Message 998 {"context":{"index":998,"timestamp":"2026-03-31T09:57:59.025Z"},"environment":"test","service":"test-service","timestamp":"2026-03-31 15:28:01.098"}
[32minfo[39m: Message 999 {"context":{"index":999,"timestamp":"2026-03-31T09:57:59.025Z"},"environment":"test","service":"test-service","timestamp":"2026-03-31 15:28:01.100"}
  console.log
    [test] ✓ Novel incident handled with default safety action

      at Object.log (tests/integration/incident-detection-flow.test.js:279:15)

  console.log
    [test] ✓ Incidents tiered and prioritized correctly

      at Object.log (tests/integration/incident-detection-flow.test.js:343:15)

  console.log
    [test] ✓ Action recommendations assigned by tier

      at Object.log (tests/integration/incident-detection-flow.test.js:359:15)

  console.log
    [test] ✓ Detection completed in 0ms (target: <100ms)

      at Object.log (tests/integration/incident-detection-flow.test.js:386:15)

  console.log
    [test] ✓ Processed 1000 signals in 1ms (1000000 sig/sec)

      at Object.log (tests/integration/incident-detection-flow.test.js:409:15)

  console.log
    [test] ✓ Detection accuracy: 100%

      at Object.log (tests/integration/incident-detection-flow.test.js:429:15)

  console.log
    [test] ✓ Decision trace created with full reasoning

      at Object.log (tests/integration/incident-detection-flow.test.js:487:15)

PASS tests/integration/incident-detection-flow.test.js
  Incident Detection Flow Tests
    Signal Ingestion and Validation
      √ should accept valid incident signals (257 ms)
      √ should reject invalid incident signals (15 ms)
      √ should create incident events from signals (515 ms)
    Baseline Anomaly Detection
      √ should detect signals exceeding baseline thresholds (20 ms)
      √ should calculate anomaly severity (10 ms)
      √ should detect trend in metrics (increasing/decreasing) (240 ms)
    Pattern Matching Against Known Incidents
      √ should match current incident to historical patterns (13 ms)
      √ should handle novel incidents not matching known patterns (89 ms)
    Incident Tiering and Prioritization
      √ should tier incidents by severity (13 ms)
      √ should assign action recommendations by tier (11 ms)
    Real-Time Detection Accuracy
      √ should detect incidents within acceptable latency (7 ms)
      √ should handle high volume of signals without degradation (8 ms)
      √ should maintain detection accuracy with signal variance (7 ms)
    Decision Trace Creation
      √ should create detailed decision trace for each incident detection (12 ms)

  console.log
    [system-health] Deployment mode: SINGLE_INSTANCE

      at new log (services/infrastructure/systemHealthService.js:26:13)

  console.log
    [lock] 🔒 Lock safety enforced by systemHealthService (dynamic based on deployment mode)

      at new log (services/infrastructure/distributedLockService.js:32:13)

PASS tests/integration/phase4-advanced-features.test.js
  Advanced Decision Engine Integration
    end-to-end decision flow
      √ should flow from decision to feedback adjustment (3 ms)
      √ should detect patterns across incidents (1 ms)
      √ should evaluate policies on decisions (2 ms)
      √ should simulate action impact before execution (1 ms)
    confidence calibration with feedback
      √ should improve weight accuracy over time (1 ms)
    multi-tenant isolation
      √ should maintain separate correlations per tenant (2 ms)
    explainability audit trail
      √ should maintain audit trail of weight changes (2 ms)
      √ should provide evaluation trace for policy decisions (2 ms)
      √ should document correlation engine findings (2 ms)
    safety constraints
      √ should enforce weight constraints to prevent instability (2 ms)
      √ should prevent cascade from infinite loops (1 ms)
      √ should limit policy evaluation complexity (7 ms)
    performance characteristics
      √ weight optimization should complete in reasonable time (1 ms)
      √ policy evaluation should be fast (28 ms)

  console.log
    [system-health] Deployment mode: SINGLE_INSTANCE

      at new log (services/infrastructure/systemHealthService.js:26:13)

  console.log
    [lock] 🔒 Lock safety enforced by systemHealthService (dynamic based on deployment mode)

      at new log (services/infrastructure/distributedLockService.js:32:13)

PASS tests/unit/correlationEngine.test.js
  IncidentCorrelationEngine
    service graph management
      √ should add services to graph (2 ms)
      √ should add dependencies between services (2 ms)
      √ should not add duplicate dependencies (1 ms)
    signal recording
      √ should record signals for services (1 ms)
      √ should aggregate repeated signals (1 ms)
      √ should track failure history (1 ms)
    multi-signal incidents
      √ should record multi-signal incident (1 ms)
      √ should detect repeating patterns (1 ms)
    signal correlation
      √ should calculate signal correlations (1 ms)
      √ should filter correlations by threshold (1 ms)
    root cause analysis
      √ should identify root cause candidates (2 ms)
      √ should score root cause candidates (2 ms)
    cascade prediction
      √ should predict cascade impact (9 ms)
      √ should prevent infinite cascade loops (3 ms)
    graph export
      √ should export service graph (2 ms)
    metrics
      √ should provide engine metrics (1 ms)
    reset
      √ should reset engine state (1 ms)

  console.log
    
    === SCENARIO: High-latency incidents (same pattern, 3 times) ===

      at Object.log (tests/learning-system.test.js:90:13)

  console.log
    📊 Iteration 1: Scale action

      at Object.log (tests/learning-system.test.js:93:13)

  console.log
    [lifecycle] ✓ Registered incident incident

      at IncidentLifecycleWithLearning.log [as registerIncident] (services/learning/incidentLifecycleWithLearning.js:43:13)

  console.log
    [lifecycle] 📈 Recovery started for incident

      at IncidentLifecycleWithLearning.log [as recordRecoveryStart] (services/learning/incidentLifecycleWithLearning.js:78:13)

  console.log
    [lifecycle] ✅ Incident incident resolved in 2000ms

      at IncidentLifecycleWithLearning.log [as recordIncidentResolved] (services/learning/incidentLifecycleWithLearning.js:103:13)

  console.log
    [learning] Recording outcome for incident incident

      at IncidentLearningService.log [as recordIncidentOutcome] (services/learning/incidentLearningService.js:52:15)

  console.log
    [learning] Incident scale on high-latency: effectiveness=0.99, recovery=2000ms, cost=$5.00001

      at IncidentLearningService.log [as recordIncidentOutcome] (services/learning/incidentLearningService.js:80:15)

  console.log
    [learning] ✓ Updated confidence for scale on high-latency: 15.0%

      at IncidentLearningService.log [as recordIncidentOutcome] (services/learning/incidentLearningService.js:112:17)

  console.log
    [lifecycle] 📚 Learning recorded for incident incident

      at IncidentLifecycleWithLearning.log [as recordIncidentResolved] (services/learning/incidentLifecycleWithLearning.js:124:15)

  console.log
    ✓ 'scale' effectiveness: 99%

      at Object.log (tests/learning-system.test.js:125:13)

  console.log
    📊 Iteration 2: Retry action (less effective)

      at Object.log (tests/learning-system.test.js:128:13)

  console.log
    [lifecycle] ✓ Registered incident incident

      at IncidentLifecycleWithLearning.log [as registerIncident] (services/learning/incidentLifecycleWithLearning.js:43:13)

  console.log
    [lifecycle] 📈 Recovery started for incident

      at IncidentLifecycleWithLearning.log [as recordRecoveryStart] (services/learning/incidentLifecycleWithLearning.js:78:13)

  console.log
    [lifecycle] ✅ Incident incident resolved in 15000ms

      at IncidentLifecycleWithLearning.log [as recordIncidentResolved] (services/learning/incidentLifecycleWithLearning.js:103:13)

  console.log
    [learning] Recording outcome for incident incident

      at IncidentLearningService.log [as recordIncidentOutcome] (services/learning/incidentLearningService.js:52:15)

  console.log
    [learning] Incident retry on high-latency: effectiveness=0.95, recovery=15000ms, cost=$0.10001

      at IncidentLearningService.log [as recordIncidentOutcome] (services/learning/incidentLearningService.js:80:15)

  console.log
    [learning] ✓ Updated confidence for retry on high-latency: 15.0%

      at IncidentLearningService.log [as recordIncidentOutcome] (services/learning/incidentLearningService.js:112:17)

  console.log
    [lifecycle] 📚 Learning recorded for incident incident

      at IncidentLifecycleWithLearning.log [as recordIncidentResolved] (services/learning/incidentLifecycleWithLearning.js:124:15)

  console.log
    ✓ 'retry' effectiveness: 95%

      at Object.log (tests/learning-system.test.js:159:13)

  console.log
    📊 Iteration 3: Restart action (causes side effects)

      at Object.log (tests/learning-system.test.js:162:13)

  console.log
    [lifecycle] ✓ Registered incident incident

      at IncidentLifecycleWithLearning.log [as registerIncident] (services/learning/incidentLifecycleWithLearning.js:43:13)

  console.log
    [lifecycle] 📈 Recovery started for incident

      at IncidentLifecycleWithLearning.log [as recordRecoveryStart] (services/learning/incidentLifecycleWithLearning.js:78:13)

  console.warn
    [lifecycle] ⚠️  Side effect detected: brief-connection-drop

    [0m [90m 200 |[39m     })[33m;[39m
     [90m 201 |[39m
    [31m[1m>[22m[39m[90m 202 |[39m     console[33m.[39mwarn([32m`[lifecycle] ⚠️  Side effect detected: ${effect}`[39m)[33m;[39m
     [90m     |[39m             [31m[1m^[22m[39m
     [90m 203 |[39m     [36mthis[39m[33m.[39memitter[33m.[39memit([32m'side-effect:detected'[39m[33m,[39m { tenantId[33m,[39m incidentId[33m,[39m effect })[33m;[39m
     [90m 204 |[39m   }
     [90m 205 |[39m[0m

      at IncidentLifecycleWithLearning.warn [as recordSideEffect] (services/learning/incidentLifecycleWithLearning.js:202:13)
      at Object.recordSideEffect (tests/learning-system.test.js:182:15)

  console.log
    [lifecycle] ✅ Incident incident resolved in 5000ms

      at IncidentLifecycleWithLearning.log [as recordIncidentResolved] (services/learning/incidentLifecycleWithLearning.js:103:13)

  console.log
    [learning] Recording outcome for incident incident

      at IncidentLearningService.log [as recordIncidentOutcome] (services/learning/incidentLearningService.js:52:15)

  console.log
    [learning] Incident restart on high-latency: effectiveness=0.78, recovery=5000ms, cost=$0.50005

      at IncidentLearningService.log [as recordIncidentOutcome] (services/learning/incidentLearningService.js:80:15)

  console.log
    [learning] ✓ Updated confidence for restart on high-latency: 5.0%

      at IncidentLearningService.log [as recordIncidentOutcome] (services/learning/incidentLearningService.js:112:17)

  console.log
    [lifecycle] 📚 Learning recorded for incident incident

      at IncidentLifecycleWithLearning.log [as recordIncidentResolved] (services/learning/incidentLifecycleWithLearning.js:124:15)

  console.log
    ✓ 'restart' effectiveness: 78%

      at Object.log (tests/learning-system.test.js:195:13)

  console.log
    === LEARNING RESULTS ===

      at Object.log (tests/learning-system.test.js:198:13)

  console.log
    Recommended actions for "high-latency" pattern (in order):

      at Object.log (tests/learning-system.test.js:203:13)

  console.log
      1. scale - 99% effective (1 incidents) - avg recovery: 2000ms

      at log (tests/learning-system.test.js:205:15)
          at Array.forEach (<anonymous>)

  console.log
      2. retry - 95% effective (1 incidents) - avg recovery: 15000ms

      at log (tests/learning-system.test.js:205:15)
          at Array.forEach (<anonymous>)

  console.log
      3. restart - 78% effective (1 incidents) - avg recovery: 5000ms

      at log (tests/learning-system.test.js:205:15)
          at Array.forEach (<anonymous>)

  console.log
    
    ✅ System learned: "scale" is best for high-latency incidents

      at Object.log (tests/learning-system.test.js:217:13)

  console.log
    
    === SCENARIO: Action consistently fails (3+ attempts) ===

      at Object.log (tests/learning-system.test.js:224:13)

  console.log
    Attempt 1: Executing 'isolate' action...

      at Object.log (tests/learning-system.test.js:228:15)

  console.log
    [lifecycle] ✓ Registered incident incident

      at IncidentLifecycleWithLearning.log [as registerIncident] (services/learning/incidentLifecycleWithLearning.js:43:13)

  console.log
    [lifecycle] ❌ Incident incident resolution failed: Action did not resolve incident

      at IncidentLifecycleWithLearning.log [as recordIncidentFailed] (services/learning/incidentLifecycleWithLearning.js:153:13)

  console.log
    [learning] Recording outcome for incident incident

      at IncidentLearningService.log [as recordIncidentOutcome] (services/learning/incidentLearningService.js:52:15)

  console.log
    [learning] Incident isolate on cascade-failure: effectiveness=0.00, recovery=0ms, cost=$0.1

      at IncidentLearningService.log [as recordIncidentOutcome] (services/learning/incidentLearningService.js:80:15)

  console.log
    [learning] ✓ Updated confidence for isolate on cascade-failure: -10.0%

      at IncidentLearningService.log [as recordIncidentOutcome] (services/learning/incidentLearningService.js:112:17)

  console.log
    [lifecycle] 📚 Learning recorded for incident incident (failure)

      at IncidentLifecycleWithLearning.log [as recordIncidentFailed] (services/learning/incidentLifecycleWithLearning.js:172:15)

  console.log
    Attempt 2: Executing 'isolate' action...

      at Object.log (tests/learning-system.test.js:228:15)

  console.log
    [lifecycle] ✓ Registered incident incident

      at IncidentLifecycleWithLearning.log [as registerIncident] (services/learning/incidentLifecycleWithLearning.js:43:13)

  console.log
    [lifecycle] ❌ Incident incident resolution failed: Action did not resolve incident

      at IncidentLifecycleWithLearning.log [as recordIncidentFailed] (services/learning/incidentLifecycleWithLearning.js:153:13)

  console.log
    [learning] Recording outcome for incident incident

      at IncidentLearningService.log [as recordIncidentOutcome] (services/learning/incidentLearningService.js:52:15)

  console.log
    [learning] Incident isolate on cascade-failure: effectiveness=0.00, recovery=0ms, cost=$0.1

      at IncidentLearningService.log [as recordIncidentOutcome] (services/learning/incidentLearningService.js:80:15)

  console.log
    [learning] ✓ Updated confidence for isolate on cascade-failure: -10.0%

      at IncidentLearningService.log [as recordIncidentOutcome] (services/learning/incidentLearningService.js:112:17)

  console.log
    [lifecycle] 📚 Learning recorded for incident incident (failure)

      at IncidentLifecycleWithLearning.log [as recordIncidentFailed] (services/learning/incidentLifecycleWithLearning.js:172:15)

  console.log
    Attempt 3: Executing 'isolate' action...

      at Object.log (tests/learning-system.test.js:228:15)

  console.log
    [lifecycle] ✓ Registered incident incident

      at IncidentLifecycleWithLearning.log [as registerIncident] (services/learning/incidentLifecycleWithLearning.js:43:13)

  console.log
    [lifecycle] ❌ Incident incident resolution failed: Action did not resolve incident

      at IncidentLifecycleWithLearning.log [as recordIncidentFailed] (services/learning/incidentLifecycleWithLearning.js:153:13)

  console.log
    [learning] Recording outcome for incident incident

      at IncidentLearningService.log [as recordIncidentOutcome] (services/learning/incidentLearningService.js:52:15)

  console.log
    [learning] Incident isolate on cascade-failure: effectiveness=0.00, recovery=0ms, cost=$0.1

      at IncidentLearningService.log [as recordIncidentOutcome] (services/learning/incidentLearningService.js:80:15)

  console.log
    [learning] ✓ Updated confidence for isolate on cascade-failure: -10.0%

      at IncidentLearningService.log [as recordIncidentOutcome] (services/learning/incidentLearningService.js:112:17)

  console.log
    [lifecycle] 📚 Learning recorded for incident incident (failure)

      at IncidentLifecycleWithLearning.log [as recordIncidentFailed] (services/learning/incidentLifecycleWithLearning.js:172:15)

  console.log
    
    'isolate' effectiveness for 'cascade-failure': 0% (3 attempts)

      at Object.log (tests/learning-system.test.js:258:13)

  console.log
    System recommendations:

      at Object.log (tests/learning-system.test.js:266:13)

  console.log
      [CRITICAL] isolate is ineffective (0% success rate). Consider alternatives.

      at log (tests/learning-system.test.js:268:15)
          at Array.forEach (<anonymous>)

  console.log
    
    ✅ System recognized ineffective action and warned

      at Object.log (tests/learning-system.test.js:274:13)

  console.log
    
    === SCENARIO: Track detailed recovery timeline ===

      at Object.log (tests/learning-system.test.js:280:13)

  console.log
    [lifecycle] ✓ Registered incident incident

      at IncidentLifecycleWithLearning.log [as registerIncident] (services/learning/incidentLifecycleWithLearning.js:43:13)

  console.log
    1. Incident detected

      at Object.log (tests/learning-system.test.js:299:13)

  console.log
    2. Restart action executed

      at Object.log (tests/learning-system.test.js:303:13)

  console.log
    [lifecycle] 📈 Recovery started for incident

      at IncidentLifecycleWithLearning.log [as recordRecoveryStart] (services/learning/incidentLifecycleWithLearning.js:78:13)

  console.log
    3. Recovery started (metrics improving)

      at Object.log (tests/learning-system.test.js:308:13)

  console.log
    [lifecycle] ✅ Incident incident resolved in 204ms

      at IncidentLifecycleWithLearning.log [as recordIncidentResolved] (services/learning/incidentLifecycleWithLearning.js:103:13)

  console.log
    [learning] Recording outcome for incident incident

      at IncidentLearningService.log [as recordIncidentOutcome] (services/learning/incidentLearningService.js:52:15)

  console.log
    [learning] Incident restart on high-error-rate: effectiveness=1.00, recovery=204ms, cost=$0.50204

      at IncidentLearningService.log [as recordIncidentOutcome] (services/learning/incidentLearningService.js:80:15)

  console.log
    [learning] ✓ Updated confidence for restart on high-error-rate: 15.0%

      at IncidentLearningService.log [as recordIncidentOutcome] (services/learning/incidentLearningService.js:112:17)

  console.log
    [lifecycle] 📚 Learning recorded for incident incident

      at IncidentLifecycleWithLearning.log [as recordIncidentResolved] (services/learning/incidentLifecycleWithLearning.js:124:15)

  console.log
    4. Incident fully resolved

      at Object.log (tests/learning-system.test.js:313:13)

  console.log
    ✅ Incident lifecycle completed from detection to resolution

      at Object.log (tests/learning-system.test.js:319:13)

  console.log
    
    === SCENARIO: Learn cost vs effectiveness trade-offs ===

      at Object.log (tests/learning-system.test.js:325:13)

  console.log
    [lifecycle] ✓ Registered incident incident

      at IncidentLifecycleWithLearning.log [as registerIncident] (services/learning/incidentLifecycleWithLearning.js:43:13)

  console.log
    [lifecycle] 📈 Recovery started for incident

      at IncidentLifecycleWithLearning.log [as recordRecoveryStart] (services/learning/incidentLifecycleWithLearning.js:78:13)

  console.log
    [lifecycle] ✅ Incident incident resolved in 1ms

      at IncidentLifecycleWithLearning.log [as recordIncidentResolved] (services/learning/incidentLifecycleWithLearning.js:103:13)

  console.log
    [learning] Recording outcome for incident incident

      at IncidentLearningService.log [as recordIncidentOutcome] (services/learning/incidentLearningService.js:52:15)

  console.log
    [learning] Incident retry on high-latency: effectiveness=1.00, recovery=1ms, cost=$0.10001

      at IncidentLearningService.log [as recordIncidentOutcome] (services/learning/incidentLearningService.js:80:15)

  console.log
    [learning] ✓ Updated confidence for retry on high-latency: 15.0%

      at IncidentLearningService.log [as recordIncidentOutcome] (services/learning/incidentLearningService.js:112:17)

  console.log
    [lifecycle] 📚 Learning recorded for incident incident

      at IncidentLifecycleWithLearning.log [as recordIncidentResolved] (services/learning/incidentLifecycleWithLearning.js:124:15)

  console.log
    [lifecycle] ✓ Registered incident incident

      at IncidentLifecycleWithLearning.log [as registerIncident] (services/learning/incidentLifecycleWithLearning.js:43:13)

  console.log
    [lifecycle] 📈 Recovery started for incident

      at IncidentLifecycleWithLearning.log [as recordRecoveryStart] (services/learning/incidentLifecycleWithLearning.js:78:13)

  console.log
    [lifecycle] ✅ Incident incident resolved in 1ms

      at IncidentLifecycleWithLearning.log [as recordIncidentResolved] (services/learning/incidentLifecycleWithLearning.js:103:13)

  console.log
    [learning] Recording outcome for incident incident

      at IncidentLearningService.log [as recordIncidentOutcome] (services/learning/incidentLearningService.js:52:15)

  console.log
    [learning] Incident scale on high-latency: effectiveness=1.00, recovery=1ms, cost=$5.00001

      at IncidentLearningService.log [as recordIncidentOutcome] (services/learning/incidentLearningService.js:80:15)

  console.log
    [learning] ✓ Updated confidence for scale on high-latency: 15.0%

      at IncidentLearningService.log [as recordIncidentOutcome] (services/learning/incidentLearningService.js:112:17)

  console.log
    [lifecycle] 📚 Learning recorded for incident incident

      at IncidentLifecycleWithLearning.log [as recordIncidentResolved] (services/learning/incidentLifecycleWithLearning.js:124:15)

  console.log
    
    Decision Matrix:
      'retry':  cheap ($0.02) but slow (20s recovery)
      'scale':  expensive ($5.02) but fast (2s recovery)
    
    For high-latency incidents:
      - If SLA is strict (need sub-5s recovery): choose 'scale'
      - If budget is tight: tolerate 'retry'

      at Object.log (tests/learning-system.test.js:371:13)

  console.log
    ✅ System can optimize for different trade-offs

      at Object.log (tests/learning-system.test.js:381:13)

PASS tests/learning-system.test.js
  Incident Learning System - Real Lifecycle
    √ System learns from incident outcomes and improves decisions (40 ms)
    √ System recognizes ineffective actions and warns (17 ms)
    √ Incident lifecycle tracks recovery metrics (320 ms)
    √ System learns cost-effectiveness of actions (15 ms)

(node:17032) [MONGOOSE] Warning: Duplicate schema index on {"timestamp":1} found. This is often due to declaring an index using both "index: true" and "schema.index()". Please remove the duplicate index definition.
  console.warn
    [runbook-execution] Could not save to DB, using in-memory execution

    [0m [90m 124 |[39m       } [36mcatch[39m (dbError) {
     [90m 125 |[39m         [90m// If DB save fails (e.g., in tests), just use the object[39m
    [31m[1m>[22m[39m[90m 126 |[39m         console[33m.[39mwarn([32m'[runbook-execution] Could not save to DB, using in-memory execution'[39m)[33m;[39m
     [90m     |[39m                 [31m[1m^[22m[39m
     [90m 127 |[39m         execution [33m=[39m executionData[33m;[39m
     [90m 128 |[39m         execution[33m.[39m_id [33m=[39m [32m'mock-'[39m [33m+[39m [33mDate[39m[33m.[39mnow()[33m;[39m
     [90m 129 |[39m         execution[33m.[39mexecutionId [33m=[39m execution[33m.[39m_id[33m;[39m[0m

      at RunbookExecutionService.warn [as executeRunbook] (services/execution/runbookExecutionService.js:126:17)
      at Object.<anonymous> (tests/unit/runbookExecutionService.test.js:65:25)

  console.log
    [runbook-execution] Starting execution of runbook: TestRunbook (mock-1774951083637)

      at RunbookExecutionService.log [as executeRunbook] (services/execution/runbookExecutionService.js:136:15)

  console.log
    [runbook-execution] Executing step 1: LOG

      at RunbookExecutionService.log [as executeRunbook] (services/execution/runbookExecutionService.js:150:19)

  console.log
    [runbook-execution] ✓ Step 1 completed successfully

      at RunbookExecutionService.log [as executeRunbook] (services/execution/runbookExecutionService.js:172:19)

  console.log
    [runbook-execution] Executing step 2: LOG

      at RunbookExecutionService.log [as executeRunbook] (services/execution/runbookExecutionService.js:150:19)

  console.log
    [runbook-execution] ✓ Step 2 completed successfully

      at RunbookExecutionService.log [as executeRunbook] (services/execution/runbookExecutionService.js:172:19)

  console.log
    [runbook-execution] Executing step 3: LOG

      at RunbookExecutionService.log [as executeRunbook] (services/execution/runbookExecutionService.js:150:19)

  console.log
    [runbook-execution] ✓ Step 3 completed successfully

      at RunbookExecutionService.log [as executeRunbook] (services/execution/runbookExecutionService.js:172:19)

  console.log
    [runbook-execution] ✓ Runbook execution returned: RUNNING

      at RunbookExecutionService.log [as executeRunbook] (services/execution/runbookExecutionService.js:228:15)

  console.warn
    [runbook-execution] Could not save to DB, using in-memory execution

    [0m [90m 124 |[39m       } [36mcatch[39m (dbError) {
     [90m 125 |[39m         [90m// If DB save fails (e.g., in tests), just use the object[39m
    [31m[1m>[22m[39m[90m 126 |[39m         console[33m.[39mwarn([32m'[runbook-execution] Could not save to DB, using in-memory execution'[39m)[33m;[39m
     [90m     |[39m                 [31m[1m^[22m[39m
     [90m 127 |[39m         execution [33m=[39m executionData[33m;[39m
     [90m 128 |[39m         execution[33m.[39m_id [33m=[39m [32m'mock-'[39m [33m+[39m [33mDate[39m[33m.[39mnow()[33m;[39m
     [90m 129 |[39m         execution[33m.[39mexecutionId [33m=[39m execution[33m.[39m_id[33m;[39m[0m

      at RunbookExecutionService.warn [as executeRunbook] (services/execution/runbookExecutionService.js:126:17)
      at Object.<anonymous> (tests/unit/runbookExecutionService.test.js:86:25)

  console.log
    [runbook-execution] Starting execution of runbook: ProgressTrack (mock-1774951083654)

      at RunbookExecutionService.log [as executeRunbook] (services/execution/runbookExecutionService.js:136:15)

  console.log
    [runbook-execution] Executing step 1: LOG

      at RunbookExecutionService.log [as executeRunbook] (services/execution/runbookExecutionService.js:150:19)

  console.log
    [runbook-execution] ✓ Step 1 completed successfully

      at RunbookExecutionService.log [as executeRunbook] (services/execution/runbookExecutionService.js:172:19)

  console.log
    [runbook-execution] Executing step 2: LOG

      at RunbookExecutionService.log [as executeRunbook] (services/execution/runbookExecutionService.js:150:19)

  console.log
    [runbook-execution] ✓ Step 2 completed successfully

      at RunbookExecutionService.log [as executeRunbook] (services/execution/runbookExecutionService.js:172:19)

  console.log
    [runbook-execution] ✓ Runbook execution returned: RUNNING

      at RunbookExecutionService.log [as executeRunbook] (services/execution/runbookExecutionService.js:228:15)

  console.warn
    [runbook-execution] Could not save to DB, using in-memory execution

    [0m [90m 124 |[39m       } [36mcatch[39m (dbError) {
     [90m 125 |[39m         [90m// If DB save fails (e.g., in tests), just use the object[39m
    [31m[1m>[22m[39m[90m 126 |[39m         console[33m.[39mwarn([32m'[runbook-execution] Could not save to DB, using in-memory execution'[39m)[33m;[39m
     [90m     |[39m                 [31m[1m^[22m[39m
     [90m 127 |[39m         execution [33m=[39m executionData[33m;[39m
     [90m 128 |[39m         execution[33m.[39m_id [33m=[39m [32m'mock-'[39m [33m+[39m [33mDate[39m[33m.[39mnow()[33m;[39m
     [90m 129 |[39m         execution[33m.[39mexecutionId [33m=[39m execution[33m.[39m_id[33m;[39m[0m

      at RunbookExecutionService.warn [as executeRunbook] (services/execution/runbookExecutionService.js:126:17)
      at Object.<anonymous> (tests/unit/runbookExecutionService.test.js:163:23)

  console.log
    [runbook-execution] Starting execution of runbook: RollbackTest (mock-1774951083669)

      at RunbookExecutionService.log [as executeRunbook] (services/execution/runbookExecutionService.js:136:15)

  console.log
    [runbook-execution] Executing step 1: CREATE

      at RunbookExecutionService.log [as executeRunbook] (services/execution/runbookExecutionService.js:150:19)

  console.log
    [runbook-execution] ✓ Step 1 completed successfully

      at RunbookExecutionService.log [as executeRunbook] (services/execution/runbookExecutionService.js:172:19)

  console.log
    [runbook-execution] Executing step 2: MODIFY

      at RunbookExecutionService.log [as executeRunbook] (services/execution/runbookExecutionService.js:150:19)

  console.log
    [runbook-execution] ✓ Step 2 completed successfully

      at RunbookExecutionService.log [as executeRunbook] (services/execution/runbookExecutionService.js:172:19)

  console.log
    [runbook-execution] ✓ Runbook execution returned: RUNNING

      at RunbookExecutionService.log [as executeRunbook] (services/execution/runbookExecutionService.js:228:15)

  console.warn
    [runbook-execution] Could not save to DB, using in-memory execution

    [0m [90m 124 |[39m       } [36mcatch[39m (dbError) {
     [90m 125 |[39m         [90m// If DB save fails (e.g., in tests), just use the object[39m
    [31m[1m>[22m[39m[90m 126 |[39m         console[33m.[39mwarn([32m'[runbook-execution] Could not save to DB, using in-memory execution'[39m)[33m;[39m
     [90m     |[39m                 [31m[1m^[22m[39m
     [90m 127 |[39m         execution [33m=[39m executionData[33m;[39m
     [90m 128 |[39m         execution[33m.[39m_id [33m=[39m [32m'mock-'[39m [33m+[39m [33mDate[39m[33m.[39mnow()[33m;[39m
     [90m 129 |[39m         execution[33m.[39mexecutionId [33m=[39m execution[33m.[39m_id[33m;[39m[0m

      at RunbookExecutionService.warn [as executeRunbook] (services/execution/runbookExecutionService.js:126:17)
      at Object.<anonymous> (tests/unit/runbookExecutionService.test.js:182:25)

  console.log
    [runbook-execution] Starting execution of runbook: NoRollback (mock-1774951083678)

      at RunbookExecutionService.log [as executeRunbook] (services/execution/runbookExecutionService.js:136:15)

  console.log
    [runbook-execution] Executing step 1: LOG

      at RunbookExecutionService.log [as executeRunbook] (services/execution/runbookExecutionService.js:150:19)

  console.log
    [runbook-execution] ✓ Step 1 completed successfully

      at RunbookExecutionService.log [as executeRunbook] (services/execution/runbookExecutionService.js:172:19)

  console.log
    [runbook-execution] ✓ Runbook execution returned: RUNNING

      at RunbookExecutionService.log [as executeRunbook] (services/execution/runbookExecutionService.js:228:15)

  console.error
    [runbook-execution] Error fetching history: Cast to ObjectId failed for value "test-runbook" (type string) at path "runbookId" for model "RunbookExecution"

    [0m [90m 536 |[39m       [36mreturn[39m executions [33m||[39m [][33m;[39m
     [90m 537 |[39m     } [36mcatch[39m (error) {
    [31m[1m>[22m[39m[90m 538 |[39m       console[33m.[39merror([32m'[runbook-execution] Error fetching history:'[39m[33m,[39m error[33m.[39mmessage)[33m;[39m
     [90m     |[39m               [31m[1m^[22m[39m
     [90m 539 |[39m       [36mreturn[39m [][33m;[39m
     [90m 540 |[39m     }
     [90m 541 |[39m   }[0m

      at RunbookExecutionService.error [as getExecutionHistory] (services/execution/runbookExecutionService.js:538:15)
      at Object.<anonymous> (tests/unit/runbookExecutionService.test.js:202:23)

  console.error
    [runbook-execution] Error fetching history: Cast to ObjectId failed for value "test" (type string) at path "runbookId" for model "RunbookExecution"

    [0m [90m 536 |[39m       [36mreturn[39m executions [33m||[39m [][33m;[39m
     [90m 537 |[39m     } [36mcatch[39m (error) {
    [31m[1m>[22m[39m[90m 538 |[39m       console[33m.[39merror([32m'[runbook-execution] Error fetching history:'[39m[33m,[39m error[33m.[39mmessage)[33m;[39m
     [90m     |[39m               [31m[1m^[22m[39m
     [90m 539 |[39m       [36mreturn[39m [][33m;[39m
     [90m 540 |[39m     }
     [90m 541 |[39m   }[0m

      at RunbookExecutionService.error [as getExecutionHistory] (services/execution/runbookExecutionService.js:538:15)
      at Object.<anonymous> (tests/unit/runbookExecutionService.test.js:212:23)

PASS tests/unit/runbookExecutionService.test.js
  RunbookExecutionService
    parseRunbook
      √ should parse valid runbook definition (2 ms)
      √ should validate runbook structure (1 ms)
    executeRunbook
      √ should execute runbook steps in sequence (14 ms)
      √ should track execution progress (16 ms)
    executeStep
      √ should execute single step successfully (1 ms)
      √ should respect step timeout (1 ms)
      √ should pass parameters to step execution (1 ms)
    rollback
      √ should execute rollback steps on failure (8 ms)
      √ should not execute rollback if runbook succeeded (8 ms)
    getExecutionHistory
      √ should retrieve execution history for runbook (11 ms)
      √ should include execution status in history (4 ms)
    getRunbookTemplate
      √ should retrieve pre-defined runbook template (1 ms)
      √ should list available runbook templates (1 ms)
    validateRunbook
      √ should validate correct runbook structure (2 ms)
      √ should catch validation errors in runbook (1 ms)

  console.warn
    [PolicyDSL] Condition value not found: unknown_field

    [0m [90m 326 |[39m
     [90m 327 |[39m     [36mif[39m (contextValue [33m===[39m undefined) {
    [31m[1m>[22m[39m[90m 328 |[39m       console[33m.[39mwarn(
     [90m     |[39m               [31m[1m^[22m[39m
     [90m 329 |[39m         [32m`[PolicyDSL] Condition value not found: ${condition.name}`[39m
     [90m 330 |[39m       )[33m;[39m
     [90m 331 |[39m       [36mreturn[39m [36mfalse[39m[33m;[39m[0m

      at PolicyDSLParser.warn [as _evaluateCondition] (services/core/policyDSLParser.js:328:15)
      at PolicyDSLParser._evaluateCondition [as _evaluateNode] (services/core/policyDSLParser.js:314:21)
      at PolicyDSLParser._evaluateNode [as evaluate] (services/core/policyDSLParser.js:277:27)
      at Object.evaluate (tests/unit/policyDSLParser.test.js:159:29)

  console.warn
    [PolicyDSL] Condition value not found: unknown_field

    [0m [90m 326 |[39m
     [90m 327 |[39m     [36mif[39m (contextValue [33m===[39m undefined) {
    [31m[1m>[22m[39m[90m 328 |[39m       console[33m.[39mwarn(
     [90m     |[39m               [31m[1m^[22m[39m
     [90m 329 |[39m         [32m`[PolicyDSL] Condition value not found: ${condition.name}`[39m
     [90m 330 |[39m       )[33m;[39m
     [90m 331 |[39m       [36mreturn[39m [36mfalse[39m[33m;[39m[0m

      at PolicyDSLParser.warn [as _evaluateCondition] (services/core/policyDSLParser.js:328:15)
      at PolicyDSLParser._evaluateCondition (services/core/policyDSLParser.js:405:19)
      at PolicyDSLParser._extractConditions [as _buildEvaluationTrace] (services/core/policyDSLParser.js:387:10)
      at PolicyDSLParser._buildEvaluationTrace [as evaluate] (services/core/policyDSLParser.js:281:21)
      at Object.evaluate (tests/unit/policyDSLParser.test.js:159:29)

  console.warn
    [PolicyDSL] Condition value not found: action

    [0m [90m 326 |[39m
     [90m 327 |[39m     [36mif[39m (contextValue [33m===[39m undefined) {
    [31m[1m>[22m[39m[90m 328 |[39m       console[33m.[39mwarn(
     [90m     |[39m               [31m[1m^[22m[39m
     [90m 329 |[39m         [32m`[PolicyDSL] Condition value not found: ${condition.name}`[39m
     [90m 330 |[39m       )[33m;[39m
     [90m 331 |[39m       [36mreturn[39m [36mfalse[39m[33m;[39m[0m

      at PolicyDSLParser.warn [as _evaluateCondition] (services/core/policyDSLParser.js:328:15)
      at PolicyDSLParser._evaluateCondition [as _evaluateNode] (services/core/policyDSLParser.js:314:21)
      at PolicyDSLParser._evaluateNode [as evaluate] (services/core/policyDSLParser.js:277:27)
      at Object.evaluate (tests/unit/policyDSLParser.test.js:284:29)

  console.warn
    [PolicyDSL] Condition value not found: action

    [0m [90m 326 |[39m
     [90m 327 |[39m     [36mif[39m (contextValue [33m===[39m undefined) {
    [31m[1m>[22m[39m[90m 328 |[39m       console[33m.[39mwarn(
     [90m     |[39m               [31m[1m^[22m[39m
     [90m 329 |[39m         [32m`[PolicyDSL] Condition value not found: ${condition.name}`[39m
     [90m 330 |[39m       )[33m;[39m
     [90m 331 |[39m       [36mreturn[39m [36mfalse[39m[33m;[39m[0m

      at PolicyDSLParser.warn [as _evaluateCondition] (services/core/policyDSLParser.js:328:15)
      at PolicyDSLParser._evaluateCondition (services/core/policyDSLParser.js:405:19)
      at PolicyDSLParser._extractConditions [as _buildEvaluationTrace] (services/core/policyDSLParser.js:387:10)
      at PolicyDSLParser._buildEvaluationTrace [as evaluate] (services/core/policyDSLParser.js:281:21)
      at Object.evaluate (tests/unit/policyDSLParser.test.js:284:29)

PASS tests/unit/policyDSLParser.test.js
  PolicyDSLParser
    parsing
      √ should parse simple condition (3 ms)
      √ should parse AND conditions (2 ms)
      √ should parse OR conditions (2 ms)
      √ should parse NOT conditions (1 ms)
      √ should parse complex nested expressions (1 ms)
      √ should handle all comparison operators (2 ms)
      √ should report parse errors (1 ms)
      √ should handle missing closing parenthesis (2 ms)
    evaluation
      √ should evaluate simple conditions (2 ms)
      √ should evaluate with comparison operators (7 ms)
      √ should evaluate AND logic (1 ms)
      √ should evaluate OR logic (2 ms)
      √ should evaluate NOT logic (1 ms)
      √ should handle operator precedence (1 ms)
    context handling
      √ should support dot notation for nested properties (2 ms)
      √ should handle missing context values gracefully (11 ms)
      √ should build evaluation trace (2 ms)
    parseAndEvaluate
      √ should parse and evaluate in one call (2 ms)
      √ should report errors from parse stage (1 ms)
    complex scenarios
      √ should evaluate real-world policy rule (1 ms)
      √ should handle numeric comparisons (1 ms)
      √ should support string equality checks (1 ms)
    whitespace handling
      √ should handle variable amounts of whitespace (6 ms)
    edge cases
      √ should handle empty input (1 ms)
      √ should handle null input (1 ms)
      √ should evaluate with empty context (7 ms)
      √ should handle deeply nested parentheses (1 ms)

(node:17032) [MONGOOSE] Warning: Duplicate schema index on {"timestamp":1} found. This is often due to declaring an index using both "index: true" and "schema.index()". Please remove the duplicate index definition.
PASS tests/unit/auditService.test.js
  AuditService
    signMessage
      √ should generate valid HMAC signature (2 ms)
      √ should produce consistent signatures for same data (1 ms)
      √ should produce different signatures for different data (1 ms)
      √ should produce different signatures with different secrets (1 ms)
    verifySignature
      √ should verify valid signatures (1 ms)
      √ should reject invalid signatures
      √ should reject signatures with wrong secret (1 ms)
      √ should reject signatures for modified data (1 ms)
    createAuditEntry
      √ should create audit entry with required fields (1 ms)
      √ should include change data in audit entry (1 ms)
    verifyAuditTrail
      √ should verify authentic audit trail (1 ms)
      √ should detect tampered audit entries (1 ms)

PASS tests/unit/confidenceWeightOptimizer.test.js
  ConfidenceWeightOptimizer
    initialization
      √ should have baseline weights that sum to 1.0 (2 ms)
      √ should initialize factor effectiveness scores (2 ms)
    recordOutcome
      √ should record successful outcomes (1 ms)
      √ should record failed outcomes (1 ms)
      √ should calculate rolling accuracy (1 ms)
    getOptimizedWeights
      √ should return null when insufficient outcomes (1 ms)
      √ should return optimized weights when threshold met (1 ms)
      √ should adjust weights based on factor effectiveness (1 ms)
    weight constraints
      √ should enforce minimum adjustment threshold (2 ms)
      √ should enforce maximum weight change constraint (8 ms)
    metrics and history
      √ should track weight change history (2 ms)
      √ should provide metrics (2 ms)
    reset
      √ should reset to baseline state (1 ms)

  console.log
    ✓ FIX #1: Processed 1000 signals in 3ms

      at Object.log (tests/validation/sre-validation-fixes.test.js:63:13)

  console.log
      Average: 0.00ms per signal

      at Object.log (tests/validation/sre-validation-fixes.test.js:64:13)

  console.log
      Throughput: 333333 signals/sec

      at Object.log (tests/validation/sre-validation-fixes.test.js:65:13)

  console.log
    ✓ FIX #2: Cascade detected with 3 services

      at Object.log (tests/validation/sre-validation-fixes.test.js:114:13)

  console.log
      Services: database → api-service → api-gateway

      at Object.log (tests/validation/sre-validation-fixes.test.js:115:13)

  console.log
      Action: Isolate database service (root likely)

      at Object.log (tests/validation/sre-validation-fixes.test.js:116:13)

  console.log
      Confidence: 85%

      at Object.log (tests/validation/sre-validation-fixes.test.js:117:13)

  console.log
    ✗ SCENARIO 3 PREVIOUS: Root Cause Detected = FALSE (test failed)

      at Object.log (tests/validation/sre-validation-fixes.test.js:143:13)

  console.log
    ✓ SCENARIO 3 WITH FIX #2: Cascade Detection Rate = 100.0%

      at Object.log (tests/validation/sre-validation-fixes.test.js:144:13)

  console.log
      Signals with cascades detected: 60 / 60

      at Object.log (tests/validation/sre-validation-fixes.test.js:145:13)

  console.log
    ✓ High error rate + high latency = restart (high confidence): restart (95%)

      at log (tests/validation/sre-validation-fixes.test.js:204:15)
          at Array.forEach (<anonymous>)

  console.log
    ✓ Medium error rate + high latency = isolate (medium-high confidence): isolate-service (82%)

      at log (tests/validation/sre-validation-fixes.test.js:204:15)
          at Array.forEach (<anonymous>)

  console.log
    ✓ High latency only = scale (medium confidence): scale-database (75%)

      at log (tests/validation/sre-validation-fixes.test.js:204:15)
          at Array.forEach (<anonymous>)

  console.log
    ✓ Low error, low latency = monitor (low confidence): log (45%)

      at log (tests/validation/sre-validation-fixes.test.js:204:15)
          at Array.forEach (<anonymous>)

  console.log
    
    ✓ FIX #3: Decision Accuracy = 100% (target: 85%+)

      at Object.log (tests/validation/sre-validation-fixes.test.js:212:13)

  console.log
    ✓ FIX #3: High-Confidence Decisions = 75%

      at Object.log (tests/validation/sre-validation-fixes.test.js:213:13)

  console.log
    
    📊 SCENARIO 4 IMPROVED:

      at Object.log (tests/validation/sre-validation-fixes.test.js:246:13)

  console.log
      Signals Input: 10000

      at Object.log (tests/validation/sre-validation-fixes.test.js:247:13)

  console.log
      Time: 27ms

      at Object.log (tests/validation/sre-validation-fixes.test.js:248:13)

  console.log
      Throughput: 370370 signals/sec (was: 140 signals/sec)

      at Object.log (tests/validation/sre-validation-fixes.test.js:249:13)

  console.log
      Improvement: 2645.5x faster

      at Object.log (tests/validation/sre-validation-fixes.test.js:250:13)

  console.log
      ✅ PASS: Throughput target (1000+ signals/sec) achieved

      at Object.log (tests/validation/sre-validation-fixes.test.js:254:15)

  console.log
    
    📊 SCENARIO 3 IMPROVED:

      at Object.log (tests/validation/sre-validation-fixes.test.js:297:13)

  console.log
      Signals: 60

      at Object.log (tests/validation/sre-validation-fixes.test.js:298:13)

  console.log
      Cascade Detection Rate: 100.0% (was: 0%)

      at Object.log (tests/validation/sre-validation-fixes.test.js:299:13)

  console.log
      Action Accuracy: 100.0% (was: unknown, but test failed)

      at Object.log (tests/validation/sre-validation-fixes.test.js:300:13)

  console.log
      ✅ PASS: Now detects cascades correctly

      at Object.log (tests/validation/sre-validation-fixes.test.js:301:13)

  console.log
    
    🔧 FIX #1 VERDICT:

      at Object.log (tests/validation/sre-validation-fixes.test.js:314:13)

  console.log
      ✅ OpenAI calls removed

      at Object.log (tests/validation/sre-validation-fixes.test.js:315:13)

  console.log
      ✅ Parallel processing enabled

      at Object.log (tests/validation/sre-validation-fixes.test.js:316:13)

  console.log
      ✅ Throughput: 140 → 1000+ signals/sec (7x improvement)

      at Object.log (tests/validation/sre-validation-fixes.test.js:317:13)

  console.log
    
    🔧 FIX #2 VERDICT:

      at Object.log (tests/validation/sre-validation-fixes.test.js:324:13)

  console.log
      ✅ Cascade detection algorithm implemented

      at Object.log (tests/validation/sre-validation-fixes.test.js:325:13)

  console.log
      ✅ Multiple-service correlation working

      at Object.log (tests/validation/sre-validation-fixes.test.js:326:13)

  console.log
      ✅ Scenario 3 test result: IMPROVED (needs rerun to verify)

      at Object.log (tests/validation/sre-validation-fixes.test.js:327:13)

  console.log
    
    🔧 FIX #3 VERDICT:

      at Object.log (tests/validation/sre-validation-fixes.test.js:334:13)

  console.log
      ✅ Decision heuristics improved

      at Object.log (tests/validation/sre-validation-fixes.test.js:335:13)

  console.log
      ✅ Confidence scoring updated

      at Object.log (tests/validation/sre-validation-fixes.test.js:336:13)

  console.log
      ✅ Scenario 1 test result: 72% → 85%+ (estimated)

      at Object.log (tests/validation/sre-validation-fixes.test.js:337:13)

PASS tests/validation/sre-validation-fixes.test.js
  FIX #1: Parallel Processing + Rule-Based Analysis
    √ Should process 1000 signals in <1 second with rule-based analysis (no OpenAI) (9 ms)
    √ Should NOT make OpenAI API calls (1 ms)
  FIX #2: Cascade Failure Detection
    √ Should detect cascade when multiple services fail in sequence (5 ms)
    √ Scenario 3 Cascade Test: Should now detect root cause (vs. previous failure) (5 ms)
  FIX #3: Decision Accuracy Improvement
    √ Should improve accuracy from 72% to 85%+ with better heuristics (6 ms)
  INTEGRATION: All Fixes Together
    √ Scenario 4 with all fixes: Should process 10k signals at >1000 signals/sec (32 ms)
    √ Scenario 3 with all fixes: Should detect cascades and make correct decisions (6 ms)
  OVERALL VERDICT
    √ FIX #1 actually removes the OpenAI bottleneck (3 ms)
    √ FIX #2 actually detects cascades (4 ms)
    √ FIX #3 actually improves decision accuracy (3 ms)

PASS tests/unit/policyEngine.test.js
  Policy Engine
    policyParsing
      √ Should parse valid DSL policy correctly (1 ms)
      √ Should handle multiple rules in policy (1 ms)
      √ Should reject invalid policy DSL (12 ms)
    policyEvaluation
      √ Should evaluate rule against incident metrics (2 ms)
      √ Should handle AND conditions in rules (1 ms)
      √ Should handle OR conditions in rules (1 ms)
      √ Should return matching rules for incident (1 ms)
    policyVersioning
      √ Should track policy version changes (1 ms)
      √ Should support policy rollback to previous version (1 ms)
      √ Should record policy change audit trail (2 ms)
    policySafety
      √ Should validate action safety before approval (1 ms)
      √ Should reject dangerous actions without approval (1 ms)
      √ Should track approval chain for dangerous actions (1 ms)

PASS tests/unit/actionAgent.test.js
  Action Agent
    actionValidation
      √ Should validate action parameters before execution (2 ms)
      √ Should reject invalid action types (11 ms)
      √ Should validate required parameters for each action (1 ms)
    dryRun
      √ Should execute dry-run before actual execution (1 ms)
      √ Should cancel execution if dry-run fails (1 ms)
    actionExecution
      √ Should execute approved action successfully (1 ms)
      √ Should track action execution errors (1 ms)
      √ Should timeout long-running actions
    rollbackCapability
      √ Should plan rollback for reversible actions (1 ms)
      √ Should mark non-reversible actions accordingly (1 ms)
      √ Should execute rollback on action failure (6 ms)
    safetyGates
      √ Should enforce blast radius limits (1 ms)
      √ Should reject actions exceeding blast radius (1 ms)
      √ Should verify resource availability before execution (1 ms)
    auditTrail
      √ Should record all action executions in audit log (2 ms)

PASS tests/unit/confidenceService.test.js
  Confidence Service
    baselineConfidenceCalculation
      √ Should calculate confidence from error rate factor (1 ms)
      √ Should calculate confidence from response time (1 ms)
      √ Should combine multiple factors into confidence score (1 ms)
    incidentMemoryBoost
      √ Should boost confidence for previously successful patterns (1 ms)
      √ Should reduce confidence for previously failed patterns (5 ms)
      √ Should handle first-time patterns (no history)
    escalationFactors
      √ Should increase confidence for escalating error rates
      √ Should decrease confidence for stabilizing errors (1 ms)
      √ Should handle stable error rates (1 ms)
    serviceCorrelationFactor
      √ Should boost confidence when correlation matches known patterns (1 ms)
      √ Should reduce confidence for unexpected correlations (1 ms)
    decisionTiering
      √ Should tier EXECUTE for high-confidence critical decisions (1 ms)
      √ Should tier ESCALATE for medium-confidence high-severity decisions
      √ Should tier OBSERVE for low-confidence decisions (1 ms)
    confidenceThresholds
      √ Should enforce minimum confidence threshold for automation (1 ms)
      √ Should require manual approval below confidence threshold

PASS tests/unit/decisionAgent.test.js
  Decision Agent
    makeDecision
      √ Should make RESTART decision for critical high-error scenarios (8 ms)
      √ Should make SCALE decision for high-latency scenarios (2 ms)
      √ Should make ISOLATE decision for cascading failures (1 ms)
      √ Should make MONITOR decision for low-severity issues (1 ms)
    policyEvaluation
      √ Should APPROVE decision when policy allows (2 ms)
      √ Should REJECT decision when confidence is too low (1 ms)
      √ Should require manual approval for DANGEROUS actions (2 ms)
    confidenceCalculation
      √ Should calculate high confidence for clear patterns (2 ms)
      √ Should calculate moderate confidence for mixed signals (2 ms)
    incidentMemoryIntegration
      √ Should use past successful patterns to boost confidence (1 ms)
      √ Should reduce confidence for repeated failures (2 ms)
    actionTiering
      √ Should tier CRITICAL decisions to EXECUTE (1 ms)
      √ Should tier HIGH decisions to ESCALATE (1 ms)
      √ Should tier LOW decisions to OBSERVE (1 ms)

PASS tests/unit/analysisAgent.test.js
  Analysis Agent
    analyzeSignal
      √ Should categorize high error rate signals as HIGH severity (2 ms)
      √ Should categorize medium error rates as MEDIUM severity (1 ms)
      √ Should categorize low error rates as LOW severity (1 ms)
    correlateSignals
      √ Should correlate related service errors (6 ms)
      √ Should filter out unrelated signals (2 ms)
    incidentDetection
      √ Should detect when single signal becomes incident (1 ms)
      √ Should detect when multiple signals create incident pattern (1 ms)
    confidenceScoring
      √ Should assign high confidence to clear error signals (1 ms)
      √ Should assign lower confidence to ambiguous signals (1 ms)

  console.log
    [system-health] Deployment mode: SINGLE_INSTANCE

      at new log (services/infrastructure/systemHealthService.js:26:13)

  console.log
    [lock] 🔒 Lock safety enforced by systemHealthService (dynamic based on deployment mode)

      at new log (services/infrastructure/distributedLockService.js:32:13)

(node:17032) [MONGOOSE] Warning: Duplicate schema index on {"timestamp":1} found. This is often due to declaring an index using both "index: true" and "schema.index()". Please remove the duplicate index definition.
FAIL tests/phase1-safety.test.js
  ● Test suite failed to run

    Cannot find module 'isomorphic-dompurify' from 'middleware/sanitizationMiddleware.js'

    Require stack:
      middleware/sanitizationMiddleware.js
      tests/phase1-safety.test.js

    [0m [90m 18 |[39m [90m */[39m
     [90m 19 |[39m
    [31m[1m>[22m[39m[90m 20 |[39m [36mconst[39m [33mDOMPurify[39m [33m=[39m require([32m'isomorphic-dompurify'[39m)[33m;[39m
     [90m    |[39m                   [31m[1m^[22m[39m
     [90m 21 |[39m
     [90m 22 |[39m [90m/**[39m
     [90m 23 |[39m [90m * Configure DOMPurify with strict security rules[39m[0m

      at Resolver._throwModNotFoundError (node_modules/jest-resolve/build/resolver.js:427:11)
      at Object.require (middleware/sanitizationMiddleware.js:20:19)
      at Object.require (tests/phase1-safety.test.js:14:61)

  console.log
    [system-health] Deployment mode: SINGLE_INSTANCE

      at new log (services/infrastructure/systemHealthService.js:26:13)

  console.log
    [lock] 🔒 Lock safety enforced by systemHealthService (dynamic based on deployment mode)

      at new log (services/infrastructure/distributedLockService.js:32:13)

(node:17032) [MONGOOSE] Warning: Duplicate schema index on {"timestamp":1} found. This is often due to declaring an index using both "index: true" and "schema.index()". Please remove the duplicate index definition.
-----------------------------------|---------|----------|---------|---------|---------------------------------------------------------------------------------------
File                               | % Stmts | % Branch | % Funcs | % Lines | Uncovered Line #s                                                                     
-----------------------------------|---------|----------|---------|---------|---------------------------------------------------------------------------------------
All files                          |   29.82 |    19.81 |   34.13 |      30 |                                                                                       
 agents                            |    5.52 |        0 |       0 |    5.54 |                                                                                       
  actionAgent.js                   |    6.01 |        0 |       0 |    6.01 | 14-550                                                                                
  analysisAgent.js                 |    6.42 |        0 |       0 |    6.54 | 10-263,279-386                                                                        
  batchDecisionAgent.js            |    0.88 |        0 |       0 |    0.88 | 18-399                                                                                
  decisionAgent.js                 |    8.33 |        0 |       0 |    8.33 | 9-125,149-469                                                                         
 middleware                        |   28.01 |     29.9 |   16.98 |   28.57 |                                                                                       
  authMiddleware.js                |   96.42 |    92.85 |     100 |   96.36 | 22,55                                                                                 
  inputValidationMiddleware.js     |   11.11 |        0 |       0 |   11.42 | 111-160,176-213                                                                       
  killSwitchMiddleware.js          |       0 |        0 |       0 |       0 | 14-211                                                                                
  rateLimitingMiddleware.js        |   21.79 |    27.77 |   15.38 |   22.36 | 31-62,83-106,122-123,141-223,231                                                      
  sanitizationMiddleware.js        |       0 |        0 |       0 |       0 | 20-203                                                                                
  tenantIsolationMiddleware.js     |   47.36 |       60 |    37.5 |   47.36 | 69-153                                                                                
 models                            |   40.59 |        0 |       0 |   41.04 |                                                                                       
  ActionLog.js                     |     100 |      100 |     100 |     100 |                                                                                       
  AuditEvent.js                    |     100 |      100 |     100 |     100 |                                                                                       
  DecisionTrace.js                 |     100 |      100 |     100 |     100 |                                                                                       
  FailedMessage.js                 |     100 |      100 |     100 |     100 |                                                                                       
  Feedback.js                      |     100 |      100 |     100 |     100 |                                                                                       
  FeedbackOutcome.js               |      25 |        0 |       0 |      25 | 105-123,135-149,160-185                                                               
  IncidentEvent.js                 |     100 |      100 |     100 |     100 |                                                                                       
  IncidentMemory.js                |   22.91 |        0 |       0 |    23.4 | 156-199,206-220,231-246                                                               
  Log.js                           |       0 |      100 |     100 |       0 | 1-48                                                                                  
  PolicyDefinition.js              |     100 |      100 |     100 |     100 |                                                                                       
  PolicyVersion.js                 |   16.32 |        0 |       0 |   16.32 | 72-106,117-159,169-187                                                                
  Runbook.js                       |     100 |      100 |     100 |     100 |                                                                                       
  RunbookExecution.js              |     100 |      100 |     100 |     100 |                                                                                       
  ServiceDependency.js             |       0 |      100 |     100 |       0 | 1-62                                                                                  
  SimulationResult.js              |   20.37 |        0 |       0 |   21.15 | 67-98,109-129,145-167,182-183,192-193                                                 
  TenantConfig.js                  |     100 |      100 |     100 |     100 |                                                                                       
 services                          |     100 |      100 |     100 |     100 |                                                                                       
  dlqService.js                    |     100 |      100 |     100 |     100 |                                                                                       
  messageOrderingService.js        |     100 |      100 |     100 |     100 |                                                                                       
  notificationService.js           |     100 |      100 |     100 |     100 |                                                                                       
 services/chaos                    |   63.77 |    42.55 |    54.9 |   64.46 |                                                                                       
  chaosTestFramework.js            |   63.77 |    42.55 |    54.9 |   64.46 | 44-45,55,144-145,170,214,228-238,243-272,303-304,308,319,323,334,338,375-405          
 services/core                     |   36.15 |    32.64 |   44.18 |   36.89 |                                                                                       
  decisionTraceService.js          |    2.35 |        0 |       0 |    2.53 | 14-286                                                                                
  index.js                         |     100 |      100 |     100 |     100 |                                                                                       
  policyDSLParser.js               |   92.36 |    84.78 |     100 |   92.36 | 233,246,269,284,297,317,348,356-358,373,397                                           
  policyEngine.js                  |   21.31 |    14.11 |   23.52 |   21.84 | 28,38-43,68-82,113-404                                                                
  policyVersioningService.js       |    3.52 |        0 |       0 |    3.65 | 14-273                                                                                
  rbacService.js                   |   72.16 |    53.84 |   94.11 |   71.87 | 176,199-200,230-231,267-268,295,313-317,344,372-373,383,399-403,429-471               
  tenantService.js                 |    3.14 |        0 |       0 |    3.22 | 11-390                                                                                
 services/execution                |   30.14 |    24.52 |   28.57 |   30.12 |                                                                                       
  actionLogService.js              |   22.72 |        0 |       0 |   22.72 | 19-86                                                                                 
  actionRiskService.js             |       2 |        0 |       0 |    2.17 | 12-218                                                                                
  circuitBreakerService.js         |     2.1 |        0 |       0 |     2.1 | 14-312                                                                                
  decisionExecutionPublisher.js    |   16.12 |        0 |      25 |   16.12 | 28-149                                                                                
  index.js                         |     100 |      100 |     100 |     100 |                                                                                       
  runbookExecutionService.js       |   52.15 |    48.87 |    61.9 |    52.5 | 66-89,180-201,212-214,234-344,358,375,380,391,395,444,478-490,495,514-515,536,548-563 
 services/infrastructure           |   22.92 |    15.09 |    26.4 |   22.76 |                                                                                       
  circuitBreakerService.js         |       0 |        0 |       0 |       0 | 7-115                                                                                 
  configurationService.js          |       0 |        0 |       0 |       0 | 7-185                                                                                 
  correlationEngine.js             |   99.16 |    80.48 |     100 |     100 | 35,199-224,319-334                                                                    
  databaseOptimization.js          |       0 |        0 |       0 |       0 | 14-298                                                                                
  dbService.js                     |   52.38 |       50 |     100 |   52.38 | 18-32,43-44                                                                           
  decisionMapperService.js         |    8.62 |        0 |    8.33 |    9.09 | 164-328                                                                               
  distributedLockService.js        |    7.27 |        0 |    5.26 |    7.47 | 39-306                                                                                
  dlqService.js                    |   52.94 |       60 |   33.33 |   52.94 | 30-31,48-78                                                                           
  healthCheckService.js            |       0 |        0 |       0 |       0 | 7-144                                                                                 
  idempotencyService.js            |   31.76 |    39.18 |    37.5 |   32.14 | 18-65,77-91,110-111,130-139,147,164-328,363-366,386-389,424-426,438,448-466           
  index.js                         |     100 |      100 |     100 |     100 |                                                                                       
  loggingService.js                |   28.57 |        5 |    6.25 |   28.57 | 24,34-48,85-179                                                                       
  memoryCleanupJob.js              |    8.52 |        0 |    6.66 |    8.73 | 21-30,62-344                                                                          
  messageOrderingService.js        |      50 |    35.71 |      40 |      50 | 35,45-68                                                                              
  metricsService.js                |   48.64 |        0 |    6.25 |   48.64 | 121-233                                                                               
  multiInstanceCoordinator.js      |       0 |        0 |       0 |       0 | 14-312                                                                                
  notificationService.js           |       5 |        0 |       0 |       5 | 17-88                                                                                 
  queueService.js                  |    25.4 |    11.62 |   23.52 |   25.83 | 50-52,56-57,61-62,85-331,343,358-359                                                  
  retryHandler.js                  |    4.85 |        0 |    8.33 |     4.9 | 40-421                                                                                
  retryProcessorJob.js             |   13.84 |        0 |   16.66 |   14.06 | 24-33,53-187                                                                          
  systemHealthService.js           |    23.8 |     9.09 |    12.5 |    23.8 | 29-152                                                                                
 services/learning                 |      45 |    29.81 |   55.83 |   45.13 |                                                                                       
  confidenceService.js             |   45.09 |    30.76 |   66.66 |   48.93 | 95-97,116,130-143,157-164,177-185,201-218                                             
  confidenceWeightOptimizer.js     |   95.06 |    78.57 |     100 |      95 | 52,215-218                                                                            
  feedbackService.js               |    2.54 |        0 |       0 |    2.61 | 17-559                                                                                
  incidentLearningService.js       |   78.74 |    62.85 |   83.33 |   78.51 | 57,137-140,151-152,199-200,237,270,301,317,326-327,372-381,407,413-414                
  incidentLifecycleWithLearning.js |   67.36 |    45.16 |   76.92 |   68.81 | 55-56,90-91,126,148-149,174,247-296                                                   
  index.js                         |     100 |      100 |     100 |     100 |                                                                                       
  memoryService.js                 |    1.72 |        0 |       0 |    1.72 | 14-341                                                                                
  riskImpactSimulator.js           |      77 |    53.19 |   84.61 |   77.31 | 65,115-120,130-133,161-164,169,194,219-220,239-242,269-294                            
  simulationService.js             |    5.76 |        0 |       0 |    5.76 | 17-203                                                                                
 services/observability            |   30.56 |    13.87 |   45.45 |   31.57 |                                                                                       
  actionAuditService.js            |   21.05 |       16 |   27.27 |   22.22 | 41-391                                                                                
  auditService.js                  |    13.2 |      2.5 |   27.27 |   13.46 | 13-301                                                                                
  decisionPipelineObservability.js |    7.95 |        0 |    7.69 |    8.53 | 78-348                                                                                
  index.js                         |     100 |      100 |     100 |     100 |                                                                                       
  prometheusMetricsService.js      |   91.93 |       75 |   86.36 |   91.93 | 271,281,338-371                                                                       
  structuredLogger.js              |       0 |        0 |       0 |       0 | 12-116                                                                                
  structuredLoggingService.js      |      95 |     40.9 |     100 |      95 | 83                                                                                    
 utils                             |    4.34 |        0 |       0 |    4.54 |                                                                                       
  metrics.js                       |       0 |        0 |       0 |       0 | 2-22                                                                                  
  severityEngine.js                |    6.25 |        0 |       0 |    6.25 | 4-68                                                                                  
  stateMachine.js                  |       0 |        0 |       0 |       0 | 2-13                                                                                  
-----------------------------------|---------|----------|---------|---------|---------------------------------------------------------------------------------------
Jest: "global" coverage threshold for statements (60%) not met: 29.82%
Jest: "global" coverage threshold for branches (60%) not met: 19.81%
Jest: "global" coverage threshold for lines (60%) not met: 30%
Jest: "global" coverage threshold for functions (60%) not met: 34.13%
Summary of all failing tests
FAIL tests/middleware/authMiddleware.test.js
  ● Auth Middleware Security Tests › Signature Verification › should reject invalid signature

    expect(jest.fn()).toHaveBeenCalledWith(...expected)

    Expected: 401
    Received: 500

    Number of calls: 1

    [0m [90m 299 |[39m       [36mawait[39m authMiddleware(req[33m,[39m res[33m,[39m next)[33m;[39m
     [90m 300 |[39m
    [31m[1m>[22m[39m[90m 301 |[39m       expect(res[33m.[39mstatus)[33m.[39mtoHaveBeenCalledWith([35m401[39m)[33m;[39m
     [90m     |[39m                          [31m[1m^[22m[39m
     [90m 302 |[39m       expect(res[33m.[39mjson)[33m.[39mtoHaveBeenCalledWith(
     [90m 303 |[39m         expect[33m.[39mobjectContaining({
     [90m 304 |[39m           code[33m:[39m [32m'INVALID_SIGNATURE'[39m[0m

      at Object.toHaveBeenCalledWith (tests/middleware/authMiddleware.test.js:301:26)

FAIL tests/integration/agentIntegration.test.js
  ● Agent Integration Tests › Analysis Agent › should analyze signals and detect incidents

    TypeError: analysisAgent.analyzeSignals is not a function

    [0m [90m 40 |[39m       }[33m;[39m
     [90m 41 |[39m
    [31m[1m>[22m[39m[90m 42 |[39m       [36mconst[39m result [33m=[39m [36mawait[39m analysisAgent[33m.[39manalyzeSignals([33mTEST_TENANT[39m[33m,[39m signals)[33m;[39m
     [90m    |[39m                                          [31m[1m^[22m[39m
     [90m 43 |[39m
     [90m 44 |[39m       expect(result)[33m.[39mtoBeDefined()[33m;[39m
     [90m 45 |[39m       expect(result[33m.[39mincidentDetected)[33m.[39mtoBe([36mtrue[39m)[33m;[39m[0m

      at Object.analyzeSignals (tests/integration/agentIntegration.test.js:42:42)

  ● Agent Integration Tests › Analysis Agent › should correlate related service errors

    TypeError: analysisAgent.correlateSignals is not a function

    [0m [90m 55 |[39m       }[33m;[39m
     [90m 56 |[39m
    [31m[1m>[22m[39m[90m 57 |[39m       [36mconst[39m result [33m=[39m [36mawait[39m analysisAgent[33m.[39mcorrelateSignals([33mTEST_TENANT[39m[33m,[39m signals)[33m;[39m
     [90m    |[39m                                          [31m[1m^[22m[39m
     [90m 58 |[39m
     [90m 59 |[39m       expect(result)[33m.[39mtoBeDefined()[33m;[39m
     [90m 60 |[39m       expect(result[33m.[39mcorrelatedServices)[33m.[39mtoBeDefined()[33m;[39m[0m

      at Object.correlateSignals (tests/integration/agentIntegration.test.js:57:42)

  ● Agent Integration Tests › Analysis Agent › should filter out unrelated signals

    TypeError: analysisAgent.analyzeSignals is not a function

    [0m [90m 73 |[39m       }[33m;[39m
     [90m 74 |[39m
    [31m[1m>[22m[39m[90m 75 |[39m       [36mconst[39m result [33m=[39m [36mawait[39m analysisAgent[33m.[39manalyzeSignals([33mTEST_TENANT[39m[33m,[39m signals)[33m;[39m
     [90m    |[39m                                          [31m[1m^[22m[39m
     [90m 76 |[39m
     [90m 77 |[39m       [90m// Low severity signals should not trigger incident[39m
     [90m 78 |[39m       expect(result[33m.[39mincidentDetected)[33m.[39mtoBe([36mfalse[39m)[33m;[39m[0m

      at Object.analyzeSignals (tests/integration/agentIntegration.test.js:75:42)

  ● Agent Integration Tests › Analysis Agent › should handle multiple severity levels

    TypeError: analysisAgent.categorizeSeverity is not a function

    [0m [90m 88 |[39m
     [90m 89 |[39m       testCases[33m.[39mforEach(testCase [33m=>[39m {
    [31m[1m>[22m[39m[90m 90 |[39m         [36mconst[39m result [33m=[39m analysisAgent[33m.[39mcategorizeSeverity(testCase[33m.[39merrorRate)[33m;[39m
     [90m    |[39m                                      [31m[1m^[22m[39m
     [90m 91 |[39m         expect([[32m'LOW'[39m[33m,[39m [32m'MEDIUM'[39m[33m,[39m [32m'HIGH'[39m[33m,[39m [32m'CRITICAL'[39m])[33m.[39mtoContain(result)[33m;[39m
     [90m 92 |[39m       })[33m;[39m
     [90m 93 |[39m     })[33m;[39m[0m

      at categorizeSeverity (tests/integration/agentIntegration.test.js:90:38)
          at Array.forEach (<anonymous>)
      at Object.forEach (tests/integration/agentIntegration.test.js:89:17)

  ● Agent Integration Tests › Decision Agent › should make decisions based on incident context

    TypeError: decisionAgent.makeDecision is not a function

    [0m [90m 104 |[39m       }[33m;[39m
     [90m 105 |[39m
    [31m[1m>[22m[39m[90m 106 |[39m       [36mconst[39m decision [33m=[39m [36mawait[39m decisionAgent[33m.[39mmakeDecision([33mTEST_TENANT[39m[33m,[39m incidentContext)[33m;[39m
     [90m     |[39m                                            [31m[1m^[22m[39m
     [90m 107 |[39m
     [90m 108 |[39m       expect(decision)[33m.[39mtoBeDefined()[33m;[39m
     [90m 109 |[39m       expect([[32m'EXECUTE'[39m[33m,[39m [32m'ESCALATE'[39m[33m,[39m [32m'OBSERVE'[39m])[33m.[39mtoContain(decision[33m.[39maction)[33m;[39m[0m

      at Object.makeDecision (tests/integration/agentIntegration.test.js:106:44)

  ● Agent Integration Tests › Decision Agent › should evaluate policies before making decisions

    TypeError: decisionAgent.makeDecision is not a function

    [0m [90m 118 |[39m       }[33m;[39m
     [90m 119 |[39m
    [31m[1m>[22m[39m[90m 120 |[39m       [36mconst[39m decision [33m=[39m [36mawait[39m decisionAgent[33m.[39mmakeDecision([33mTEST_TENANT[39m[33m,[39m incidentContext)[33m;[39m
     [90m     |[39m                                            [31m[1m^[22m[39m
     [90m 121 |[39m
     [90m 122 |[39m       expect(decision[33m.[39mpolicyEvaluated)[33m.[39mtoBe([36mtrue[39m)[33m;[39m
     [90m 123 |[39m       expect(decision[33m.[39mpolicyApproved)[33m.[39mtoBeDefined()[33m;[39m[0m

      at Object.makeDecision (tests/integration/agentIntegration.test.js:120:44)

  ● Agent Integration Tests › Decision Agent › should apply confidence thresholds

    TypeError: decisionAgent.makeDecision is not a function

    [0m [90m 137 |[39m       }[33m;[39m
     [90m 138 |[39m
    [31m[1m>[22m[39m[90m 139 |[39m       [36mconst[39m lowConfidenceDecision [33m=[39m [36mawait[39m decisionAgent[33m.[39mmakeDecision([33mTEST_TENANT[39m[33m,[39m lowConfidenceContext)[33m;[39m
     [90m     |[39m                                                         [31m[1m^[22m[39m
     [90m 140 |[39m       [36mconst[39m highConfidenceDecision [33m=[39m [36mawait[39m decisionAgent[33m.[39mmakeDecision([33mTEST_TENANT[39m[33m,[39m highConfidenceContext)[33m;[39m
     [90m 141 |[39m
     [90m 142 |[39m       [90m// Low confidence should escalate rather than execute[39m[0m

      at Object.makeDecision (tests/integration/agentIntegration.test.js:139:57)

  ● Agent Integration Tests › Decision Agent › should require approval for dangerous actions

    TypeError: decisionAgent.makeDecision is not a function

    [0m [90m 155 |[39m       }[33m;[39m
     [90m 156 |[39m
    [31m[1m>[22m[39m[90m 157 |[39m       [36mconst[39m decision [33m=[39m [36mawait[39m decisionAgent[33m.[39mmakeDecision([33mTEST_TENANT[39m[33m,[39m criticalContext)[33m;[39m
     [90m     |[39m                                            [31m[1m^[22m[39m
     [90m 158 |[39m
     [90m 159 |[39m       [36mif[39m (decision[33m.[39maction [33m===[39m [32m'EXECUTE'[39m) {
     [90m 160 |[39m         expect(decision[33m.[39mapprovalRequired)[33m.[39mtoBe([36mtrue[39m)[33m;[39m[0m

      at Object.makeDecision (tests/integration/agentIntegration.test.js:157:44)

  ● Agent Integration Tests › Decision Agent › should reject decisions when confidence too low

    TypeError: decisionAgent.makeDecision is not a function

    [0m [90m 169 |[39m       }[33m;[39m
     [90m 170 |[39m
    [31m[1m>[22m[39m[90m 171 |[39m       [36mconst[39m decision [33m=[39m [36mawait[39m decisionAgent[33m.[39mmakeDecision([33mTEST_TENANT[39m[33m,[39m veryLowConfidenceContext)[33m;[39m
     [90m     |[39m                                            [31m[1m^[22m[39m
     [90m 172 |[39m
     [90m 173 |[39m       expect(decision[33m.[39maction)[33m.[39mnot[33m.[39mtoBe([32m'EXECUTE'[39m)[33m;[39m
     [90m 174 |[39m     })[33m;[39m[0m

      at Object.makeDecision (tests/integration/agentIntegration.test.js:171:44)

  ● Agent Integration Tests › Action Agent › should execute approved actions

    TypeError: actionAgent.executeAction is not a function

    [0m [90m 187 |[39m       }[33m;[39m
     [90m 188 |[39m
    [31m[1m>[22m[39m[90m 189 |[39m       [36mconst[39m result [33m=[39m [36mawait[39m actionAgent[33m.[39mexecuteAction([33mTEST_TENANT[39m[33m,[39m action[33m,[39m [36mtrue[39m)[33m;[39m [90m// approved[39m
     [90m     |[39m                                        [31m[1m^[22m[39m
     [90m 190 |[39m
     [90m 191 |[39m       expect(result)[33m.[39mtoBeDefined()[33m;[39m
     [90m 192 |[39m       expect(result[33m.[39mstatus)[33m.[39mtoBeDefined()[33m;[39m[0m

      at Object.executeAction (tests/integration/agentIntegration.test.js:189:40)

  ● Agent Integration Tests › Action Agent › should reject unapproved dangerous actions

    TypeError: actionAgent.executeAction is not a function

    [0m [90m 202 |[39m       }[33m;[39m
     [90m 203 |[39m
    [31m[1m>[22m[39m[90m 204 |[39m       [36mconst[39m result [33m=[39m [36mawait[39m actionAgent[33m.[39mexecuteAction([33mTEST_TENANT[39m[33m,[39m dangerousAction[33m,[39m [36mfalse[39m)[33m;[39m [90m// not approved[39m
     [90m     |[39m                                        [31m[1m^[22m[39m
     [90m 205 |[39m
     [90m 206 |[39m       expect(result[33m.[39mstatus)[33m.[39mtoBe([32m'REJECTED'[39m)[33m;[39m
     [90m 207 |[39m       expect(result[33m.[39mreason)[33m.[39mtoContain([32m'approval'[39m)[33m;[39m[0m

      at Object.executeAction (tests/integration/agentIntegration.test.js:204:40)

  ● Agent Integration Tests › Action Agent › should handle safe actions without approval

    TypeError: actionAgent.executeAction is not a function

    [0m [90m 216 |[39m       }[33m;[39m
     [90m 217 |[39m
    [31m[1m>[22m[39m[90m 218 |[39m       [36mconst[39m result [33m=[39m [36mawait[39m actionAgent[33m.[39mexecuteAction([33mTEST_TENANT[39m[33m,[39m safeAction[33m,[39m [36mfalse[39m)[33m;[39m
     [90m     |[39m                                        [31m[1m^[22m[39m
     [90m 219 |[39m
     [90m 220 |[39m       expect([[32m'INITIATED'[39m[33m,[39m [32m'RUNNING'[39m[33m,[39m [32m'COMPLETED'[39m[33m,[39m [32m'FAILED'[39m])[33m.[39mtoContain(result[33m.[39mstatus)[33m;[39m
     [90m 221 |[39m     })[33m;[39m[0m

      at Object.executeAction (tests/integration/agentIntegration.test.js:218:40)

  ● Agent Integration Tests › Action Agent › should timeout long-running actions

    TypeError: actionAgent.executeAction is not a function

    [0m [90m 231 |[39m       }[33m;[39m
     [90m 232 |[39m
    [31m[1m>[22m[39m[90m 233 |[39m       [36mconst[39m result [33m=[39m [36mawait[39m actionAgent[33m.[39mexecuteAction([33mTEST_TENANT[39m[33m,[39m slowAction[33m,[39m [36mtrue[39m)[33m;[39m
     [90m     |[39m                                        [31m[1m^[22m[39m
     [90m 234 |[39m
     [90m 235 |[39m       [90m// May timeout or complete, depending on implementation[39m
     [90m 236 |[39m       expect(result[33m.[39mstatus)[33m.[39mtoBeDefined()[33m;[39m[0m

      at Object.executeAction (tests/integration/agentIntegration.test.js:233:40)

  ● Agent Integration Tests › Action Agent › should track action execution history

    TypeError: actionAgent.executeAction is not a function

    [0m [90m 245 |[39m       }[33m;[39m
     [90m 246 |[39m
    [31m[1m>[22m[39m[90m 247 |[39m       [36mconst[39m result [33m=[39m [36mawait[39m actionAgent[33m.[39mexecuteAction([33mTEST_TENANT[39m[33m,[39m action[33m,[39m [36mtrue[39m)[33m;[39m
     [90m     |[39m                                        [31m[1m^[22m[39m
     [90m 248 |[39m
     [90m 249 |[39m       expect(result[33m.[39mexecutionId)[33m.[39mtoBeDefined()[33m;[39m
     [90m 250 |[39m       expect(result[33m.[39mtimestamp)[33m.[39mtoBeDefined()[33m;[39m[0m

      at Object.executeAction (tests/integration/agentIntegration.test.js:247:40)

  ● Agent Integration Tests › Batch Decision Agent › should process multiple incidents in batch

    TypeError: batchDecisionAgent.processBatch is not a function

    [0m [90m 276 |[39m       ][33m;[39m
     [90m 277 |[39m
    [31m[1m>[22m[39m[90m 278 |[39m       [36mconst[39m results [33m=[39m [36mawait[39m batchDecisionAgent[33m.[39mprocessBatch([33mTEST_TENANT[39m[33m,[39m incidents)[33m;[39m
     [90m     |[39m                                                [31m[1m^[22m[39m
     [90m 279 |[39m
     [90m 280 |[39m       expect(results)[33m.[39mtoBeDefined()[33m;[39m
     [90m 281 |[39m       expect(results[33m.[39mlength)[33m.[39mtoBe(incidents[33m.[39mlength)[33m;[39m[0m

      at Object.processBatch (tests/integration/agentIntegration.test.js:278:48)

  ● Agent Integration Tests › Batch Decision Agent › should handle mixed severity incidents

    TypeError: batchDecisionAgent.processBatch is not a function

    [0m [90m 292 |[39m       ][33m;[39m
     [90m 293 |[39m
    [31m[1m>[22m[39m[90m 294 |[39m       [36mconst[39m results [33m=[39m [36mawait[39m batchDecisionAgent[33m.[39mprocessBatch([33mTEST_TENANT[39m[33m,[39m incidents)[33m;[39m
     [90m     |[39m                                                [31m[1m^[22m[39m
     [90m 295 |[39m
     [90m 296 |[39m       expect(results[33m.[39mlength)[33m.[39mtoBe([35m2[39m)[33m;[39m
     [90m 297 |[39m       expect(results[[35m0[39m][33m.[39mdecision)[33m.[39mtoBeDefined()[33m;[39m[0m

      at Object.processBatch (tests/integration/agentIntegration.test.js:294:48)

  ● Agent Integration Tests › Batch Decision Agent › should optimize batch processing for performance

    TypeError: batchDecisionAgent.processBatch is not a function

    [0m [90m 308 |[39m
     [90m 309 |[39m       [36mconst[39m startTime [33m=[39m [33mDate[39m[33m.[39mnow()[33m;[39m
    [31m[1m>[22m[39m[90m 310 |[39m       [36mconst[39m results [33m=[39m [36mawait[39m batchDecisionAgent[33m.[39mprocessBatch([33mTEST_TENANT[39m[33m,[39m manyIncidents)[33m;[39m
     [90m     |[39m                                                [31m[1m^[22m[39m
     [90m 311 |[39m       [36mconst[39m elapsed [33m=[39m [33mDate[39m[33m.[39mnow() [33m-[39m startTime[33m;[39m
     [90m 312 |[39m
     [90m 313 |[39m       expect(results[33m.[39mlength)[33m.[39mtoBe(manyIncidents[33m.[39mlength)[33m;[39m[0m

      at Object.processBatch (tests/integration/agentIntegration.test.js:310:48)

  ● Agent Integration Tests › Batch Decision Agent › should handle empty batch gracefully

    TypeError: batchDecisionAgent.processBatch is not a function

    [0m [90m 318 |[39m       [36mconst[39m emptyBatch [33m=[39m [][33m;[39m
     [90m 319 |[39m
    [31m[1m>[22m[39m[90m 320 |[39m       [36mconst[39m results [33m=[39m [36mawait[39m batchDecisionAgent[33m.[39mprocessBatch([33mTEST_TENANT[39m[33m,[39m emptyBatch)[33m;[39m
     [90m     |[39m                                                [31m[1m^[22m[39m
     [90m 321 |[39m
     [90m 322 |[39m       expect(results)[33m.[39mtoBeDefined()[33m;[39m
     [90m 323 |[39m       expect(results[33m.[39mlength)[33m.[39mtoBe([35m0[39m)[33m;[39m[0m

      at Object.processBatch (tests/integration/agentIntegration.test.js:320:48)

  ● Agent Integration Tests › Batch Decision Agent › should handle invalid incidents in batch

    TypeError: batchDecisionAgent.processBatch is not a function

    [0m [90m 331 |[39m       ][33m;[39m
     [90m 332 |[39m
    [31m[1m>[22m[39m[90m 333 |[39m       [36mconst[39m results [33m=[39m [36mawait[39m batchDecisionAgent[33m.[39mprocessBatch([33mTEST_TENANT[39m[33m,[39m mixedBatch)[33m;[39m
     [90m     |[39m                                                [31m[1m^[22m[39m
     [90m 334 |[39m
     [90m 335 |[39m       [90m// Should process valid incidents and handle/skip invalid ones[39m
     [90m 336 |[39m       expect(results)[33m.[39mtoBeDefined()[33m;[39m[0m

      at Object.processBatch (tests/integration/agentIntegration.test.js:333:48)

  ● Agent Integration Tests › Agent Cooperation Workflow › should execute complete incident resolution workflow

    TypeError: analysisAgent.analyzeSignals is not a function

    [0m [90m 349 |[39m       }[33m;[39m
     [90m 350 |[39m
    [31m[1m>[22m[39m[90m 351 |[39m       [36mconst[39m analysis [33m=[39m [36mawait[39m analysisAgent[33m.[39manalyzeSignals([33mTEST_TENANT[39m[33m,[39m signals)[33m;[39m
     [90m     |[39m                                            [31m[1m^[22m[39m
     [90m 352 |[39m       expect(analysis[33m.[39mincidentDetected)[33m.[39mtoBe([36mtrue[39m)[33m;[39m
     [90m 353 |[39m
     [90m 354 |[39m       [90m// Step 2: Decision Agent makes decision[39m[0m

      at Object.analyzeSignals (tests/integration/agentIntegration.test.js:351:44)

  ● Agent Integration Tests › Agent Cooperation Workflow › should handle escalation to human review

    TypeError: analysisAgent.analyzeSignals is not a function

    [0m [90m 382 |[39m       }[33m;[39m
     [90m 383 |[39m
    [31m[1m>[22m[39m[90m 384 |[39m       [36mconst[39m analysis [33m=[39m [36mawait[39m analysisAgent[33m.[39manalyzeSignals([33mTEST_TENANT[39m[33m,[39m signals)[33m;[39m
     [90m     |[39m                                            [31m[1m^[22m[39m
     [90m 385 |[39m       [36mconst[39m decision [33m=[39m [36mawait[39m decisionAgent[33m.[39mmakeDecision([33mTEST_TENANT[39m[33m,[39m {
     [90m 386 |[39m         severity[33m:[39m analysis[33m.[39mseverity[33m,[39m
     [90m 387 |[39m         errorRate[33m:[39m signals[33m.[39merrorRate[33m,[39m[0m

      at Object.analyzeSignals (tests/integration/agentIntegration.test.js:384:44)

  ● Agent Integration Tests › Agent Cooperation Workflow › should learn from feedback loop

    TypeError: analysisAgent.analyzeSignals is not a function

    [0m [90m 401 |[39m       }[33m;[39m
     [90m 402 |[39m
    [31m[1m>[22m[39m[90m 403 |[39m       [36mconst[39m analysis [33m=[39m [36mawait[39m analysisAgent[33m.[39manalyzeSignals([33mTEST_TENANT[39m[33m,[39m signals)[33m;[39m
     [90m     |[39m                                            [31m[1m^[22m[39m
     [90m 404 |[39m       [36mconst[39m decision [33m=[39m [36mawait[39m decisionAgent[33m.[39mmakeDecision([33mTEST_TENANT[39m[33m,[39m {
     [90m 405 |[39m         severity[33m:[39m analysis[33m.[39mseverity[33m,[39m
     [90m 406 |[39m         errorRate[33m:[39m signals[33m.[39merrorRate[33m,[39m[0m

      at Object.analyzeSignals (tests/integration/agentIntegration.test.js:403:44)

  ● Agent Integration Tests › Agent Error Handling › should handle concurrent agent calls

    TypeError: analysisAgent.analyzeSignals is not a function

    [0m [90m 460 |[39m       [36mconst[39m promises [33m=[39m [][33m;[39m
     [90m 461 |[39m       [36mfor[39m ([36mlet[39m i [33m=[39m [35m0[39m[33m;[39m i [33m<[39m [35m10[39m[33m;[39m i[33m++[39m) {
    [31m[1m>[22m[39m[90m 462 |[39m         promises[33m.[39mpush(analysisAgent[33m.[39manalyzeSignals([33mTEST_TENANT[39m[33m,[39m signals))[33m;[39m
     [90m     |[39m                                     [31m[1m^[22m[39m
     [90m 463 |[39m       }
     [90m 464 |[39m
     [90m 465 |[39m       [36mconst[39m results [33m=[39m [36mawait[39m [33mPromise[39m[33m.[39mall(promises)[33m;[39m[0m

      at Object.analyzeSignals (tests/integration/agentIntegration.test.js:462:37)

  ● Agent Integration Tests › Agent Performance › should analyze signals within SLA

    TypeError: analysisAgent.analyzeSignals is not a function

    [0m [90m 480 |[39m
     [90m 481 |[39m       [36mconst[39m startTime [33m=[39m [33mDate[39m[33m.[39mnow()[33m;[39m
    [31m[1m>[22m[39m[90m 482 |[39m       [36mconst[39m result [33m=[39m [36mawait[39m analysisAgent[33m.[39manalyzeSignals([33mTEST_TENANT[39m[33m,[39m signals)[33m;[39m
     [90m     |[39m                                          [31m[1m^[22m[39m
     [90m 483 |[39m       [36mconst[39m elapsed [33m=[39m [33mDate[39m[33m.[39mnow() [33m-[39m startTime[33m;[39m
     [90m 484 |[39m
     [90m 485 |[39m       expect(result)[33m.[39mtoBeDefined()[33m;[39m[0m

      at Object.analyzeSignals (tests/integration/agentIntegration.test.js:482:42)

  ● Agent Integration Tests › Agent Performance › should make decisions within SLA

    TypeError: decisionAgent.makeDecision is not a function

    [0m [90m 495 |[39m
     [90m 496 |[39m       [36mconst[39m startTime [33m=[39m [33mDate[39m[33m.[39mnow()[33m;[39m
    [31m[1m>[22m[39m[90m 497 |[39m       [36mconst[39m result [33m=[39m [36mawait[39m decisionAgent[33m.[39mmakeDecision([33mTEST_TENANT[39m[33m,[39m context)[33m;[39m
     [90m     |[39m                                          [31m[1m^[22m[39m
     [90m 498 |[39m       [36mconst[39m elapsed [33m=[39m [33mDate[39m[33m.[39mnow() [33m-[39m startTime[33m;[39m
     [90m 499 |[39m
     [90m 500 |[39m       expect(result)[33m.[39mtoBeDefined()[33m;[39m[0m

      at Object.makeDecision (tests/integration/agentIntegration.test.js:497:42)

  ● Agent Integration Tests › Agent Performance › should execute actions within timeout

    TypeError: actionAgent.executeAction is not a function

    [0m [90m 511 |[39m
     [90m 512 |[39m       [36mconst[39m startTime [33m=[39m [33mDate[39m[33m.[39mnow()[33m;[39m
    [31m[1m>[22m[39m[90m 513 |[39m       [36mconst[39m result [33m=[39m [36mawait[39m actionAgent[33m.[39mexecuteAction([33mTEST_TENANT[39m[33m,[39m action[33m,[39m [36mtrue[39m)[33m;[39m
     [90m     |[39m                                        [31m[1m^[22m[39m
     [90m 514 |[39m       [36mconst[39m elapsed [33m=[39m [33mDate[39m[33m.[39mnow() [33m-[39m startTime[33m;[39m
     [90m 515 |[39m
     [90m 516 |[39m       expect(result)[33m.[39mtoBeDefined()[33m;[39m[0m

      at Object.executeAction (tests/integration/agentIntegration.test.js:513:40)

FAIL tests/phase3-chaos.test.js
  ● PHASE 3: Chaos Testing › High Load / Incident Storm › should handle incident storm without crashing

    expect(received).toBe(expected) // Object.is equality

    Expected: 100
    Received: undefined

    [0m [90m 303 |[39m       [36mconst[39m incidents [33m=[39m [33mLoadChaosInjector[39m[33m.[39minjectIncidentStorm(incidentCount[33m,[39m [36mnull[39m)[33m;[39m
     [90m 304 |[39m
    [31m[1m>[22m[39m[90m 305 |[39m       expect(incidents[33m.[39mlength)[33m.[39mtoBe(incidentCount)[33m;[39m
     [90m     |[39m                                [31m[1m^[22m[39m
     [90m 306 |[39m       expect(incidents[[35m0[39m])[33m.[39mtoHaveProperty([32m'id'[39m)[33m;[39m
     [90m 307 |[39m       expect(incidents[[35m0[39m])[33m.[39mtoHaveProperty([32m'severity'[39m)[33m;[39m
     [90m 308 |[39m       expect(incidents[[35m0[39m])[33m.[39mtoHaveProperty([32m'pattern'[39m)[33m;[39m[0m

      at Object.toBe (tests/phase3-chaos.test.js:305:32)

  ● PHASE 3: Chaos Testing › High Load / Incident Storm › should measure throughput under load

    TypeError: incidents is not iterable

    [0m [90m 372 |[39m     [36mconst[39m results [33m=[39m [][33m;[39m
     [90m 373 |[39m
    [31m[1m>[22m[39m[90m 374 |[39m     [36mfor[39m ([36mconst[39m incident [36mof[39m incidents) {
     [90m     |[39m                            [31m[1m^[22m[39m
     [90m 375 |[39m       [36mtry[39m {
     [90m 376 |[39m         [36mconst[39m decisionStartTime [33m=[39m [33mDate[39m[33m.[39mnow()[33m;[39m
     [90m 377 |[39m         [36mconst[39m decision [33m=[39m [36mawait[39m decisionEngine[33m.[39mmakeDecision(incident)[33m;[39m[0m

      at Function.incidents [as measureLoadResponse] (services/chaos/chaosTestFramework.js:374:28)
      at Object.measureLoadResponse (tests/phase3-chaos.test.js:318:47)

FAIL tests/middleware/rateLimitingMiddleware.test.js
  ● Rate Limiting Middleware Security Tests › Edge Cases › should handle zero limit gracefully

    expect(received).toBe(expected) // Object.is equality

    Expected: false
    Received: true

    [0m [90m 205 |[39m     test([32m'should handle zero limit gracefully'[39m[33m,[39m [36masync[39m () [33m=>[39m {
     [90m 206 |[39m       [36mconst[39m result [33m=[39m [36mawait[39m rateLimiter[33m.[39mcheckLimit([33mTEST_TENANT[39m[33m,[39m [32m'api'[39m[33m,[39m [35m0[39m)[33m;[39m
    [31m[1m>[22m[39m[90m 207 |[39m       expect(result[33m.[39mallowed)[33m.[39mtoBe([36mfalse[39m)[33m;[39m
     [90m     |[39m                              [31m[1m^[22m[39m
     [90m 208 |[39m     })[33m;[39m
     [90m 209 |[39m
     [90m 210 |[39m     test([32m'should handle very high limits'[39m[33m,[39m [36masync[39m () [33m=>[39m {[0m

      at Object.toBe (tests/middleware/rateLimitingMiddleware.test.js:207:30)

FAIL tests/middleware/inputValidationMiddleware.test.js
  ● Input Validation Middleware Security Tests › Type Coercion and Validation › should accept numeric values for rate limits

    expect(received).toBe(expected) // Object.is equality

    Expected: "string"
    Received: "number"

    [0m [90m 449 |[39m       [36mconst[39m { error[33m,[39m value } [33m=[39m schema[33m.[39mvalidate(input[33m,[39m { convert[33m:[39m [36mtrue[39m })[33m;[39m
     [90m 450 |[39m       expect(error)[33m.[39mtoBeUndefined()[33m;[39m
    [31m[1m>[22m[39m[90m 451 |[39m       expect([36mtypeof[39m value[33m.[39mrateLimits[33m.[39mdecision)[33m.[39mtoBe([32m'string'[39m [33m||[39m [32m'number'[39m)[33m;[39m
     [90m     |[39m                                                [31m[1m^[22m[39m
     [90m 452 |[39m     })[33m;[39m
     [90m 453 |[39m
     [90m 454 |[39m     test([32m'should reject non-boolean values for boolean fields'[39m[33m,[39m () [33m=>[39m {[0m

      at Object.toBe (tests/middleware/inputValidationMiddleware.test.js:451:48)

FAIL tests/middleware/tenantIsolationMiddleware.test.js
  ● Tenant Isolation Middleware Security Tests › Error Handling › should respond with 500 on middleware error

    expect(jest.fn()).toHaveBeenCalledWith(...expected)

    Expected: 500
    Received: 401

    Number of calls: 1

    [0m [90m 530 |[39m
     [90m 531 |[39m       [36mif[39m (res[33m.[39mstatus[33m.[39mmock[33m.[39mcalls[33m.[39mlength [33m>[39m [35m0[39m) {
    [31m[1m>[22m[39m[90m 532 |[39m         expect(res[33m.[39mstatus)[33m.[39mtoHaveBeenCalledWith([35m500[39m)[33m;[39m
     [90m     |[39m                            [31m[1m^[22m[39m
     [90m 533 |[39m       }
     [90m 534 |[39m     })[33m;[39m
     [90m 535 |[39m   })[33m;[39m[0m

      at Object.toHaveBeenCalledWith (tests/middleware/tenantIsolationMiddleware.test.js:532:28)

FAIL tests/phase1-safety.test.js
  ● Test suite failed to run

    Cannot find module 'isomorphic-dompurify' from 'middleware/sanitizationMiddleware.js'

    Require stack:
      middleware/sanitizationMiddleware.js
      tests/phase1-safety.test.js

    [0m [90m 18 |[39m [90m */[39m
     [90m 19 |[39m
    [31m[1m>[22m[39m[90m 20 |[39m [36mconst[39m [33mDOMPurify[39m [33m=[39m require([32m'isomorphic-dompurify'[39m)[33m;[39m
     [90m    |[39m                   [31m[1m^[22m[39m
     [90m 21 |[39m
     [90m 22 |[39m [90m/**[39m
     [90m 23 |[39m [90m * Configure DOMPurify with strict security rules[39m[0m

      at Resolver._throwModNotFoundError (node_modules/jest-resolve/build/resolver.js:427:11)
      at Object.require (middleware/sanitizationMiddleware.js:20:19)
      at Object.require (tests/phase1-safety.test.js:14:61)


Test Suites: 7 failed, 6 skipped, 25 passed, 32 of 38 total
Tests:       32 failed, 42 skipped, 434 passed, 508 total
Snapshots:   0 total
Time:        56.22 s
Ran all test suites.
